Configuration:
  Workload Type: SIFT10M
  Merge Method: ABLATION_C
  Dimension: 128
  Max Elements: 10000000
  Base Vectors: 10000000
  M: 32
  ef_construction: 64
  k: 100
  Query Vectors: 10000
  Iterations: 1
  Rerun: false
  Thread Count: 1
  cnt: 1
  Alpha: 1.05
  Save Index: true
loaded query vectors: 10000 vectors of dimension 128
fvecs_read: /ssd_root/dataset/ann_sift1b/gnd/idx_10M.ivecs
loaded ground-truth for 10000 queries, top 100
Merge method: ABLATION_C
Loaded merged index from: /ssd_root/jin467/merger/indexes/ablation_c_1_SIFT10M.hnsw
Start searching
set ef = 100
[search time: 4.192 s, pure query time: 4.173 s] ef=100
Intersection-merged index R@100 = 0.8494

[search time: 4.175 s, pure query time: 4.156 s] ef=100
Intersection-merged index R@100 = 0.8494

[search time: 4.184 s, pure query time: 4.165 s] ef=100
Intersection-merged index R@100 = 0.8494

[search time: 4.162 s, pure query time: 4.143 s] ef=100
Intersection-merged index R@100 = 0.8494

[search time: 4.192 s, pure query time: 4.173 s] ef=100
Intersection-merged index R@100 = 0.8494

set ef = 120
[search time: 4.852 s, pure query time: 4.833 s] ef=120
Intersection-merged index R@100 = 0.8755

[search time: 4.878 s, pure query time: 4.858 s] ef=120
Intersection-merged index R@100 = 0.8755

[search time: 4.880 s, pure query time: 4.861 s] ef=120
Intersection-merged index R@100 = 0.8755

[search time: 4.849 s, pure query time: 4.829 s] ef=120
Intersection-merged index R@100 = 0.8755

[search time: 4.875 s, pure query time: 4.856 s] ef=120
Intersection-merged index R@100 = 0.8755

set ef = 140
[search time: 5.562 s, pure query time: 5.541 s] ef=140
Intersection-merged index R@100 = 0.8955

[search time: 5.532 s, pure query time: 5.511 s] ef=140
Intersection-merged index R@100 = 0.8955

[search time: 5.554 s, pure query time: 5.533 s] ef=140
Intersection-merged index R@100 = 0.8955

[search time: 5.567 s, pure query time: 5.546 s] ef=140
Intersection-merged index R@100 = 0.8955

[search time: 5.552 s, pure query time: 5.531 s] ef=140
Intersection-merged index R@100 = 0.8955

set ef = 160
[search time: 6.216 s, pure query time: 6.194 s] ef=160
Intersection-merged index R@100 = 0.9106

[search time: 6.230 s, pure query time: 6.207 s] ef=160
Intersection-merged index R@100 = 0.9106

[search time: 6.196 s, pure query time: 6.175 s] ef=160
Intersection-merged index R@100 = 0.9106

[search time: 6.232 s, pure query time: 6.210 s] ef=160
Intersection-merged index R@100 = 0.9106

[search time: 6.193 s, pure query time: 6.170 s] ef=160
Intersection-merged index R@100 = 0.9106

set ef = 180
[search time: 6.901 s, pure query time: 6.878 s] ef=180
Intersection-merged index R@100 = 0.9226

[search time: 6.862 s, pure query time: 6.839 s] ef=180
Intersection-merged index R@100 = 0.9226

[search time: 6.897 s, pure query time: 6.874 s] ef=180
Intersection-merged index R@100 = 0.9226

[search time: 6.863 s, pure query time: 6.840 s] ef=180
Intersection-merged index R@100 = 0.9226

[search time: 6.890 s, pure query time: 6.866 s] ef=180
Intersection-merged index R@100 = 0.9226

set ef = 200
[search time: 7.525 s, pure query time: 7.500 s] ef=200
Intersection-merged index R@100 = 0.9322

[search time: 7.572 s, pure query time: 7.547 s] ef=200
Intersection-merged index R@100 = 0.9322

[search time: 7.532 s, pure query time: 7.507 s] ef=200
Intersection-merged index R@100 = 0.9322

[search time: 7.567 s, pure query time: 7.542 s] ef=200
Intersection-merged index R@100 = 0.9322

[search time: 7.532 s, pure query time: 7.507 s] ef=200
Intersection-merged index R@100 = 0.9322

set ef = 250
[search time: 9.191 s, pure query time: 9.162 s] ef=250
Intersection-merged index R@100 = 0.9494

[search time: 9.185 s, pure query time: 9.157 s] ef=250
Intersection-merged index R@100 = 0.9494

[search time: 9.184 s, pure query time: 9.156 s] ef=250
Intersection-merged index R@100 = 0.9494

[search time: 9.199 s, pure query time: 9.170 s] ef=250
Intersection-merged index R@100 = 0.9494

[search time: 9.188 s, pure query time: 9.159 s] ef=250
Intersection-merged index R@100 = 0.9494

set ef = 300
[search time: 10.773 s, pure query time: 10.741 s] ef=300
Intersection-merged index R@100 = 0.9607

[search time: 10.788 s, pure query time: 10.757 s] ef=300
Intersection-merged index R@100 = 0.9607

[search time: 10.799 s, pure query time: 10.767 s] ef=300
Intersection-merged index R@100 = 0.9607

[search time: 10.794 s, pure query time: 10.763 s] ef=300
Intersection-merged index R@100 = 0.9607

[search time: 10.771 s, pure query time: 10.739 s] ef=300
Intersection-merged index R@100 = 0.9607

set ef = 400
[search time: 13.923 s, pure query time: 13.887 s] ef=400
Intersection-merged index R@100 = 0.9743

[search time: 13.923 s, pure query time: 13.887 s] ef=400
Intersection-merged index R@100 = 0.9743

[search time: 13.933 s, pure query time: 13.897 s] ef=400
Intersection-merged index R@100 = 0.9743

[search time: 13.923 s, pure query time: 13.888 s] ef=400
Intersection-merged index R@100 = 0.9743

[search time: 13.924 s, pure query time: 13.889 s] ef=400
Intersection-merged index R@100 = 0.9743

set ef = 500
[search time: 16.982 s, pure query time: 16.945 s] ef=500
Intersection-merged index R@100 = 0.9817

[search time: 16.991 s, pure query time: 16.953 s] ef=500
Intersection-merged index R@100 = 0.9817

[search time: 16.963 s, pure query time: 16.925 s] ef=500
Intersection-merged index R@100 = 0.9817

[search time: 16.963 s, pure query time: 16.926 s] ef=500
Intersection-merged index R@100 = 0.9817

[search time: 16.972 s, pure query time: 16.935 s] ef=500
Intersection-merged index R@100 = 0.9817

set ef = 600
[search time: 19.967 s, pure query time: 19.929 s] ef=600
Intersection-merged index R@100 = 0.9862

[search time: 19.927 s, pure query time: 19.889 s] ef=600
Intersection-merged index R@100 = 0.9862

[search time: 19.968 s, pure query time: 19.930 s] ef=600
Intersection-merged index R@100 = 0.9862

[search time: 19.945 s, pure query time: 19.907 s] ef=600
Intersection-merged index R@100 = 0.9862

[search time: 19.942 s, pure query time: 19.904 s] ef=600
Intersection-merged index R@100 = 0.9862

set ef = 700
[search time: 22.878 s, pure query time: 22.839 s] ef=700
Intersection-merged index R@100 = 0.9892

[search time: 22.875 s, pure query time: 22.836 s] ef=700
Intersection-merged index R@100 = 0.9892

[search time: 22.853 s, pure query time: 22.815 s] ef=700
Intersection-merged index R@100 = 0.9892

[search time: 22.893 s, pure query time: 22.854 s] ef=700
Intersection-merged index R@100 = 0.9892

[search time: 22.852 s, pure query time: 22.813 s] ef=700
Intersection-merged index R@100 = 0.9892

set ef = 800
[search time: 25.754 s, pure query time: 25.715 s] ef=800
Intersection-merged index R@100 = 0.9913

[search time: 25.752 s, pure query time: 25.712 s] ef=800
Intersection-merged index R@100 = 0.9913

[search time: 25.761 s, pure query time: 25.722 s] ef=800
Intersection-merged index R@100 = 0.9913

[search time: 25.755 s, pure query time: 25.716 s] ef=800
Intersection-merged index R@100 = 0.9913

[search time: 25.737 s, pure query time: 25.698 s] ef=800
Intersection-merged index R@100 = 0.9913

g++ -Wno-write-strings -Wno-unused-result -Wno-format  -O3 experiment.cpp -o exps -I/usr/local/include -L/usr/local/lib -fopenmp -lopenblas -llapack -ltbb
Configuration:
  Workload Type: SIFT10M
  Merge Method: ABLATION_C
  Dimension: 128
  Max Elements: 10000000
  Base Vectors: 10000000
  M: 32
  ef_construction: 64
  k: 100
  Query Vectors: 10000
  Iterations: 1
  Rerun: false
  Thread Count: 1
  cnt: 2
  Alpha: 1.05
  Save Index: false
loaded query vectors: 10000 vectors of dimension 128
fvecs_read: /ssd_root/dataset/ann_sift1b/gnd/idx_10M.ivecs
loaded ground-truth for 10000 queries, top 100
Merge method: ABLATION_C
Loaded merged index from: /ssd_root/jin467/merger/indexes/ablation_c_2_SIFT10M.hnsw
Start searching
set ef = 100
[search time: 4.289 s, pure query time: 4.271 s] ef=100
Intersection-merged index R@100 = 0.8588

[search time: 4.293 s, pure query time: 4.274 s] ef=100
Intersection-merged index R@100 = 0.8588

[search time: 4.288 s, pure query time: 4.269 s] ef=100
Intersection-merged index R@100 = 0.8588

[search time: 4.273 s, pure query time: 4.254 s] ef=100
Intersection-merged index R@100 = 0.8588

[search time: 4.283 s, pure query time: 4.264 s] ef=100
Intersection-merged index R@100 = 0.8588

set ef = 120
[search time: 4.985 s, pure query time: 4.965 s] ef=120
Intersection-merged index R@100 = 0.8837

[search time: 5.016 s, pure query time: 4.995 s] ef=120
Intersection-merged index R@100 = 0.8837

[search time: 4.979 s, pure query time: 4.959 s] ef=120
Intersection-merged index R@100 = 0.8837

[search time: 5.008 s, pure query time: 4.987 s] ef=120
Intersection-merged index R@100 = 0.8837

[search time: 4.995 s, pure query time: 4.975 s] ef=120
Intersection-merged index R@100 = 0.8837

set ef = 140
[search time: 5.685 s, pure query time: 5.663 s] ef=140
Intersection-merged index R@100 = 0.9025

[search time: 5.721 s, pure query time: 5.700 s] ef=140
Intersection-merged index R@100 = 0.9025

[search time: 5.691 s, pure query time: 5.669 s] ef=140
Intersection-merged index R@100 = 0.9025

[search time: 5.701 s, pure query time: 5.680 s] ef=140
Intersection-merged index R@100 = 0.9025

[search time: 5.704 s, pure query time: 5.683 s] ef=140
Intersection-merged index R@100 = 0.9025

set ef = 160
[search time: 6.409 s, pure query time: 6.386 s] ef=160
Intersection-merged index R@100 = 0.9166

[search time: 6.371 s, pure query time: 6.349 s] ef=160
Intersection-merged index R@100 = 0.9166

[search time: 6.396 s, pure query time: 6.374 s] ef=160
Intersection-merged index R@100 = 0.9166

[search time: 6.401 s, pure query time: 6.379 s] ef=160
Intersection-merged index R@100 = 0.9166

[search time: 6.412 s, pure query time: 6.389 s] ef=160
Intersection-merged index R@100 = 0.9166

set ef = 180
[search time: 7.092 s, pure query time: 7.068 s] ef=180
Intersection-merged index R@100 = 0.9279

[search time: 7.073 s, pure query time: 7.049 s] ef=180
Intersection-merged index R@100 = 0.9279

[search time: 7.096 s, pure query time: 7.072 s] ef=180
Intersection-merged index R@100 = 0.9279

[search time: 7.080 s, pure query time: 7.056 s] ef=180
Intersection-merged index R@100 = 0.9279

[search time: 7.102 s, pure query time: 7.078 s] ef=180
Intersection-merged index R@100 = 0.9279

set ef = 200
[search time: 7.775 s, pure query time: 7.750 s] ef=200
Intersection-merged index R@100 = 0.9368

[search time: 7.785 s, pure query time: 7.760 s] ef=200
Intersection-merged index R@100 = 0.9368

[search time: 7.768 s, pure query time: 7.742 s] ef=200
Intersection-merged index R@100 = 0.9368

[search time: 7.770 s, pure query time: 7.745 s] ef=200
Intersection-merged index R@100 = 0.9368

[search time: 7.759 s, pure query time: 7.734 s] ef=200
Intersection-merged index R@100 = 0.9368

set ef = 250
[search time: 9.444 s, pure query time: 9.416 s] ef=250
Intersection-merged index R@100 = 0.9531

[search time: 9.437 s, pure query time: 9.409 s] ef=250
Intersection-merged index R@100 = 0.9531

[search time: 9.435 s, pure query time: 9.399 s] ef=250
Intersection-merged index R@100 = 0.9531

[search time: 9.431 s, pure query time: 9.403 s] ef=250
Intersection-merged index R@100 = 0.9531

[search time: 9.431 s, pure query time: 9.403 s] ef=250
Intersection-merged index R@100 = 0.9531

set ef = 300
[search time: 11.101 s, pure query time: 11.071 s] ef=300
Intersection-merged index R@100 = 0.9636

[search time: 11.104 s, pure query time: 11.060 s] ef=300
Intersection-merged index R@100 = 0.9636

[search time: 11.074 s, pure query time: 11.043 s] ef=300
Intersection-merged index R@100 = 0.9636

[search time: 11.091 s, pure query time: 11.061 s] ef=300
Intersection-merged index R@100 = 0.9636

[search time: 11.110 s, pure query time: 11.080 s] ef=300
Intersection-merged index R@100 = 0.9636

set ef = 400
[search time: 14.284 s, pure query time: 14.250 s] ef=400
Intersection-merged index R@100 = 0.9762

[search time: 14.295 s, pure query time: 14.262 s] ef=400
Intersection-merged index R@100 = 0.9762

[search time: 14.322 s, pure query time: 14.289 s] ef=400
Intersection-merged index R@100 = 0.9762

[search time: 14.256 s, pure query time: 14.222 s] ef=400
Intersection-merged index R@100 = 0.9762

[search time: 14.249 s, pure query time: 14.215 s] ef=400
Intersection-merged index R@100 = 0.9762

set ef = 500
[search time: 17.365 s, pure query time: 17.329 s] ef=500
Intersection-merged index R@100 = 0.9831

[search time: 17.389 s, pure query time: 17.354 s] ef=500
Intersection-merged index R@100 = 0.9831

[search time: 17.374 s, pure query time: 17.339 s] ef=500
Intersection-merged index R@100 = 0.9831

[search time: 17.394 s, pure query time: 17.358 s] ef=500
Intersection-merged index R@100 = 0.9831

[search time: 17.367 s, pure query time: 17.331 s] ef=500
Intersection-merged index R@100 = 0.9831

set ef = 600
[search time: 20.382 s, pure query time: 20.345 s] ef=600
Intersection-merged index R@100 = 0.9872

[search time: 20.417 s, pure query time: 20.380 s] ef=600
Intersection-merged index R@100 = 0.9872

[search time: 20.418 s, pure query time: 20.381 s] ef=600
Intersection-merged index R@100 = 0.9872

[search time: 20.400 s, pure query time: 20.363 s] ef=600
Intersection-merged index R@100 = 0.9872

[search time: 20.432 s, pure query time: 20.396 s] ef=600
Intersection-merged index R@100 = 0.9872

set ef = 700
[search time: 23.365 s, pure query time: 23.328 s] ef=700
Intersection-merged index R@100 = 0.9901

[search time: 23.412 s, pure query time: 23.375 s] ef=700
Intersection-merged index R@100 = 0.9901

[search time: 23.381 s, pure query time: 23.344 s] ef=700
Intersection-merged index R@100 = 0.9901

[search time: 23.406 s, pure query time: 23.368 s] ef=700
Intersection-merged index R@100 = 0.9901

[search time: 23.396 s, pure query time: 23.359 s] ef=700
Intersection-merged index R@100 = 0.9901

set ef = 800
[search time: 26.344 s, pure query time: 26.306 s] ef=800
Intersection-merged index R@100 = 0.9920

[search time: 26.346 s, pure query time: 26.308 s] ef=800
Intersection-merged index R@100 = 0.9920

[search time: 26.358 s, pure query time: 26.320 s] ef=800
Intersection-merged index R@100 = 0.9920

[search time: 26.325 s, pure query time: 26.287 s] ef=800
Intersection-merged index R@100 = 0.9920

[search time: 26.337 s, pure query time: 26.299 s] ef=800
Intersection-merged index R@100 = 0.9920

g++ -Wno-write-strings -Wno-unused-result -Wno-format  -O3 experiment.cpp -o exps -I/usr/local/include -L/usr/local/lib -fopenmp -lopenblas -llapack -ltbb
Configuration:
  Workload Type: SIFT10M
  Merge Method: ABLATION_C
  Dimension: 128
  Max Elements: 10000000
  Base Vectors: 10000000
  M: 32
  ef_construction: 64
  k: 100
  Query Vectors: 10000
  Iterations: 1
  Rerun: false
  Thread Count: 1
  cnt: 3
  Alpha: 1.05
  Save Index: false
loaded query vectors: 10000 vectors of dimension 128
fvecs_read: /ssd_root/dataset/ann_sift1b/gnd/idx_10M.ivecs
loaded ground-truth for 10000 queries, top 100
Merge method: ABLATION_C
Loaded merged index from: /ssd_root/jin467/merger/indexes/ablation_c_3_SIFT10M.hnsw
Start searching
set ef = 100
[search time: 4.426 s, pure query time: 4.406 s] ef=100
Intersection-merged index R@100 = 0.8659

[search time: 4.413 s, pure query time: 4.393 s] ef=100
Intersection-merged index R@100 = 0.8659

[search time: 4.409 s, pure query time: 4.390 s] ef=100
Intersection-merged index R@100 = 0.8659

[search time: 4.404 s, pure query time: 4.385 s] ef=100
Intersection-merged index R@100 = 0.8659

[search time: 4.421 s, pure query time: 4.401 s] ef=100
Intersection-merged index R@100 = 0.8659

set ef = 120
[search time: 5.137 s, pure query time: 5.116 s] ef=120
Intersection-merged index R@100 = 0.8897

[search time: 5.152 s, pure query time: 5.131 s] ef=120
Intersection-merged index R@100 = 0.8897

[search time: 5.154 s, pure query time: 5.134 s] ef=120
Intersection-merged index R@100 = 0.8897

[search time: 5.136 s, pure query time: 5.116 s] ef=120
Intersection-merged index R@100 = 0.8897

[search time: 5.156 s, pure query time: 5.135 s] ef=120
Intersection-merged index R@100 = 0.8897

set ef = 140
[search time: 5.873 s, pure query time: 5.851 s] ef=140
Intersection-merged index R@100 = 0.9078

[search time: 5.863 s, pure query time: 5.841 s] ef=140
Intersection-merged index R@100 = 0.9078

[search time: 5.868 s, pure query time: 5.846 s] ef=140
Intersection-merged index R@100 = 0.9078

[search time: 5.892 s, pure query time: 5.870 s] ef=140
Intersection-merged index R@100 = 0.9078

[search time: 5.862 s, pure query time: 5.840 s] ef=140
Intersection-merged index R@100 = 0.9078

set ef = 160
[search time: 6.590 s, pure query time: 6.566 s] ef=160
Intersection-merged index R@100 = 0.9213

[search time: 6.582 s, pure query time: 6.559 s] ef=160
Intersection-merged index R@100 = 0.9213

[search time: 6.602 s, pure query time: 6.579 s] ef=160
Intersection-merged index R@100 = 0.9213

[search time: 6.604 s, pure query time: 6.580 s] ef=160
Intersection-merged index R@100 = 0.9213

[search time: 6.591 s, pure query time: 6.567 s] ef=160
Intersection-merged index R@100 = 0.9213

set ef = 180
[search time: 7.294 s, pure query time: 7.269 s] ef=180
Intersection-merged index R@100 = 0.9319

[search time: 7.292 s, pure query time: 7.267 s] ef=180
Intersection-merged index R@100 = 0.9319

[search time: 7.296 s, pure query time: 7.271 s] ef=180
Intersection-merged index R@100 = 0.9319

[search time: 7.294 s, pure query time: 7.269 s] ef=180
Intersection-merged index R@100 = 0.9319

[search time: 7.306 s, pure query time: 7.269 s] ef=180
Intersection-merged index R@100 = 0.9319

set ef = 200
[search time: 8.006 s, pure query time: 7.980 s] ef=200
Intersection-merged index R@100 = 0.9404

[search time: 8.010 s, pure query time: 7.983 s] ef=200
Intersection-merged index R@100 = 0.9404

[search time: 8.008 s, pure query time: 7.982 s] ef=200
Intersection-merged index R@100 = 0.9404

[search time: 8.005 s, pure query time: 7.978 s] ef=200
Intersection-merged index R@100 = 0.9404

[search time: 8.006 s, pure query time: 7.980 s] ef=200
Intersection-merged index R@100 = 0.9404

set ef = 250
[search time: 9.732 s, pure query time: 9.702 s] ef=250
Intersection-merged index R@100 = 0.9559

[search time: 9.729 s, pure query time: 9.699 s] ef=250
Intersection-merged index R@100 = 0.9559

[search time: 9.748 s, pure query time: 9.719 s] ef=250
Intersection-merged index R@100 = 0.9559

[search time: 9.736 s, pure query time: 9.706 s] ef=250
Intersection-merged index R@100 = 0.9559

[search time: 9.720 s, pure query time: 9.689 s] ef=250
Intersection-merged index R@100 = 0.9559

set ef = 300
[search time: 11.418 s, pure query time: 11.386 s] ef=300
Intersection-merged index R@100 = 0.9659

[search time: 11.425 s, pure query time: 11.394 s] ef=300
Intersection-merged index R@100 = 0.9659

[search time: 11.433 s, pure query time: 11.401 s] ef=300
Intersection-merged index R@100 = 0.9659

[search time: 11.467 s, pure query time: 11.435 s] ef=300
Intersection-merged index R@100 = 0.9659

[search time: 11.411 s, pure query time: 11.379 s] ef=300
Intersection-merged index R@100 = 0.9659

set ef = 400
[search time: 14.741 s, pure query time: 14.706 s] ef=400
Intersection-merged index R@100 = 0.9777

[search time: 14.738 s, pure query time: 14.703 s] ef=400
Intersection-merged index R@100 = 0.9777

[search time: 14.720 s, pure query time: 14.685 s] ef=400
Intersection-merged index R@100 = 0.9777

[search time: 14.720 s, pure query time: 14.685 s] ef=400
Intersection-merged index R@100 = 0.9777

[search time: 14.726 s, pure query time: 14.691 s] ef=400
Intersection-merged index R@100 = 0.9777

set ef = 500
[search time: 17.957 s, pure query time: 17.921 s] ef=500
Intersection-merged index R@100 = 0.9842

[search time: 17.947 s, pure query time: 17.910 s] ef=500
Intersection-merged index R@100 = 0.9842

[search time: 17.954 s, pure query time: 17.917 s] ef=500
Intersection-merged index R@100 = 0.9842

[search time: 17.942 s, pure query time: 17.893 s] ef=500
Intersection-merged index R@100 = 0.9842

[search time: 17.935 s, pure query time: 17.899 s] ef=500
Intersection-merged index R@100 = 0.9842

set ef = 600
[search time: 21.107 s, pure query time: 21.070 s] ef=600
Intersection-merged index R@100 = 0.9880

[search time: 21.073 s, pure query time: 21.036 s] ef=600
Intersection-merged index R@100 = 0.9880

[search time: 21.110 s, pure query time: 21.073 s] ef=600
Intersection-merged index R@100 = 0.9880

[search time: 21.076 s, pure query time: 21.026 s] ef=600
Intersection-merged index R@100 = 0.9880

[search time: 21.096 s, pure query time: 21.058 s] ef=600
Intersection-merged index R@100 = 0.9880

set ef = 700
[search time: 24.166 s, pure query time: 24.128 s] ef=700
Intersection-merged index R@100 = 0.9907

[search time: 24.168 s, pure query time: 24.130 s] ef=700
Intersection-merged index R@100 = 0.9907

[search time: 24.166 s, pure query time: 24.128 s] ef=700
Intersection-merged index R@100 = 0.9907

[search time: 24.173 s, pure query time: 24.135 s] ef=700
Intersection-merged index R@100 = 0.9907

[search time: 24.162 s, pure query time: 24.124 s] ef=700
Intersection-merged index R@100 = 0.9907

set ef = 800
[search time: 27.195 s, pure query time: 27.156 s] ef=800
Intersection-merged index R@100 = 0.9926

[search time: 27.207 s, pure query time: 27.168 s] ef=800
Intersection-merged index R@100 = 0.9926

[search time: 27.220 s, pure query time: 27.181 s] ef=800
Intersection-merged index R@100 = 0.9926

[search time: 27.198 s, pure query time: 27.160 s] ef=800
Intersection-merged index R@100 = 0.9926

[search time: 27.210 s, pure query time: 27.171 s] ef=800
Intersection-merged index R@100 = 0.9926

Configuration:
  Workload Type: SIFT10M
  Merge Method: ABLATION_C
  Dimension: 128
  Max Elements: 10000000
  Base Vectors: 10000000
  M: 32
  ef_construction: 64
  k: 100
  Query Vectors: 10000
  Iterations: 1
  Rerun: false
  Thread Count: 1
  cnt: 4
  Alpha: 1.05
  Save Index: false
loaded query vectors: 10000 vectors of dimension 128
fvecs_read: /ssd_root/dataset/ann_sift1b/gnd/idx_10M.ivecs
loaded ground-truth for 10000 queries, top 100
Merge method: ABLATION_C
Loaded merged index from: /ssd_root/jin467/merger/indexes/ablation_c_4_SIFT10M.hnsw
Start searching
set ef = 100
[search time: 4.504 s, pure query time: 4.485 s] ef=100
Intersection-merged index R@100 = 0.8718

[search time: 4.462 s, pure query time: 4.442 s] ef=100
Intersection-merged index R@100 = 0.8718

[search time: 4.490 s, pure query time: 4.471 s] ef=100
Intersection-merged index R@100 = 0.8718

set ef = 120
[search time: 5.203 s, pure query time: 5.183 s] ef=120
Intersection-merged index R@100 = 0.8949

[search time: 5.228 s, pure query time: 5.208 s] ef=120
Intersection-merged index R@100 = 0.8949

[search time: 5.239 s, pure query time: 5.219 s] ef=120
Intersection-merged index R@100 = 0.8949

set ef = 140
[search time: 5.950 s, pure query time: 5.929 s] ef=140
Intersection-merged index R@100 = 0.9122

[search time: 5.947 s, pure query time: 5.925 s] ef=140
Intersection-merged index R@100 = 0.9122

[search time: 5.959 s, pure query time: 5.938 s] ef=140
Intersection-merged index R@100 = 0.9122

set ef = 160
[search time: 6.694 s, pure query time: 6.671 s] ef=160
Intersection-merged index R@100 = 0.9252

[search time: 6.696 s, pure query time: 6.673 s] ef=160
Intersection-merged index R@100 = 0.9252

[search time: 6.691 s, pure query time: 6.668 s] ef=160
Intersection-merged index R@100 = 0.9252

set ef = 180
[search time: 7.399 s, pure query time: 7.375 s] ef=180
Intersection-merged index R@100 = 0.9353

[search time: 7.413 s, pure query time: 7.389 s] ef=180
Intersection-merged index R@100 = 0.9353

[search time: 7.398 s, pure query time: 7.374 s] ef=180
Intersection-merged index R@100 = 0.9353

set ef = 200
[search time: 8.118 s, pure query time: 8.092 s] ef=200
Intersection-merged index R@100 = 0.9435

[search time: 8.119 s, pure query time: 8.093 s] ef=200
Intersection-merged index R@100 = 0.9435

[search time: 8.129 s, pure query time: 8.104 s] ef=200
Intersection-merged index R@100 = 0.9435

set ef = 250
[search time: 9.861 s, pure query time: 9.832 s] ef=250
Intersection-merged index R@100 = 0.9582

[search time: 9.863 s, pure query time: 9.835 s] ef=250
Intersection-merged index R@100 = 0.9582

[search time: 9.874 s, pure query time: 9.845 s] ef=250
Intersection-merged index R@100 = 0.9582

set ef = 300
[search time: 11.593 s, pure query time: 11.562 s] ef=300
Intersection-merged index R@100 = 0.9678

[search time: 11.591 s, pure query time: 11.560 s] ef=300
Intersection-merged index R@100 = 0.9678

[search time: 11.563 s, pure query time: 11.532 s] ef=300
Intersection-merged index R@100 = 0.9678

set ef = 400
[search time: 14.881 s, pure query time: 14.848 s] ef=400
Intersection-merged index R@100 = 0.9790

[search time: 14.894 s, pure query time: 14.860 s] ef=400
Intersection-merged index R@100 = 0.9790

[search time: 14.888 s, pure query time: 14.855 s] ef=400
Intersection-merged index R@100 = 0.9790

set ef = 500
[search time: 18.139 s, pure query time: 18.104 s] ef=500
Intersection-merged index R@100 = 0.9851

[search time: 18.125 s, pure query time: 18.090 s] ef=500
Intersection-merged index R@100 = 0.9851

[search time: 18.135 s, pure query time: 18.100 s] ef=500
Intersection-merged index R@100 = 0.9851

set ef = 600
[search time: 21.323 s, pure query time: 21.287 s] ef=600
Intersection-merged index R@100 = 0.9887

[search time: 21.304 s, pure query time: 21.267 s] ef=600
Intersection-merged index R@100 = 0.9887

[search time: 21.332 s, pure query time: 21.296 s] ef=600
Intersection-merged index R@100 = 0.9887

set ef = 700
[search time: 24.411 s, pure query time: 24.374 s] ef=700
Intersection-merged index R@100 = 0.9913

[search time: 24.427 s, pure query time: 24.390 s] ef=700
Intersection-merged index R@100 = 0.9913

[search time: 24.440 s, pure query time: 24.404 s] ef=700
Intersection-merged index R@100 = 0.9913

set ef = 800
[search time: 27.508 s, pure query time: 27.470 s] ef=800
Intersection-merged index R@100 = 0.9930

[search time: 27.506 s, pure query time: 27.469 s] ef=800
Intersection-merged index R@100 = 0.9930

[search time: 27.503 s, pure query time: 27.466 s] ef=800
Intersection-merged index R@100 = 0.9930

Configuration:
  Workload Type: SIFT10M
  Merge Method: ABLATION_C
  Dimension: 128
  Max Elements: 10000000
  Base Vectors: 10000000
  M: 32
  ef_construction: 64
  k: 100
  Query Vectors: 10000
  Iterations: 1
  Rerun: false
  Thread Count: 1
  cnt: 5
  Alpha: 1.05
  Save Index: false
loaded query vectors: 10000 vectors of dimension 128
fvecs_read: /ssd_root/dataset/ann_sift1b/gnd/idx_10M.ivecs
loaded ground-truth for 10000 queries, top 100
Merge method: ABLATION_C
Loaded merged index from: /ssd_root/jin467/merger/indexes/ablation_c_5_SIFT10M.hnsw
Start searching
set ef = 100
[search time: 4.809 s, pure query time: 4.789 s] ef=100
Intersection-merged index R@100 = 0.8768

[search time: 4.462 s, pure query time: 4.443 s] ef=100
Intersection-merged index R@100 = 0.8768

[search time: 4.482 s, pure query time: 4.463 s] ef=100
Intersection-merged index R@100 = 0.8768

set ef = 120
[search time: 5.228 s, pure query time: 5.207 s] ef=120
Intersection-merged index R@100 = 0.8992

[search time: 5.209 s, pure query time: 5.188 s] ef=120
Intersection-merged index R@100 = 0.8992

[search time: 5.224 s, pure query time: 5.204 s] ef=120
Intersection-merged index R@100 = 0.8992

set ef = 140
[search time: 5.971 s, pure query time: 5.949 s] ef=140
Intersection-merged index R@100 = 0.9161

[search time: 5.941 s, pure query time: 5.920 s] ef=140
Intersection-merged index R@100 = 0.9161

[search time: 5.944 s, pure query time: 5.923 s] ef=140
Intersection-merged index R@100 = 0.9161

set ef = 160
[search time: 6.691 s, pure query time: 6.668 s] ef=160
Intersection-merged index R@100 = 0.9284

[search time: 6.689 s, pure query time: 6.666 s] ef=160
Intersection-merged index R@100 = 0.9284

[search time: 6.690 s, pure query time: 6.667 s] ef=160
Intersection-merged index R@100 = 0.9284

set ef = 180
[search time: 7.400 s, pure query time: 7.376 s] ef=180
Intersection-merged index R@100 = 0.9382

[search time: 7.403 s, pure query time: 7.379 s] ef=180
Intersection-merged index R@100 = 0.9382

[search time: 7.403 s, pure query time: 7.378 s] ef=180
Intersection-merged index R@100 = 0.9382

set ef = 200
[search time: 8.112 s, pure query time: 8.086 s] ef=200
Intersection-merged index R@100 = 0.9460

[search time: 8.115 s, pure query time: 8.089 s] ef=200
Intersection-merged index R@100 = 0.9460

[search time: 8.110 s, pure query time: 8.084 s] ef=200
Intersection-merged index R@100 = 0.9460

set ef = 250
[search time: 9.846 s, pure query time: 9.818 s] ef=250
Intersection-merged index R@100 = 0.9601

[search time: 9.865 s, pure query time: 9.836 s] ef=250
Intersection-merged index R@100 = 0.9601

[search time: 9.864 s, pure query time: 9.835 s] ef=250
Intersection-merged index R@100 = 0.9601

set ef = 300
[search time: 11.563 s, pure query time: 11.532 s] ef=300
Intersection-merged index R@100 = 0.9692

[search time: 11.579 s, pure query time: 11.548 s] ef=300
Intersection-merged index R@100 = 0.9692

[search time: 11.561 s, pure query time: 11.530 s] ef=300
Intersection-merged index R@100 = 0.9692

set ef = 400
[search time: 14.886 s, pure query time: 14.852 s] ef=400
Intersection-merged index R@100 = 0.9800

[search time: 14.869 s, pure query time: 14.835 s] ef=400
Intersection-merged index R@100 = 0.9800

[search time: 14.863 s, pure query time: 14.829 s] ef=400
Intersection-merged index R@100 = 0.9800

set ef = 500
[search time: 18.100 s, pure query time: 18.064 s] ef=500
Intersection-merged index R@100 = 0.9859

[search time: 18.090 s, pure query time: 18.054 s] ef=500
Intersection-merged index R@100 = 0.9859

[search time: 18.088 s, pure query time: 18.051 s] ef=500
Intersection-merged index R@100 = 0.9859

set ef = 600
[search time: 21.283 s, pure query time: 21.245 s] ef=600
Intersection-merged index R@100 = 0.9893

[search time: 21.247 s, pure query time: 21.210 s] ef=600
Intersection-merged index R@100 = 0.9893

[search time: 21.278 s, pure query time: 21.240 s] ef=600
Intersection-merged index R@100 = 0.9893

set ef = 700
[search time: 24.347 s, pure query time: 24.309 s] ef=700
Intersection-merged index R@100 = 0.9917

[search time: 24.363 s, pure query time: 24.325 s] ef=700
Intersection-merged index R@100 = 0.9917

[search time: 24.375 s, pure query time: 24.327 s] ef=700
Intersection-merged index R@100 = 0.9917

set ef = 800
[search time: 27.424 s, pure query time: 27.385 s] ef=800
Intersection-merged index R@100 = 0.9934

[search time: 27.417 s, pure query time: 27.378 s] ef=800
Intersection-merged index R@100 = 0.9934

[search time: 27.417 s, pure query time: 27.373 s] ef=800
Intersection-merged index R@100 = 0.9934

Configuration:
  Workload Type: SIFT10M
  Merge Method: ABLATION_C
  Dimension: 128
  Max Elements: 10000000
  Base Vectors: 10000000
  M: 32
  ef_construction: 64
  k: 100
  Query Vectors: 10000
  Iterations: 1
  Rerun: false
  Thread Count: 1
  cnt: 6
  Alpha: 1.05
  Save Index: false
loaded query vectors: 10000 vectors of dimension 128
fvecs_read: /ssd_root/dataset/ann_sift1b/gnd/idx_10M.ivecs
loaded ground-truth for 10000 queries, top 100
Merge method: ABLATION_C
Loaded merged index from: /ssd_root/jin467/merger/indexes/ablation_c_6_SIFT10M.hnsw
Start searching
set ef = 100
[search time: 4.553 s, pure query time: 4.534 s] ef=100
Intersection-merged index R@100 = 0.8809

[search time: 4.538 s, pure query time: 4.519 s] ef=100
Intersection-merged index R@100 = 0.8809

[search time: 4.540 s, pure query time: 4.520 s] ef=100
Intersection-merged index R@100 = 0.8809

set ef = 120
[search time: 5.288 s, pure query time: 5.267 s] ef=120
Intersection-merged index R@100 = 0.9029

[search time: 5.300 s, pure query time: 5.280 s] ef=120
Intersection-merged index R@100 = 0.9029

[search time: 5.304 s, pure query time: 5.284 s] ef=120
Intersection-merged index R@100 = 0.9029

set ef = 140
[search time: 6.032 s, pure query time: 6.011 s] ef=140
Intersection-merged index R@100 = 0.9191

[search time: 6.031 s, pure query time: 6.009 s] ef=140
Intersection-merged index R@100 = 0.9191

[search time: 6.050 s, pure query time: 6.028 s] ef=140
Intersection-merged index R@100 = 0.9191

set ef = 160
[search time: 6.784 s, pure query time: 6.761 s] ef=160
Intersection-merged index R@100 = 0.9312

[search time: 6.775 s, pure query time: 6.752 s] ef=160
Intersection-merged index R@100 = 0.9312

[search time: 6.768 s, pure query time: 6.745 s] ef=160
Intersection-merged index R@100 = 0.9312

set ef = 180
[search time: 7.506 s, pure query time: 7.481 s] ef=180
Intersection-merged index R@100 = 0.9407

[search time: 7.509 s, pure query time: 7.484 s] ef=180
Intersection-merged index R@100 = 0.9407

[search time: 7.489 s, pure query time: 7.464 s] ef=180
Intersection-merged index R@100 = 0.9407

set ef = 200
[search time: 8.232 s, pure query time: 8.206 s] ef=200
Intersection-merged index R@100 = 0.9481

[search time: 8.218 s, pure query time: 8.192 s] ef=200
Intersection-merged index R@100 = 0.9481

[search time: 8.231 s, pure query time: 8.205 s] ef=200
Intersection-merged index R@100 = 0.9481

set ef = 250
[search time: 10.048 s, pure query time: 10.018 s] ef=250
Intersection-merged index R@100 = 0.9618

[search time: 10.053 s, pure query time: 10.023 s] ef=250
Intersection-merged index R@100 = 0.9618

[search time: 10.070 s, pure query time: 10.040 s] ef=250
Intersection-merged index R@100 = 0.9618

set ef = 300
[search time: 11.788 s, pure query time: 11.756 s] ef=300
Intersection-merged index R@100 = 0.9706

[search time: 11.802 s, pure query time: 11.771 s] ef=300
Intersection-merged index R@100 = 0.9706

[search time: 11.794 s, pure query time: 11.763 s] ef=300
Intersection-merged index R@100 = 0.9706

set ef = 400
[search time: 15.178 s, pure query time: 15.144 s] ef=400
Intersection-merged index R@100 = 0.9809

[search time: 15.190 s, pure query time: 15.156 s] ef=400
Intersection-merged index R@100 = 0.9809

[search time: 15.190 s, pure query time: 15.156 s] ef=400
Intersection-merged index R@100 = 0.9809

set ef = 500
[search time: 18.516 s, pure query time: 18.481 s] ef=500
Intersection-merged index R@100 = 0.9865

[search time: 18.488 s, pure query time: 18.453 s] ef=500
Intersection-merged index R@100 = 0.9865

[search time: 18.517 s, pure query time: 18.481 s] ef=500
Intersection-merged index R@100 = 0.9865

set ef = 600
[search time: 21.711 s, pure query time: 21.674 s] ef=600
Intersection-merged index R@100 = 0.9899

[search time: 21.719 s, pure query time: 21.683 s] ef=600
Intersection-merged index R@100 = 0.9899

[search time: 21.730 s, pure query time: 21.694 s] ef=600
Intersection-merged index R@100 = 0.9899

set ef = 700
[search time: 24.889 s, pure query time: 24.852 s] ef=700
Intersection-merged index R@100 = 0.9921

[search time: 24.904 s, pure query time: 24.855 s] ef=700
Intersection-merged index R@100 = 0.9921

[search time: 24.899 s, pure query time: 24.862 s] ef=700
Intersection-merged index R@100 = 0.9921

set ef = 800
[search time: 27.994 s, pure query time: 27.956 s] ef=800
Intersection-merged index R@100 = 0.9938

[search time: 28.009 s, pure query time: 27.972 s] ef=800
Intersection-merged index R@100 = 0.9938

[search time: 28.004 s, pure query time: 27.967 s] ef=800
Intersection-merged index R@100 = 0.9938

Configuration:
  Workload Type: SIFT10M
  Merge Method: ABLATION_C
  Dimension: 128
  Max Elements: 10000000
  Base Vectors: 10000000
  M: 32
  ef_construction: 64
  k: 100
  Query Vectors: 10000
  Iterations: 1
  Rerun: false
  Thread Count: 1
  cnt: 7
  Alpha: 1.05
  Save Index: false
loaded query vectors: 10000 vectors of dimension 128
fvecs_read: /ssd_root/dataset/ann_sift1b/gnd/idx_10M.ivecs
loaded ground-truth for 10000 queries, top 100
Merge method: ABLATION_C
Loaded merged index from: /ssd_root/jin467/merger/indexes/ablation_c_7_SIFT10M.hnsw
Start searching
set ef = 100
[search time: 4.647 s, pure query time: 4.628 s] ef=100
Intersection-merged index R@100 = 0.8847

[search time: 4.627 s, pure query time: 4.608 s] ef=100
Intersection-merged index R@100 = 0.8847

[search time: 4.629 s, pure query time: 4.609 s] ef=100
Intersection-merged index R@100 = 0.8847

set ef = 120
[search time: 5.397 s, pure query time: 5.376 s] ef=120
Intersection-merged index R@100 = 0.9061

[search time: 5.405 s, pure query time: 5.384 s] ef=120
Intersection-merged index R@100 = 0.9061

[search time: 5.396 s, pure query time: 5.376 s] ef=120
Intersection-merged index R@100 = 0.9061

set ef = 140
[search time: 6.169 s, pure query time: 6.148 s] ef=140
Intersection-merged index R@100 = 0.9218

[search time: 6.147 s, pure query time: 6.125 s] ef=140
Intersection-merged index R@100 = 0.9218

[search time: 6.185 s, pure query time: 6.163 s] ef=140
Intersection-merged index R@100 = 0.9218

set ef = 160
[search time: 6.918 s, pure query time: 6.895 s] ef=160
Intersection-merged index R@100 = 0.9335

[search time: 6.923 s, pure query time: 6.900 s] ef=160
Intersection-merged index R@100 = 0.9335

[search time: 6.900 s, pure query time: 6.877 s] ef=160
Intersection-merged index R@100 = 0.9335

set ef = 180
[search time: 7.653 s, pure query time: 7.629 s] ef=180
Intersection-merged index R@100 = 0.9428

[search time: 7.661 s, pure query time: 7.637 s] ef=180
Intersection-merged index R@100 = 0.9428

[search time: 7.632 s, pure query time: 7.608 s] ef=180
Intersection-merged index R@100 = 0.9428

set ef = 200
[search time: 8.362 s, pure query time: 8.336 s] ef=200
Intersection-merged index R@100 = 0.9501

[search time: 8.345 s, pure query time: 8.319 s] ef=200
Intersection-merged index R@100 = 0.9501

[search time: 8.374 s, pure query time: 8.348 s] ef=200
Intersection-merged index R@100 = 0.9501

set ef = 250
[search time: 10.143 s, pure query time: 10.114 s] ef=250
Intersection-merged index R@100 = 0.9633

[search time: 10.151 s, pure query time: 10.122 s] ef=250
Intersection-merged index R@100 = 0.9633

[search time: 10.172 s, pure query time: 10.143 s] ef=250
Intersection-merged index R@100 = 0.9633

set ef = 300
[search time: 11.914 s, pure query time: 11.883 s] ef=300
Intersection-merged index R@100 = 0.9717

[search time: 11.898 s, pure query time: 11.867 s] ef=300
Intersection-merged index R@100 = 0.9717

[search time: 11.915 s, pure query time: 11.884 s] ef=300
Intersection-merged index R@100 = 0.9717

set ef = 400
[search time: 15.331 s, pure query time: 15.296 s] ef=400
Intersection-merged index R@100 = 0.9816

[search time: 15.344 s, pure query time: 15.310 s] ef=400
Intersection-merged index R@100 = 0.9816

[search time: 15.339 s, pure query time: 15.305 s] ef=400
Intersection-merged index R@100 = 0.9816

set ef = 500
[search time: 18.682 s, pure query time: 18.646 s] ef=500
Intersection-merged index R@100 = 0.9870

[search time: 18.664 s, pure query time: 18.629 s] ef=500
Intersection-merged index R@100 = 0.9870

[search time: 18.673 s, pure query time: 18.637 s] ef=500
Intersection-merged index R@100 = 0.9870

set ef = 600
[search time: 21.949 s, pure query time: 21.912 s] ef=600
Intersection-merged index R@100 = 0.9903

[search time: 21.916 s, pure query time: 21.880 s] ef=600
Intersection-merged index R@100 = 0.9903

[search time: 21.950 s, pure query time: 21.913 s] ef=600
Intersection-merged index R@100 = 0.9903

set ef = 700
[search time: 25.104 s, pure query time: 25.066 s] ef=700
Intersection-merged index R@100 = 0.9925

[search time: 25.117 s, pure query time: 25.080 s] ef=700
Intersection-merged index R@100 = 0.9925

[search time: 25.139 s, pure query time: 25.102 s] ef=700
Intersection-merged index R@100 = 0.9925

set ef = 800
[search time: 28.277 s, pure query time: 28.239 s] ef=800
Intersection-merged index R@100 = 0.9940

[search time: 28.279 s, pure query time: 28.241 s] ef=800
Intersection-merged index R@100 = 0.9940

[search time: 28.269 s, pure query time: 28.231 s] ef=800
Intersection-merged index R@100 = 0.9940

  Workload Type: SIFT10M
  Merge Method: ABLATION_C
  Dimension: 128
  Max Elements: 10000000
  Base Vectors: 10000000
  M: 32
  ef_construction: 64
  k: 100
  Query Vectors: 10000
  Iterations: 1
  Rerun: false
  Thread Count: 1
  cnt: 8
  Alpha: 1.05
  Save Index: false
loaded query vectors: 10000 vectors of dimension 128
fvecs_read: /ssd_root/dataset/ann_sift1b/gnd/idx_10M.ivecs
loaded ground-truth for 10000 queries, top 100
Merge method: ABLATION_C
Loaded merged index from: /ssd_root/jin467/merger/indexes/ablation_c_8_SIFT10M.hnsw
Start searching
set ef = 100
[search time: 4.720 s, pure query time: 4.701 s] ef=100
Intersection-merged index R@100 = 0.8881

[search time: 4.696 s, pure query time: 4.677 s] ef=100
Intersection-merged index R@100 = 0.8881

[search time: 4.721 s, pure query time: 4.701 s] ef=100
Intersection-merged index R@100 = 0.8881

set ef = 120
[search time: 5.485 s, pure query time: 5.465 s] ef=120
Intersection-merged index R@100 = 0.9090

[search time: 5.482 s, pure query time: 5.461 s] ef=120
Intersection-merged index R@100 = 0.9090

[search time: 5.488 s, pure query time: 5.467 s] ef=120
Intersection-merged index R@100 = 0.9090

set ef = 140
[search time: 6.268 s, pure query time: 6.235 s] ef=140
Intersection-merged index R@100 = 0.9244

[search time: 6.257 s, pure query time: 6.234 s] ef=140
Intersection-merged index R@100 = 0.9244

[search time: 6.240 s, pure query time: 6.218 s] ef=140
Intersection-merged index R@100 = 0.9244

set ef = 160
[search time: 7.007 s, pure query time: 6.983 s] ef=160
Intersection-merged index R@100 = 0.9358

[search time: 7.004 s, pure query time: 6.980 s] ef=160
Intersection-merged index R@100 = 0.9358

[search time: 7.016 s, pure query time: 6.993 s] ef=160
Intersection-merged index R@100 = 0.9358

set ef = 180
[search time: 7.763 s, pure query time: 7.738 s] ef=180
Intersection-merged index R@100 = 0.9449

[search time: 7.768 s, pure query time: 7.743 s] ef=180
Intersection-merged index R@100 = 0.9449

[search time: 7.762 s, pure query time: 7.737 s] ef=180
Intersection-merged index R@100 = 0.9449

set ef = 200
[search time: 8.518 s, pure query time: 8.491 s] ef=200
Intersection-merged index R@100 = 0.9518

[search time: 8.524 s, pure query time: 8.497 s] ef=200
Intersection-merged index R@100 = 0.9518

[search time: 8.506 s, pure query time: 8.480 s] ef=200
Intersection-merged index R@100 = 0.9518

set ef = 250
[search time: 10.317 s, pure query time: 10.287 s] ef=250
Intersection-merged index R@100 = 0.9646

[search time: 10.348 s, pure query time: 10.319 s] ef=250
Intersection-merged index R@100 = 0.9646

[search time: 10.340 s, pure query time: 10.310 s] ef=250
Intersection-merged index R@100 = 0.9646

set ef = 300
[search time: 12.118 s, pure query time: 12.087 s] ef=300
Intersection-merged index R@100 = 0.9728

[search time: 12.122 s, pure query time: 12.091 s] ef=300
Intersection-merged index R@100 = 0.9728

[search time: 12.137 s, pure query time: 12.105 s] ef=300
Intersection-merged index R@100 = 0.9728

set ef = 400
[search time: 15.617 s, pure query time: 15.583 s] ef=400
Intersection-merged index R@100 = 0.9824

[search time: 15.608 s, pure query time: 15.574 s] ef=400
Intersection-merged index R@100 = 0.9824

[search time: 15.620 s, pure query time: 15.586 s] ef=400
Intersection-merged index R@100 = 0.9824

set ef = 500
[search time: 18.987 s, pure query time: 18.951 s] ef=500
Intersection-merged index R@100 = 0.9875

[search time: 19.025 s, pure query time: 18.989 s] ef=500
Intersection-merged index R@100 = 0.9875

[search time: 18.990 s, pure query time: 18.954 s] ef=500
Intersection-merged index R@100 = 0.9875

set ef = 600
[search time: 22.325 s, pure query time: 22.288 s] ef=600
Intersection-merged index R@100 = 0.9907

[search time: 22.317 s, pure query time: 22.280 s] ef=600
Intersection-merged index R@100 = 0.9907

[search time: 22.271 s, pure query time: 22.234 s] ef=600
Intersection-merged index R@100 = 0.9907

set ef = 700
[search time: 25.495 s, pure query time: 25.457 s] ef=700
Intersection-merged index R@100 = 0.9928

[search time: 25.487 s, pure query time: 25.449 s] ef=700
Intersection-merged index R@100 = 0.9928

[search time: 25.474 s, pure query time: 25.436 s] ef=700
Intersection-merged index R@100 = 0.9928

set ef = 800
[search time: 28.682 s, pure query time: 28.643 s] ef=800
Intersection-merged index R@100 = 0.9943

[search time: 28.680 s, pure query time: 28.642 s] ef=800
Intersection-merged index R@100 = 0.9943

[search time: 28.683 s, pure query time: 28.635 s] ef=800
Intersection-merged index R@100 = 0.9943

Configuration:
  Workload Type: SIFT10M
  Merge Method: ABLATION_C
  Dimension: 128
  Max Elements: 10000000
  Base Vectors: 10000000
  M: 32
  ef_construction: 64
  k: 100
  Query Vectors: 10000
  Iterations: 1
  Rerun: false
  Thread Count: 1
  cnt: 9
  Alpha: 1.05
  Save Index: false
loaded query vectors: 10000 vectors of dimension 128
fvecs_read: /ssd_root/dataset/ann_sift1b/gnd/idx_10M.ivecs
loaded ground-truth for 10000 queries, top 100
Merge method: ABLATION_C
Loaded merged index from: /ssd_root/jin467/merger/indexes/ablation_c_9_SIFT10M.hnsw
Start searching
set ef = 100
[search time: 4.777 s, pure query time: 4.757 s] ef=100
Intersection-merged index R@100 = 0.8910

[search time: 4.741 s, pure query time: 4.722 s] ef=100
Intersection-merged index R@100 = 0.8910

[search time: 4.754 s, pure query time: 4.735 s] ef=100
Intersection-merged index R@100 = 0.8910

set ef = 120
[search time: 5.523 s, pure query time: 5.502 s] ef=120
Intersection-merged index R@100 = 0.9117

[search time: 5.552 s, pure query time: 5.531 s] ef=120
Intersection-merged index R@100 = 0.9117

[search time: 5.541 s, pure query time: 5.520 s] ef=120
Intersection-merged index R@100 = 0.9117

set ef = 140
[search time: 6.307 s, pure query time: 6.285 s] ef=140
Intersection-merged index R@100 = 0.9267

[search time: 6.306 s, pure query time: 6.284 s] ef=140
Intersection-merged index R@100 = 0.9267

[search time: 6.327 s, pure query time: 6.305 s] ef=140
Intersection-merged index R@100 = 0.9267

set ef = 160
[search time: 7.085 s, pure query time: 7.061 s] ef=160
Intersection-merged index R@100 = 0.9378

[search time: 7.067 s, pure query time: 7.043 s] ef=160
Intersection-merged index R@100 = 0.9378

[search time: 7.079 s, pure query time: 7.055 s] ef=160
Intersection-merged index R@100 = 0.9378

set ef = 180
[search time: 7.840 s, pure query time: 7.815 s] ef=180
Intersection-merged index R@100 = 0.9466

[search time: 7.839 s, pure query time: 7.814 s] ef=180
Intersection-merged index R@100 = 0.9466

[search time: 7.832 s, pure query time: 7.807 s] ef=180
Intersection-merged index R@100 = 0.9466

set ef = 200
[search time: 8.603 s, pure query time: 8.576 s] ef=200
Intersection-merged index R@100 = 0.9534

[search time: 8.590 s, pure query time: 8.564 s] ef=200
Intersection-merged index R@100 = 0.9534

[search time: 8.589 s, pure query time: 8.563 s] ef=200
Intersection-merged index R@100 = 0.9534

set ef = 250
[search time: 10.439 s, pure query time: 10.410 s] ef=250
Intersection-merged index R@100 = 0.9658

[search time: 10.443 s, pure query time: 10.414 s] ef=250
Intersection-merged index R@100 = 0.9658

[search time: 10.423 s, pure query time: 10.394 s] ef=250
Intersection-merged index R@100 = 0.9658

set ef = 300
[search time: 12.233 s, pure query time: 12.202 s] ef=300
Intersection-merged index R@100 = 0.9737

[search time: 12.254 s, pure query time: 12.223 s] ef=300
Intersection-merged index R@100 = 0.9737

[search time: 12.233 s, pure query time: 12.202 s] ef=300
Intersection-merged index R@100 = 0.9737

set ef = 400
[search time: 15.763 s, pure query time: 15.729 s] ef=400
Intersection-merged index R@100 = 0.9830

[search time: 15.773 s, pure query time: 15.739 s] ef=400
Intersection-merged index R@100 = 0.9830

[search time: 15.768 s, pure query time: 15.734 s] ef=400
Intersection-merged index R@100 = 0.9830

set ef = 500
[search time: 19.144 s, pure query time: 19.109 s] ef=500
Intersection-merged index R@100 = 0.9880

[search time: 19.181 s, pure query time: 19.145 s] ef=500
Intersection-merged index R@100 = 0.9880

[search time: 19.199 s, pure query time: 19.163 s] ef=500
Intersection-merged index R@100 = 0.9880

set ef = 600
[search time: 22.490 s, pure query time: 22.454 s] ef=600
Intersection-merged index R@100 = 0.9911

[search time: 22.510 s, pure query time: 22.473 s] ef=600
Intersection-merged index R@100 = 0.9911

[search time: 22.515 s, pure query time: 22.479 s] ef=600
Intersection-merged index R@100 = 0.9911

set ef = 700
[search time: 25.787 s, pure query time: 25.750 s] ef=700
Intersection-merged index R@100 = 0.9931

[search time: 25.770 s, pure query time: 25.733 s] ef=700
Intersection-merged index R@100 = 0.9931

[search time: 25.777 s, pure query time: 25.740 s] ef=700
Intersection-merged index R@100 = 0.9931

set ef = 800
[search time: 28.969 s, pure query time: 28.931 s] ef=800
Intersection-merged index R@100 = 0.9945

[search time: 29.023 s, pure query time: 28.985 s] ef=800
Intersection-merged index R@100 = 0.9945

[search time: 28.996 s, pure query time: 28.959 s] ef=800
Intersection-merged index R@100 = 0.9945

Configuration:
  Workload Type: SIFT10M
  Merge Method: ABLATION_C
  Dimension: 128
  Max Elements: 10000000
  Base Vectors: 10000000
  M: 32
  ef_construction: 64
  k: 100
  Query Vectors: 10000
  Iterations: 1
  Rerun: false
  Thread Count: 1
  cnt: 10
  Alpha: 1.05
  Save Index: false
loaded query vectors: 10000 vectors of dimension 128
fvecs_read: /ssd_root/dataset/ann_sift1b/gnd/idx_10M.ivecs
loaded ground-truth for 10000 queries, top 100
Merge method: ABLATION_C
Loaded merged index from: /ssd_root/jin467/merger/indexes/ablation_c_10_SIFT10M.hnsw
Start searching
set ef = 100
[search time: 4.863 s, pure query time: 4.844 s] ef=100
Intersection-merged index R@100 = 0.8936

[search time: 4.829 s, pure query time: 4.810 s] ef=100
Intersection-merged index R@100 = 0.8936

[search time: 4.850 s, pure query time: 4.830 s] ef=100
Intersection-merged index R@100 = 0.8936

set ef = 120
[search time: 5.642 s, pure query time: 5.609 s] ef=120
Intersection-merged index R@100 = 0.9140

[search time: 5.634 s, pure query time: 5.613 s] ef=120
Intersection-merged index R@100 = 0.9140

[search time: 5.646 s, pure query time: 5.625 s] ef=120
Intersection-merged index R@100 = 0.9140

set ef = 140
[search time: 6.447 s, pure query time: 6.417 s] ef=140
Intersection-merged index R@100 = 0.9288

[search time: 6.435 s, pure query time: 6.413 s] ef=140
Intersection-merged index R@100 = 0.9288

[search time: 6.434 s, pure query time: 6.412 s] ef=140
Intersection-merged index R@100 = 0.9288

set ef = 160
[search time: 7.226 s, pure query time: 7.203 s] ef=160
Intersection-merged index R@100 = 0.9397

[search time: 7.209 s, pure query time: 7.185 s] ef=160
Intersection-merged index R@100 = 0.9397

[search time: 7.238 s, pure query time: 7.214 s] ef=160
Intersection-merged index R@100 = 0.9397

set ef = 180
[search time: 7.988 s, pure query time: 7.963 s] ef=180
Intersection-merged index R@100 = 0.9481

[search time: 7.991 s, pure query time: 7.966 s] ef=180
Intersection-merged index R@100 = 0.9481

[search time: 7.988 s, pure query time: 7.963 s] ef=180
Intersection-merged index R@100 = 0.9481

set ef = 200
[search time: 8.757 s, pure query time: 8.730 s] ef=200
Intersection-merged index R@100 = 0.9549

[search time: 8.757 s, pure query time: 8.731 s] ef=200
Intersection-merged index R@100 = 0.9549

[search time: 8.753 s, pure query time: 8.727 s] ef=200
Intersection-merged index R@100 = 0.9549

set ef = 250
[search time: 10.633 s, pure query time: 10.604 s] ef=250
Intersection-merged index R@100 = 0.9669

[search time: 10.640 s, pure query time: 10.611 s] ef=250
Intersection-merged index R@100 = 0.9669

[search time: 10.610 s, pure query time: 10.581 s] ef=250
Intersection-merged index R@100 = 0.9669

set ef = 300
[search time: 12.418 s, pure query time: 12.387 s] ef=300
Intersection-merged index R@100 = 0.9746

[search time: 12.418 s, pure query time: 12.386 s] ef=300
Intersection-merged index R@100 = 0.9746

[search time: 12.425 s, pure query time: 12.394 s] ef=300
Intersection-merged index R@100 = 0.9746

set ef = 400
[search time: 15.991 s, pure query time: 15.957 s] ef=400
Intersection-merged index R@100 = 0.9836

[search time: 15.999 s, pure query time: 15.965 s] ef=400
Intersection-merged index R@100 = 0.9836

[search time: 16.001 s, pure query time: 15.967 s] ef=400
Intersection-merged index R@100 = 0.9836

set ef = 500
[search time: 19.456 s, pure query time: 19.420 s] ef=500
Intersection-merged index R@100 = 0.9884

[search time: 19.460 s, pure query time: 19.424 s] ef=500
Intersection-merged index R@100 = 0.9884

[search time: 19.481 s, pure query time: 19.445 s] ef=500
Intersection-merged index R@100 = 0.9884

set ef = 600
[search time: 22.836 s, pure query time: 22.798 s] ef=600
Intersection-merged index R@100 = 0.9914

[search time: 22.853 s, pure query time: 22.816 s] ef=600
Intersection-merged index R@100 = 0.9914

[search time: 22.841 s, pure query time: 22.804 s] ef=600
Intersection-merged index R@100 = 0.9914

set ef = 700
[search time: 26.156 s, pure query time: 26.118 s] ef=700
Intersection-merged index R@100 = 0.9933

[search time: 26.155 s, pure query time: 26.117 s] ef=700
Intersection-merged index R@100 = 0.9933

[search time: 26.165 s, pure query time: 26.127 s] ef=700
Intersection-merged index R@100 = 0.9933

set ef = 800
[search time: 29.428 s, pure query time: 29.389 s] ef=800
Intersection-merged index R@100 = 0.9947

[search time: 29.431 s, pure query time: 29.389 s] ef=800
Intersection-merged index R@100 = 0.9947

[search time: 29.426 s, pure query time: 29.388 s] ef=800
Intersection-merged index R@100 = 0.9947