Configuration:
  Workload Type: SIFT10M
  Merge Method: ABLATION_C
  Dimension: 128
  Max Elements: 10000000
  Base Vectors: 10000000
  M: 32
  ef_construction: 64
  k: 100
  Query Vectors: 10000
  Iterations: 1
  Rerun: true
  Thread Count: 1
  cnt: 1
  Alpha: 1.05
  Save Index: true
loaded query vectors: 10000 vectors of dimension 128
fvecs_read: /ssd_root/dataset/ann_sift1b/gnd/idx_10M.ivecs
loaded ground-truth for 10000 queries, top 100
Merge method: ABLATION_C
Iteration 1/1
time for new layer: 5.958189
mergeIndex1BasedOnIndex2Connection sum0: 127.533528
mergeIndex1BasedOnIndex2Connection sum1: 3.405664
mergeIndex1BasedOnIndex2Connection sum2: 130.939196
Total time for insertion: 137.817 s
Saved merged index to: /ssd_root/jin467/merger/indexes/ablation_c_1_SIFT10M.hnsw
Start searching
set ef = 100
[search time: 4.332 s, pure query time: 4.313 s] ef=100
Intersection-merged index R@100 = 0.8494

[search time: 4.296 s, pure query time: 4.277 s] ef=100
Intersection-merged index R@100 = 0.8494

[search time: 4.328 s, pure query time: 4.309 s] ef=100
Intersection-merged index R@100 = 0.8494

[search time: 4.338 s, pure query time: 4.318 s] ef=100
Intersection-merged index R@100 = 0.8494

[search time: 4.292 s, pure query time: 4.273 s] ef=100
Intersection-merged index R@100 = 0.8494

set ef = 120
[search time: 5.033 s, pure query time: 5.012 s] ef=120
Intersection-merged index R@100 = 0.8755

[search time: 6.153 s, pure query time: 6.129 s] ef=120
Intersection-merged index R@100 = 0.8755

[search time: 7.528 s, pure query time: 7.501 s] ef=120
Intersection-merged index R@100 = 0.8755

[search time: 7.533 s, pure query time: 7.507 s] ef=120
Intersection-merged index R@100 = 0.8755

[search time: 7.565 s, pure query time: 7.539 s] ef=120
Intersection-merged index R@100 = 0.8755

set ef = 140
[search time: 8.628 s, pure query time: 8.600 s] ef=140
Intersection-merged index R@100 = 0.8955

[search time: 8.585 s, pure query time: 8.557 s] ef=140
Intersection-merged index R@100 = 0.8955

[search time: 8.612 s, pure query time: 8.585 s] ef=140
Intersection-merged index R@100 = 0.8955

[search time: 10.014 s, pure query time: 9.991 s] ef=140
Intersection-merged index R@100 = 0.8955

[search time: 9.971 s, pure query time: 9.948 s] ef=140
Intersection-merged index R@100 = 0.8955

set ef = 160
[search time: 9.074 s, pure query time: 9.050 s] ef=160
Intersection-merged index R@100 = 0.9106

[search time: 8.605 s, pure query time: 8.581 s] ef=160
Intersection-merged index R@100 = 0.9106

[search time: 8.615 s, pure query time: 8.592 s] ef=160
Intersection-merged index R@100 = 0.9106

[search time: 8.616 s, pure query time: 8.593 s] ef=160
Intersection-merged index R@100 = 0.9106

[search time: 8.499 s, pure query time: 8.471 s] ef=160
Intersection-merged index R@100 = 0.9106

set ef = 180
[search time: 8.813 s, pure query time: 8.782 s] ef=180
Intersection-merged index R@100 = 0.9226

[search time: 8.604 s, pure query time: 8.574 s] ef=180
Intersection-merged index R@100 = 0.9226

[search time: 8.610 s, pure query time: 8.578 s] ef=180
Intersection-merged index R@100 = 0.9226

[search time: 9.083 s, pure query time: 9.053 s] ef=180
Intersection-merged index R@100 = 0.9226

[search time: 9.666 s, pure query time: 9.640 s] ef=180
Intersection-merged index R@100 = 0.9226

set ef = 200
[search time: 11.102 s, pure query time: 11.075 s] ef=200
Intersection-merged index R@100 = 0.9322

[search time: 10.418 s, pure query time: 10.391 s] ef=200
Intersection-merged index R@100 = 0.9322

[search time: 10.827 s, pure query time: 10.798 s] ef=200
Intersection-merged index R@100 = 0.9322

[search time: 9.828 s, pure query time: 9.796 s] ef=200
Intersection-merged index R@100 = 0.9322

[search time: 8.477 s, pure query time: 8.445 s] ef=200
Intersection-merged index R@100 = 0.9322

set ef = 250
[search time: 10.327 s, pure query time: 10.290 s] ef=250
Intersection-merged index R@100 = 0.9494

[search time: 10.419 s, pure query time: 10.382 s] ef=250
Intersection-merged index R@100 = 0.9494

[search time: 10.845 s, pure query time: 10.808 s] ef=250
Intersection-merged index R@100 = 0.9494

[search time: 9.986 s, pure query time: 9.950 s] ef=250
Intersection-merged index R@100 = 0.9494

[search time: 10.003 s, pure query time: 9.967 s] ef=250
Intersection-merged index R@100 = 0.9494

set ef = 300
[search time: 12.179 s, pure query time: 12.140 s] ef=300
Intersection-merged index R@100 = 0.9607

[search time: 11.101 s, pure query time: 11.064 s] ef=300
Intersection-merged index R@100 = 0.9607

[search time: 11.108 s, pure query time: 11.071 s] ef=300
Intersection-merged index R@100 = 0.9607

[search time: 11.170 s, pure query time: 11.133 s] ef=300
Intersection-merged index R@100 = 0.9607

[search time: 11.120 s, pure query time: 11.083 s] ef=300
Intersection-merged index R@100 = 0.9607

set ef = 400
[search time: 14.476 s, pure query time: 14.436 s] ef=400
Intersection-merged index R@100 = 0.9743

[search time: 14.221 s, pure query time: 14.183 s] ef=400
Intersection-merged index R@100 = 0.9743

[search time: 14.249 s, pure query time: 14.212 s] ef=400
Intersection-merged index R@100 = 0.9743

[search time: 14.214 s, pure query time: 14.177 s] ef=400
Intersection-merged index R@100 = 0.9743

[search time: 14.218 s, pure query time: 14.181 s] ef=400
Intersection-merged index R@100 = 0.9743

set ef = 500
[search time: 17.350 s, pure query time: 17.312 s] ef=500
Intersection-merged index R@100 = 0.9817

[search time: 17.324 s, pure query time: 17.285 s] ef=500
Intersection-merged index R@100 = 0.9817

[search time: 17.324 s, pure query time: 17.285 s] ef=500
Intersection-merged index R@100 = 0.9817

[search time: 17.350 s, pure query time: 17.311 s] ef=500
Intersection-merged index R@100 = 0.9817

[search time: 17.354 s, pure query time: 17.316 s] ef=500
Intersection-merged index R@100 = 0.9817

set ef = 600
[search time: 20.385 s, pure query time: 20.346 s] ef=600
Intersection-merged index R@100 = 0.9862

[search time: 20.355 s, pure query time: 20.316 s] ef=600
Intersection-merged index R@100 = 0.9862

[search time: 20.390 s, pure query time: 20.351 s] ef=600
Intersection-merged index R@100 = 0.9862

[search time: 20.406 s, pure query time: 20.367 s] ef=600
Intersection-merged index R@100 = 0.9862

[search time: 20.410 s, pure query time: 20.371 s] ef=600
Intersection-merged index R@100 = 0.9862

set ef = 700
[search time: 23.388 s, pure query time: 23.349 s] ef=700
Intersection-merged index R@100 = 0.9892

[search time: 23.368 s, pure query time: 23.328 s] ef=700
Intersection-merged index R@100 = 0.9892

[search time: 23.372 s, pure query time: 23.333 s] ef=700
Intersection-merged index R@100 = 0.9892

[search time: 23.381 s, pure query time: 23.341 s] ef=700
Intersection-merged index R@100 = 0.9892

[search time: 23.389 s, pure query time: 23.349 s] ef=700
Intersection-merged index R@100 = 0.9892

set ef = 800
[search time: 26.360 s, pure query time: 26.320 s] ef=800
Intersection-merged index R@100 = 0.9913

[search time: 26.309 s, pure query time: 26.269 s] ef=800
Intersection-merged index R@100 = 0.9913

[search time: 26.327 s, pure query time: 26.287 s] ef=800
Intersection-merged index R@100 = 0.9913

[search time: 26.333 s, pure query time: 26.293 s] ef=800
Intersection-merged index R@100 = 0.9913

[search time: 26.335 s, pure query time: 26.295 s] ef=800
Intersection-merged index R@100 = 0.9913

Configuration:
  Workload Type: SIFT10M
  Merge Method: ABLATION_C
  Dimension: 128
  Max Elements: 10000000
  Base Vectors: 10000000
  M: 32
  ef_construction: 64
  k: 100
  Query Vectors: 10000
  Iterations: 1
  Rerun: true
  Thread Count: 1
  cnt: 2
  Alpha: 1.05
  Save Index: true
loaded query vectors: 10000 vectors of dimension 128
fvecs_read: /ssd_root/dataset/ann_sift1b/gnd/idx_10M.ivecs
loaded ground-truth for 10000 queries, top 100
Merge method: ABLATION_C
Iteration 1/1
time for new layer: 5.777605
mergeIndex1BasedOnIndex2Connection sum0: 170.501300
mergeIndex1BasedOnIndex2Connection sum1: 5.543738
mergeIndex1BasedOnIndex2Connection sum2: 176.045026
Total time for insertion: 183.476 s
Saved merged index to: /ssd_root/jin467/merger/indexes/ablation_c_2_SIFT10M.hnsw
Start searching
set ef = 100
[search time: 4.419 s, pure query time: 4.400 s] ef=100
Intersection-merged index R@100 = 0.8588

[search time: 4.368 s, pure query time: 4.348 s] ef=100
Intersection-merged index R@100 = 0.8588

[search time: 4.372 s, pure query time: 4.352 s] ef=100
Intersection-merged index R@100 = 0.8588

[search time: 4.356 s, pure query time: 4.336 s] ef=100
Intersection-merged index R@100 = 0.8588

[search time: 4.355 s, pure query time: 4.336 s] ef=100
Intersection-merged index R@100 = 0.8588

set ef = 120
[search time: 5.127 s, pure query time: 5.106 s] ef=120
Intersection-merged index R@100 = 0.8837

[search time: 6.452 s, pure query time: 6.428 s] ef=120
Intersection-merged index R@100 = 0.8837

[search time: 7.744 s, pure query time: 7.719 s] ef=120
Intersection-merged index R@100 = 0.8837

[search time: 10.205 s, pure query time: 10.181 s] ef=120
Intersection-merged index R@100 = 0.8837

[search time: 7.888 s, pure query time: 7.865 s] ef=120
Intersection-merged index R@100 = 0.8837

set ef = 140
[search time: 8.245 s, pure query time: 8.221 s] ef=140
Intersection-merged index R@100 = 0.9025

[search time: 7.945 s, pure query time: 7.921 s] ef=140
Intersection-merged index R@100 = 0.9025

[search time: 8.311 s, pure query time: 8.287 s] ef=140
Intersection-merged index R@100 = 0.9025

[search time: 7.970 s, pure query time: 7.948 s] ef=140
Intersection-merged index R@100 = 0.9025

[search time: 7.980 s, pure query time: 7.957 s] ef=140
Intersection-merged index R@100 = 0.9025

set ef = 160
[search time: 8.929 s, pure query time: 8.904 s] ef=160
Intersection-merged index R@100 = 0.9166

[search time: 8.338 s, pure query time: 8.309 s] ef=160
Intersection-merged index R@100 = 0.9166

[search time: 8.514 s, pure query time: 8.484 s] ef=160
Intersection-merged index R@100 = 0.9166

[search time: 8.028 s, pure query time: 7.998 s] ef=160
Intersection-merged index R@100 = 0.9166

[search time: 7.887 s, pure query time: 7.857 s] ef=160
Intersection-merged index R@100 = 0.9166

set ef = 180
[search time: 8.731 s, pure query time: 8.699 s] ef=180
Intersection-merged index R@100 = 0.9279

[search time: 9.354 s, pure query time: 9.324 s] ef=180
Intersection-merged index R@100 = 0.9279

[search time: 9.968 s, pure query time: 9.941 s] ef=180
Intersection-merged index R@100 = 0.9279

[search time: 10.414 s, pure query time: 10.387 s] ef=180
Intersection-merged index R@100 = 0.9279

[search time: 9.756 s, pure query time: 9.729 s] ef=180
Intersection-merged index R@100 = 0.9279

set ef = 200
[search time: 10.715 s, pure query time: 10.688 s] ef=200
Intersection-merged index R@100 = 0.9368

[search time: 10.777 s, pure query time: 10.744 s] ef=200
Intersection-merged index R@100 = 0.9368

[search time: 9.814 s, pure query time: 9.785 s] ef=200
Intersection-merged index R@100 = 0.9368

[search time: 7.896 s, pure query time: 7.868 s] ef=200
Intersection-merged index R@100 = 0.9368

[search time: 7.887 s, pure query time: 7.859 s] ef=200
Intersection-merged index R@100 = 0.9368

set ef = 250
[search time: 9.596 s, pure query time: 9.566 s] ef=250
Intersection-merged index R@100 = 0.9531

[search time: 9.630 s, pure query time: 9.599 s] ef=250
Intersection-merged index R@100 = 0.9531

[search time: 9.627 s, pure query time: 9.596 s] ef=250
Intersection-merged index R@100 = 0.9531

[search time: 9.589 s, pure query time: 9.558 s] ef=250
Intersection-merged index R@100 = 0.9531

[search time: 9.613 s, pure query time: 9.582 s] ef=250
Intersection-merged index R@100 = 0.9531

set ef = 300
[search time: 11.324 s, pure query time: 11.290 s] ef=300
Intersection-merged index R@100 = 0.9636

[search time: 11.295 s, pure query time: 11.262 s] ef=300
Intersection-merged index R@100 = 0.9636

[search time: 11.261 s, pure query time: 11.228 s] ef=300
Intersection-merged index R@100 = 0.9636

[search time: 11.273 s, pure query time: 11.240 s] ef=300
Intersection-merged index R@100 = 0.9636

[search time: 11.331 s, pure query time: 11.298 s] ef=300
Intersection-merged index R@100 = 0.9636

set ef = 400
[search time: 14.530 s, pure query time: 14.494 s] ef=400
Intersection-merged index R@100 = 0.9762

[search time: 14.538 s, pure query time: 14.501 s] ef=400
Intersection-merged index R@100 = 0.9762

[search time: 14.597 s, pure query time: 14.560 s] ef=400
Intersection-merged index R@100 = 0.9762

[search time: 14.530 s, pure query time: 14.493 s] ef=400
Intersection-merged index R@100 = 0.9762

[search time: 14.549 s, pure query time: 14.513 s] ef=400
Intersection-merged index R@100 = 0.9762

set ef = 500
[search time: 17.776 s, pure query time: 17.737 s] ef=500
Intersection-merged index R@100 = 0.9831

[search time: 19.195 s, pure query time: 19.155 s] ef=500
Intersection-merged index R@100 = 0.9831

[search time: 29.597 s, pure query time: 29.554 s] ef=500
Intersection-merged index R@100 = 0.9831

[search time: 22.504 s, pure query time: 22.463 s] ef=500
Intersection-merged index R@100 = 0.9831

[search time: 21.649 s, pure query time: 21.611 s] ef=500
Intersection-merged index R@100 = 0.9831

set ef = 600
[search time: 27.364 s, pure query time: 27.321 s] ef=600
Intersection-merged index R@100 = 0.9872

[search time: 28.301 s, pure query time: 28.258 s] ef=600
Intersection-merged index R@100 = 0.9872

[search time: 26.577 s, pure query time: 26.537 s] ef=600
Intersection-merged index R@100 = 0.9872

[search time: 21.051 s, pure query time: 21.012 s] ef=600
Intersection-merged index R@100 = 0.9872

[search time: 20.953 s, pure query time: 20.914 s] ef=600
Intersection-merged index R@100 = 0.9872

set ef = 700
[search time: 24.049 s, pure query time: 24.010 s] ef=700
Intersection-merged index R@100 = 0.9901

[search time: 24.031 s, pure query time: 23.991 s] ef=700
Intersection-merged index R@100 = 0.9901

[search time: 23.994 s, pure query time: 23.955 s] ef=700
Intersection-merged index R@100 = 0.9901

[search time: 24.054 s, pure query time: 24.015 s] ef=700
Intersection-merged index R@100 = 0.9901

[search time: 24.055 s, pure query time: 24.014 s] ef=700
Intersection-merged index R@100 = 0.9901

set ef = 800
[search time: 35.799 s, pure query time: 35.756 s] ef=800
Intersection-merged index R@100 = 0.9920

[search time: 35.910 s, pure query time: 35.868 s] ef=800
Intersection-merged index R@100 = 0.9920

[search time: 32.015 s, pure query time: 31.971 s] ef=800
Intersection-merged index R@100 = 0.9920

[search time: 36.711 s, pure query time: 36.669 s] ef=800
Intersection-merged index R@100 = 0.9920

[search time: 34.127 s, pure query time: 34.084 s] ef=800
Intersection-merged index R@100 = 0.9920

Configuration:
  Workload Type: SIFT10M
  Merge Method: ABLATION_C
  Dimension: 128
  Max Elements: 10000000
  Base Vectors: 10000000
  M: 32
  ef_construction: 64
  k: 100
  Query Vectors: 10000
  Iterations: 1
  Rerun: true
  Thread Count: 1
  cnt: 3
  Alpha: 1.05
  Save Index: true
loaded query vectors: 10000 vectors of dimension 128
fvecs_read: /ssd_root/dataset/ann_sift1b/gnd/idx_10M.ivecs
loaded ground-truth for 10000 queries, top 100
Merge method: ABLATION_C
Iteration 1/1
time for new layer: 5.801228
mergeIndex1BasedOnIndex2Connection sum0: 204.805618
mergeIndex1BasedOnIndex2Connection sum1: 8.068942
mergeIndex1BasedOnIndex2Connection sum2: 212.874569
Total time for insertion: 220.990 s
Saved merged index to: /ssd_root/jin467/merger/indexes/ablation_c_3_SIFT10M.hnsw
Start searching
set ef = 100
[search time: 4.460 s, pure query time: 4.434 s] ef=100
Intersection-merged index R@100 = 0.8659

[search time: 4.469 s, pure query time: 4.444 s] ef=100
Intersection-merged index R@100 = 0.8659

[search time: 4.440 s, pure query time: 4.414 s] ef=100
Intersection-merged index R@100 = 0.8659

[search time: 6.616 s, pure query time: 6.591 s] ef=100
Intersection-merged index R@100 = 0.8659

[search time: 7.126 s, pure query time: 7.104 s] ef=100
Intersection-merged index R@100 = 0.8659

set ef = 120
[search time: 8.578 s, pure query time: 8.555 s] ef=120
Intersection-merged index R@100 = 0.8897

[search time: 8.377 s, pure query time: 8.354 s] ef=120
Intersection-merged index R@100 = 0.8897

[search time: 7.809 s, pure query time: 7.787 s] ef=120
Intersection-merged index R@100 = 0.8897

[search time: 7.841 s, pure query time: 7.819 s] ef=120
Intersection-merged index R@100 = 0.8897

[search time: 7.856 s, pure query time: 7.833 s] ef=120
Intersection-merged index R@100 = 0.8897

set ef = 140
[search time: 8.955 s, pure query time: 8.932 s] ef=140
Intersection-merged index R@100 = 0.9078

[search time: 8.953 s, pure query time: 8.929 s] ef=140
Intersection-merged index R@100 = 0.9078

[search time: 7.832 s, pure query time: 7.806 s] ef=140
Intersection-merged index R@100 = 0.9078

[search time: 6.064 s, pure query time: 6.041 s] ef=140
Intersection-merged index R@100 = 0.9078

[search time: 5.990 s, pure query time: 5.967 s] ef=140
Intersection-merged index R@100 = 0.9078

set ef = 160
[search time: 6.727 s, pure query time: 6.702 s] ef=160
Intersection-merged index R@100 = 0.9213

[search time: 6.725 s, pure query time: 6.700 s] ef=160
Intersection-merged index R@100 = 0.9213

[search time: 6.712 s, pure query time: 6.688 s] ef=160
Intersection-merged index R@100 = 0.9213

[search time: 6.705 s, pure query time: 6.681 s] ef=160
Intersection-merged index R@100 = 0.9213

[search time: 6.677 s, pure query time: 6.652 s] ef=160
Intersection-merged index R@100 = 0.9213

set ef = 180
[search time: 7.376 s, pure query time: 7.350 s] ef=180
Intersection-merged index R@100 = 0.9319

[search time: 7.376 s, pure query time: 7.350 s] ef=180
Intersection-merged index R@100 = 0.9319

[search time: 7.382 s, pure query time: 7.356 s] ef=180
Intersection-merged index R@100 = 0.9319

[search time: 7.419 s, pure query time: 7.393 s] ef=180
Intersection-merged index R@100 = 0.9319

[search time: 7.382 s, pure query time: 7.356 s] ef=180
Intersection-merged index R@100 = 0.9319

set ef = 200
[search time: 8.088 s, pure query time: 8.060 s] ef=200
Intersection-merged index R@100 = 0.9404

[search time: 8.103 s, pure query time: 8.076 s] ef=200
Intersection-merged index R@100 = 0.9404

[search time: 8.125 s, pure query time: 8.097 s] ef=200
Intersection-merged index R@100 = 0.9404

[search time: 8.112 s, pure query time: 8.085 s] ef=200
Intersection-merged index R@100 = 0.9404

[search time: 8.095 s, pure query time: 8.068 s] ef=200
Intersection-merged index R@100 = 0.9404

set ef = 250
[search time: 9.851 s, pure query time: 9.819 s] ef=250
Intersection-merged index R@100 = 0.9559

[search time: 9.882 s, pure query time: 9.851 s] ef=250
Intersection-merged index R@100 = 0.9559

[search time: 9.860 s, pure query time: 9.828 s] ef=250
Intersection-merged index R@100 = 0.9559

[search time: 9.847 s, pure query time: 9.816 s] ef=250
Intersection-merged index R@100 = 0.9559

[search time: 10.381 s, pure query time: 10.348 s] ef=250
Intersection-merged index R@100 = 0.9559

set ef = 300
[search time: 18.698 s, pure query time: 18.657 s] ef=300
Intersection-merged index R@100 = 0.9659

[search time: 17.282 s, pure query time: 17.243 s] ef=300
Intersection-merged index R@100 = 0.9659

[search time: 12.039 s, pure query time: 12.002 s] ef=300
Intersection-merged index R@100 = 0.9659

[search time: 11.597 s, pure query time: 11.563 s] ef=300
Intersection-merged index R@100 = 0.9659

[search time: 11.614 s, pure query time: 11.579 s] ef=300
Intersection-merged index R@100 = 0.9659

set ef = 400
[search time: 15.021 s, pure query time: 14.984 s] ef=400
Intersection-merged index R@100 = 0.9777

[search time: 14.954 s, pure query time: 14.917 s] ef=400
Intersection-merged index R@100 = 0.9777

[search time: 15.006 s, pure query time: 14.969 s] ef=400
Intersection-merged index R@100 = 0.9777

[search time: 14.954 s, pure query time: 14.917 s] ef=400
Intersection-merged index R@100 = 0.9777

[search time: 15.006 s, pure query time: 14.969 s] ef=400
Intersection-merged index R@100 = 0.9777

set ef = 500
[search time: 18.238 s, pure query time: 18.199 s] ef=500
Intersection-merged index R@100 = 0.9842

[search time: 18.282 s, pure query time: 18.243 s] ef=500
Intersection-merged index R@100 = 0.9842

[search time: 18.242 s, pure query time: 18.204 s] ef=500
Intersection-merged index R@100 = 0.9842

[search time: 24.026 s, pure query time: 23.984 s] ef=500
Intersection-merged index R@100 = 0.9842

[search time: 26.431 s, pure query time: 26.389 s] ef=500
Intersection-merged index R@100 = 0.9842

set ef = 600
[search time: 21.571 s, pure query time: 21.531 s] ef=600
Intersection-merged index R@100 = 0.9880

[search time: 21.529 s, pure query time: 21.490 s] ef=600
Intersection-merged index R@100 = 0.9880

[search time: 21.496 s, pure query time: 21.457 s] ef=600
Intersection-merged index R@100 = 0.9880

[search time: 21.521 s, pure query time: 21.481 s] ef=600
Intersection-merged index R@100 = 0.9880

[search time: 21.536 s, pure query time: 21.497 s] ef=600
Intersection-merged index R@100 = 0.9880

set ef = 700
[search time: 24.670 s, pure query time: 24.630 s] ef=700
Intersection-merged index R@100 = 0.9907

[search time: 27.606 s, pure query time: 27.565 s] ef=700
Intersection-merged index R@100 = 0.9907

[search time: 36.857 s, pure query time: 36.813 s] ef=700
Intersection-merged index R@100 = 0.9907

[search time: 24.731 s, pure query time: 24.691 s] ef=700
Intersection-merged index R@100 = 0.9907

[search time: 24.686 s, pure query time: 24.646 s] ef=700
Intersection-merged index R@100 = 0.9907

set ef = 800
[search time: 27.802 s, pure query time: 27.762 s] ef=800
Intersection-merged index R@100 = 0.9926

[search time: 27.777 s, pure query time: 27.737 s] ef=800
Intersection-merged index R@100 = 0.9926

[search time: 27.793 s, pure query time: 27.753 s] ef=800
Intersection-merged index R@100 = 0.9926

[search time: 27.763 s, pure query time: 27.723 s] ef=800
Intersection-merged index R@100 = 0.9926

[search time: 31.017 s, pure query time: 30.975 s] ef=800
Intersection-merged index R@100 = 0.9926

Configuration:
  Workload Type: SIFT10M
  Merge Method: ABLATION_C
  Dimension: 128
  Max Elements: 10000000
  Base Vectors: 10000000
  M: 32
  ef_construction: 64
  k: 100
  Query Vectors: 10000
  Iterations: 1
  Rerun: true
  Thread Count: 1
  cnt: 4
  Alpha: 1.05
  Save Index: true
loaded query vectors: 10000 vectors of dimension 128
fvecs_read: /ssd_root/dataset/ann_sift1b/gnd/idx_10M.ivecs
loaded ground-truth for 10000 queries, top 100
Merge method: ABLATION_C
Iteration 1/1
time for new layer: 5.993387
mergeIndex1BasedOnIndex2Connection sum0: 250.859457
mergeIndex1BasedOnIndex2Connection sum1: 14.353523
mergeIndex1BasedOnIndex2Connection sum2: 265.212983
Total time for insertion: 274.425 s
Saved merged index to: /ssd_root/jin467/merger/indexes/ablation_c_4_SIFT10M.hnsw
Start searching
set ef = 100
[search time: 6.842 s, pure query time: 6.817 s] ef=100
Intersection-merged index R@100 = 0.8718

[search time: 6.814 s, pure query time: 6.784 s] ef=100
Intersection-merged index R@100 = 0.8718

[search time: 6.411 s, pure query time: 6.384 s] ef=100
Intersection-merged index R@100 = 0.8718

[search time: 4.719 s, pure query time: 4.698 s] ef=100
Intersection-merged index R@100 = 0.8718

[search time: 4.662 s, pure query time: 4.640 s] ef=100
Intersection-merged index R@100 = 0.8718

set ef = 120
[search time: 5.485 s, pure query time: 5.462 s] ef=120
Intersection-merged index R@100 = 0.8949

[search time: 5.503 s, pure query time: 5.481 s] ef=120
Intersection-merged index R@100 = 0.8949

[search time: 5.431 s, pure query time: 5.410 s] ef=120
Intersection-merged index R@100 = 0.8949

[search time: 5.437 s, pure query time: 5.415 s] ef=120
Intersection-merged index R@100 = 0.8949

[search time: 5.433 s, pure query time: 5.411 s] ef=120
Intersection-merged index R@100 = 0.8949

set ef = 140
[search time: 6.232 s, pure query time: 6.208 s] ef=140
Intersection-merged index R@100 = 0.9122

[search time: 6.088 s, pure query time: 6.066 s] ef=140
Intersection-merged index R@100 = 0.9122

[search time: 6.185 s, pure query time: 6.162 s] ef=140
Intersection-merged index R@100 = 0.9122

[search time: 6.103 s, pure query time: 6.080 s] ef=140
Intersection-merged index R@100 = 0.9122

[search time: 5.962 s, pure query time: 5.939 s] ef=140
Intersection-merged index R@100 = 0.9122

set ef = 160
[search time: 6.686 s, pure query time: 6.661 s] ef=160
Intersection-merged index R@100 = 0.9252

[search time: 6.717 s, pure query time: 6.693 s] ef=160
Intersection-merged index R@100 = 0.9252

[search time: 6.707 s, pure query time: 6.683 s] ef=160
Intersection-merged index R@100 = 0.9252

[search time: 6.749 s, pure query time: 6.724 s] ef=160
Intersection-merged index R@100 = 0.9252

[search time: 6.698 s, pure query time: 6.673 s] ef=160
Intersection-merged index R@100 = 0.9252

set ef = 180
[search time: 7.403 s, pure query time: 7.377 s] ef=180
Intersection-merged index R@100 = 0.9353

[search time: 7.422 s, pure query time: 7.395 s] ef=180
Intersection-merged index R@100 = 0.9353

[search time: 7.419 s, pure query time: 7.393 s] ef=180
Intersection-merged index R@100 = 0.9353

[search time: 7.456 s, pure query time: 7.430 s] ef=180
Intersection-merged index R@100 = 0.9353

[search time: 7.409 s, pure query time: 7.383 s] ef=180
Intersection-merged index R@100 = 0.9353

set ef = 200
[search time: 8.113 s, pure query time: 8.086 s] ef=200
Intersection-merged index R@100 = 0.9435

[search time: 8.147 s, pure query time: 8.119 s] ef=200
Intersection-merged index R@100 = 0.9435

[search time: 8.138 s, pure query time: 8.110 s] ef=200
Intersection-merged index R@100 = 0.9435

[search time: 8.163 s, pure query time: 8.136 s] ef=200
Intersection-merged index R@100 = 0.9435

[search time: 8.116 s, pure query time: 8.089 s] ef=200
Intersection-merged index R@100 = 0.9435

set ef = 250
[search time: 9.890 s, pure query time: 9.859 s] ef=250
Intersection-merged index R@100 = 0.9582

[search time: 9.892 s, pure query time: 9.861 s] ef=250
Intersection-merged index R@100 = 0.9582

[search time: 9.918 s, pure query time: 9.887 s] ef=250
Intersection-merged index R@100 = 0.9582

[search time: 9.866 s, pure query time: 9.834 s] ef=250
Intersection-merged index R@100 = 0.9582

[search time: 9.894 s, pure query time: 9.862 s] ef=250
Intersection-merged index R@100 = 0.9582

set ef = 300
[search time: 17.242 s, pure query time: 17.202 s] ef=300
Intersection-merged index R@100 = 0.9678

[search time: 18.818 s, pure query time: 18.780 s] ef=300
Intersection-merged index R@100 = 0.9678

[search time: 17.465 s, pure query time: 17.428 s] ef=300
Intersection-merged index R@100 = 0.9678

[search time: 14.525 s, pure query time: 14.485 s] ef=300
Intersection-merged index R@100 = 0.9678

[search time: 11.975 s, pure query time: 11.938 s] ef=300
Intersection-merged index R@100 = 0.9678

set ef = 400
[search time: 15.118 s, pure query time: 15.078 s] ef=400
Intersection-merged index R@100 = 0.9790

[search time: 15.185 s, pure query time: 15.144 s] ef=400
Intersection-merged index R@100 = 0.9790

[search time: 15.155 s, pure query time: 15.115 s] ef=400
Intersection-merged index R@100 = 0.9790

[search time: 15.125 s, pure query time: 15.085 s] ef=400
Intersection-merged index R@100 = 0.9790

[search time: 15.194 s, pure query time: 15.153 s] ef=400
Intersection-merged index R@100 = 0.9790

set ef = 500
[search time: 18.443 s, pure query time: 18.402 s] ef=500
Intersection-merged index R@100 = 0.9851

[search time: 18.423 s, pure query time: 18.382 s] ef=500
Intersection-merged index R@100 = 0.9851

[search time: 18.506 s, pure query time: 18.465 s] ef=500
Intersection-merged index R@100 = 0.9851

[search time: 18.419 s, pure query time: 18.378 s] ef=500
Intersection-merged index R@100 = 0.9851

[search time: 27.525 s, pure query time: 27.484 s] ef=500
Intersection-merged index R@100 = 0.9851

set ef = 600
[search time: 28.353 s, pure query time: 28.310 s] ef=600
Intersection-merged index R@100 = 0.9887

[search time: 21.727 s, pure query time: 21.686 s] ef=600
Intersection-merged index R@100 = 0.9887

[search time: 21.780 s, pure query time: 21.738 s] ef=600
Intersection-merged index R@100 = 0.9887

[search time: 21.707 s, pure query time: 21.666 s] ef=600
Intersection-merged index R@100 = 0.9887

[search time: 21.771 s, pure query time: 21.729 s] ef=600
Intersection-merged index R@100 = 0.9887

set ef = 700
[search time: 24.865 s, pure query time: 24.824 s] ef=700
Intersection-merged index R@100 = 0.9913

[search time: 24.937 s, pure query time: 24.894 s] ef=700
Intersection-merged index R@100 = 0.9913

[search time: 25.434 s, pure query time: 25.392 s] ef=700
Intersection-merged index R@100 = 0.9913

[search time: 37.950 s, pure query time: 37.906 s] ef=700
Intersection-merged index R@100 = 0.9913

[search time: 26.826 s, pure query time: 26.782 s] ef=700
Intersection-merged index R@100 = 0.9913

set ef = 800
[search time: 28.066 s, pure query time: 28.023 s] ef=800
Intersection-merged index R@100 = 0.9930

[search time: 28.025 s, pure query time: 27.983 s] ef=800
Intersection-merged index R@100 = 0.9930

[search time: 28.112 s, pure query time: 28.069 s] ef=800
Intersection-merged index R@100 = 0.9930

[search time: 28.072 s, pure query time: 28.030 s] ef=800
Intersection-merged index R@100 = 0.9930

[search time: 28.027 s, pure query time: 27.986 s] ef=800
Intersection-merged index R@100 = 0.9930

Configuration:
  Workload Type: SIFT10M
  Merge Method: ABLATION_C
  Dimension: 128
  Max Elements: 10000000
  Base Vectors: 10000000
  M: 32
  ef_construction: 64
  k: 100
  Query Vectors: 10000
  Iterations: 1
  Rerun: true
  Thread Count: 1
  cnt: 5
  Alpha: 1.05
  Save Index: true
loaded query vectors: 10000 vectors of dimension 128
fvecs_read: /ssd_root/dataset/ann_sift1b/gnd/idx_10M.ivecs
loaded ground-truth for 10000 queries, top 100
Merge method: ABLATION_C
Iteration 1/1
time for new layer: 5.894479
mergeIndex1BasedOnIndex2Connection sum0: 300.897821
mergeIndex1BasedOnIndex2Connection sum1: 14.304755
mergeIndex1BasedOnIndex2Connection sum2: 315.202587
Total time for insertion: 323.675 s
Saved merged index to: /ssd_root/jin467/merger/indexes/ablation_c_5_SIFT10M.hnsw
Start searching
set ef = 100
[search time: 4.937 s, pure query time: 4.911 s] ef=100
Intersection-merged index R@100 = 0.8768

[search time: 4.930 s, pure query time: 4.904 s] ef=100
Intersection-merged index R@100 = 0.8768

[search time: 4.932 s, pure query time: 4.907 s] ef=100
Intersection-merged index R@100 = 0.8768

[search time: 4.930 s, pure query time: 4.903 s] ef=100
Intersection-merged index R@100 = 0.8768

[search time: 5.079 s, pure query time: 5.052 s] ef=100
Intersection-merged index R@100 = 0.8768

set ef = 120
[search time: 5.744 s, pure query time: 5.717 s] ef=120
Intersection-merged index R@100 = 0.8992

[search time: 5.715 s, pure query time: 5.688 s] ef=120
Intersection-merged index R@100 = 0.8992

[search time: 5.729 s, pure query time: 5.702 s] ef=120
Intersection-merged index R@100 = 0.8992

[search time: 5.743 s, pure query time: 5.716 s] ef=120
Intersection-merged index R@100 = 0.8992

[search time: 5.810 s, pure query time: 5.781 s] ef=120
Intersection-merged index R@100 = 0.8992

set ef = 140
[search time: 6.637 s, pure query time: 6.609 s] ef=140
Intersection-merged index R@100 = 0.9161

[search time: 6.518 s, pure query time: 6.490 s] ef=140
Intersection-merged index R@100 = 0.9161

[search time: 6.530 s, pure query time: 6.502 s] ef=140
Intersection-merged index R@100 = 0.9161

[search time: 6.552 s, pure query time: 6.524 s] ef=140
Intersection-merged index R@100 = 0.9161

[search time: 6.643 s, pure query time: 6.614 s] ef=140
Intersection-merged index R@100 = 0.9161

set ef = 160
[search time: 7.413 s, pure query time: 7.383 s] ef=160
Intersection-merged index R@100 = 0.9284

[search time: 7.304 s, pure query time: 7.274 s] ef=160
Intersection-merged index R@100 = 0.9284

[search time: 7.348 s, pure query time: 7.318 s] ef=160
Intersection-merged index R@100 = 0.9284

[search time: 8.006 s, pure query time: 7.976 s] ef=160
Intersection-merged index R@100 = 0.9284

[search time: 10.189 s, pure query time: 10.164 s] ef=160
Intersection-merged index R@100 = 0.9284

set ef = 180
[search time: 12.180 s, pure query time: 12.153 s] ef=180
Intersection-merged index R@100 = 0.9382

[search time: 11.335 s, pure query time: 11.308 s] ef=180
Intersection-merged index R@100 = 0.9382

[search time: 11.179 s, pure query time: 11.152 s] ef=180
Intersection-merged index R@100 = 0.9382

[search time: 11.186 s, pure query time: 11.159 s] ef=180
Intersection-merged index R@100 = 0.9382

[search time: 10.609 s, pure query time: 10.580 s] ef=180
Intersection-merged index R@100 = 0.9382

set ef = 200
[search time: 9.053 s, pure query time: 9.020 s] ef=200
Intersection-merged index R@100 = 0.9460

[search time: 8.852 s, pure query time: 8.819 s] ef=200
Intersection-merged index R@100 = 0.9460

[search time: 8.831 s, pure query time: 8.798 s] ef=200
Intersection-merged index R@100 = 0.9460

[search time: 8.985 s, pure query time: 8.951 s] ef=200
Intersection-merged index R@100 = 0.9460

[search time: 8.913 s, pure query time: 8.880 s] ef=200
Intersection-merged index R@100 = 0.9460

set ef = 250
[search time: 10.727 s, pure query time: 10.690 s] ef=250
Intersection-merged index R@100 = 0.9601

[search time: 10.876 s, pure query time: 10.838 s] ef=250
Intersection-merged index R@100 = 0.9601

[search time: 10.835 s, pure query time: 10.798 s] ef=250
Intersection-merged index R@100 = 0.9601

[search time: 10.735 s, pure query time: 10.698 s] ef=250
Intersection-merged index R@100 = 0.9601

[search time: 13.436 s, pure query time: 13.400 s] ef=250
Intersection-merged index R@100 = 0.9601

set ef = 300
[search time: 18.411 s, pure query time: 18.376 s] ef=300
Intersection-merged index R@100 = 0.9692

[search time: 16.176 s, pure query time: 16.139 s] ef=300
Intersection-merged index R@100 = 0.9692

[search time: 12.791 s, pure query time: 12.752 s] ef=300
Intersection-merged index R@100 = 0.9692

[search time: 12.617 s, pure query time: 12.578 s] ef=300
Intersection-merged index R@100 = 0.9692

[search time: 12.855 s, pure query time: 12.814 s] ef=300
Intersection-merged index R@100 = 0.9692

set ef = 400
[search time: 16.257 s, pure query time: 16.216 s] ef=400
Intersection-merged index R@100 = 0.9800

[search time: 16.482 s, pure query time: 16.439 s] ef=400
Intersection-merged index R@100 = 0.9800

[search time: 16.254 s, pure query time: 16.212 s] ef=400
Intersection-merged index R@100 = 0.9800

[search time: 22.701 s, pure query time: 22.661 s] ef=400
Intersection-merged index R@100 = 0.9800

[search time: 21.768 s, pure query time: 21.730 s] ef=400
Intersection-merged index R@100 = 0.9800

set ef = 500
[search time: 20.078 s, pure query time: 20.035 s] ef=500
Intersection-merged index R@100 = 0.9859

[search time: 20.056 s, pure query time: 20.013 s] ef=500
Intersection-merged index R@100 = 0.9859

[search time: 19.849 s, pure query time: 19.806 s] ef=500
Intersection-merged index R@100 = 0.9859

[search time: 20.077 s, pure query time: 20.032 s] ef=500
Intersection-merged index R@100 = 0.9859

[search time: 23.196 s, pure query time: 23.154 s] ef=500
Intersection-merged index R@100 = 0.9859

set ef = 600
[search time: 31.763 s, pure query time: 31.711 s] ef=600
Intersection-merged index R@100 = 0.9893

[search time: 23.491 s, pure query time: 23.448 s] ef=600
Intersection-merged index R@100 = 0.9893

[search time: 23.552 s, pure query time: 23.507 s] ef=600
Intersection-merged index R@100 = 0.9893

[search time: 23.547 s, pure query time: 23.503 s] ef=600
Intersection-merged index R@100 = 0.9893

[search time: 24.295 s, pure query time: 24.251 s] ef=600
Intersection-merged index R@100 = 0.9893

set ef = 700
[search time: 37.502 s, pure query time: 37.462 s] ef=700
Intersection-merged index R@100 = 0.9917

[search time: 26.924 s, pure query time: 26.881 s] ef=700
Intersection-merged index R@100 = 0.9917

[search time: 26.942 s, pure query time: 26.897 s] ef=700
Intersection-merged index R@100 = 0.9917

[search time: 26.959 s, pure query time: 26.914 s] ef=700
Intersection-merged index R@100 = 0.9917

[search time: 33.208 s, pure query time: 33.165 s] ef=700
Intersection-merged index R@100 = 0.9917

set ef = 800
[search time: 35.555 s, pure query time: 35.512 s] ef=800
Intersection-merged index R@100 = 0.9934

[search time: 30.290 s, pure query time: 30.245 s] ef=800
Intersection-merged index R@100 = 0.9934

[search time: 30.289 s, pure query time: 30.244 s] ef=800
Intersection-merged index R@100 = 0.9934

[search time: 35.568 s, pure query time: 35.525 s] ef=800
Intersection-merged index R@100 = 0.9934

[search time: 36.571 s, pure query time: 36.528 s] ef=800
Intersection-merged index R@100 = 0.9934

Configuration:
  Workload Type: SIFT10M
  Merge Method: ABLATION_C
  Dimension: 128
  Max Elements: 10000000
  Base Vectors: 10000000
  M: 32
  ef_construction: 64
  k: 100
  Query Vectors: 10000
  Iterations: 1
  Rerun: true
  Thread Count: 1
  cnt: 6
  Alpha: 1.05
  Save Index: true
loaded query vectors: 10000 vectors of dimension 128
fvecs_read: /ssd_root/dataset/ann_sift1b/gnd/idx_10M.ivecs
loaded ground-truth for 10000 queries, top 100
Merge method: ABLATION_C
Iteration 1/1
time for new layer: 5.885026
mergeIndex1BasedOnIndex2Connection sum0: 329.530114
mergeIndex1BasedOnIndex2Connection sum1: 17.206041
mergeIndex1BasedOnIndex2Connection sum2: 346.736167
Total time for insertion: 355.638 s
Saved merged index to: /ssd_root/jin467/merger/indexes/ablation_c_6_SIFT10M.hnsw
Start searching
set ef = 100
[search time: 4.932 s, pure query time: 4.907 s] ef=100
Intersection-merged index R@100 = 0.8809

[search time: 4.894 s, pure query time: 4.868 s] ef=100
Intersection-merged index R@100 = 0.8809

[search time: 4.994 s, pure query time: 4.967 s] ef=100
Intersection-merged index R@100 = 0.8809

[search time: 4.940 s, pure query time: 4.913 s] ef=100
Intersection-merged index R@100 = 0.8809

[search time: 4.870 s, pure query time: 4.843 s] ef=100
Intersection-merged index R@100 = 0.8809

set ef = 120
[search time: 5.707 s, pure query time: 5.679 s] ef=120
Intersection-merged index R@100 = 0.9029

[search time: 5.717 s, pure query time: 5.690 s] ef=120
Intersection-merged index R@100 = 0.9029

[search time: 5.724 s, pure query time: 5.696 s] ef=120
Intersection-merged index R@100 = 0.9029

[search time: 5.793 s, pure query time: 5.766 s] ef=120
Intersection-merged index R@100 = 0.9029

[search time: 5.689 s, pure query time: 5.662 s] ef=120
Intersection-merged index R@100 = 0.9029

set ef = 140
[search time: 6.500 s, pure query time: 6.472 s] ef=140
Intersection-merged index R@100 = 0.9191

[search time: 6.509 s, pure query time: 6.481 s] ef=140
Intersection-merged index R@100 = 0.9191

[search time: 6.595 s, pure query time: 6.565 s] ef=140
Intersection-merged index R@100 = 0.9191

[search time: 6.528 s, pure query time: 6.499 s] ef=140
Intersection-merged index R@100 = 0.9191

[search time: 6.476 s, pure query time: 6.447 s] ef=140
Intersection-merged index R@100 = 0.9191

set ef = 160
[search time: 7.334 s, pure query time: 7.305 s] ef=160
Intersection-merged index R@100 = 0.9312

[search time: 9.082 s, pure query time: 9.054 s] ef=160
Intersection-merged index R@100 = 0.9312

[search time: 10.768 s, pure query time: 10.742 s] ef=160
Intersection-merged index R@100 = 0.9312

[search time: 11.308 s, pure query time: 11.281 s] ef=160
Intersection-merged index R@100 = 0.9312

[search time: 10.349 s, pure query time: 10.322 s] ef=160
Intersection-merged index R@100 = 0.9312

set ef = 180
[search time: 11.445 s, pure query time: 11.417 s] ef=180
Intersection-merged index R@100 = 0.9407

[search time: 11.453 s, pure query time: 11.426 s] ef=180
Intersection-merged index R@100 = 0.9407

[search time: 10.903 s, pure query time: 10.874 s] ef=180
Intersection-merged index R@100 = 0.9407

[search time: 8.195 s, pure query time: 8.162 s] ef=180
Intersection-merged index R@100 = 0.9407

[search time: 8.023 s, pure query time: 7.991 s] ef=180
Intersection-merged index R@100 = 0.9407

set ef = 200
[search time: 8.791 s, pure query time: 8.758 s] ef=200
Intersection-merged index R@100 = 0.9481

[search time: 8.912 s, pure query time: 8.878 s] ef=200
Intersection-merged index R@100 = 0.9481

[search time: 8.829 s, pure query time: 8.796 s] ef=200
Intersection-merged index R@100 = 0.9481

[search time: 8.786 s, pure query time: 8.753 s] ef=200
Intersection-merged index R@100 = 0.9481

[search time: 8.880 s, pure query time: 8.846 s] ef=200
Intersection-merged index R@100 = 0.9481

set ef = 250
[search time: 10.736 s, pure query time: 10.699 s] ef=250
Intersection-merged index R@100 = 0.9618

[search time: 10.688 s, pure query time: 10.652 s] ef=250
Intersection-merged index R@100 = 0.9618

[search time: 10.830 s, pure query time: 10.791 s] ef=250
Intersection-merged index R@100 = 0.9618

[search time: 10.696 s, pure query time: 10.658 s] ef=250
Intersection-merged index R@100 = 0.9618

[search time: 12.058 s, pure query time: 12.021 s] ef=250
Intersection-merged index R@100 = 0.9618

set ef = 300
[search time: 19.159 s, pure query time: 19.123 s] ef=300
Intersection-merged index R@100 = 0.9706

[search time: 17.510 s, pure query time: 17.473 s] ef=300
Intersection-merged index R@100 = 0.9706

[search time: 12.764 s, pure query time: 12.724 s] ef=300
Intersection-merged index R@100 = 0.9706

[search time: 12.562 s, pure query time: 12.523 s] ef=300
Intersection-merged index R@100 = 0.9706

[search time: 12.727 s, pure query time: 12.685 s] ef=300
Intersection-merged index R@100 = 0.9706

set ef = 400
[search time: 16.199 s, pure query time: 16.157 s] ef=400
Intersection-merged index R@100 = 0.9809

[search time: 16.332 s, pure query time: 16.286 s] ef=400
Intersection-merged index R@100 = 0.9809

[search time: 16.208 s, pure query time: 16.166 s] ef=400
Intersection-merged index R@100 = 0.9809

[search time: 16.322 s, pure query time: 16.281 s] ef=400
Intersection-merged index R@100 = 0.9809

[search time: 19.961 s, pure query time: 19.920 s] ef=400
Intersection-merged index R@100 = 0.9809

set ef = 500
[search time: 28.616 s, pure query time: 28.577 s] ef=500
Intersection-merged index R@100 = 0.9865

[search time: 20.023 s, pure query time: 19.978 s] ef=500
Intersection-merged index R@100 = 0.9865

[search time: 19.900 s, pure query time: 19.857 s] ef=500
Intersection-merged index R@100 = 0.9865

[search time: 19.761 s, pure query time: 19.718 s] ef=500
Intersection-merged index R@100 = 0.9865

[search time: 19.884 s, pure query time: 19.842 s] ef=500
Intersection-merged index R@100 = 0.9865

set ef = 600
[search time: 23.334 s, pure query time: 23.289 s] ef=600
Intersection-merged index R@100 = 0.9899

[search time: 29.531 s, pure query time: 29.489 s] ef=600
Intersection-merged index R@100 = 0.9899

[search time: 29.694 s, pure query time: 29.652 s] ef=600
Intersection-merged index R@100 = 0.9899

[search time: 23.248 s, pure query time: 23.205 s] ef=600
Intersection-merged index R@100 = 0.9899

[search time: 23.359 s, pure query time: 23.316 s] ef=600
Intersection-merged index R@100 = 0.9899

set ef = 700
[search time: 26.729 s, pure query time: 26.684 s] ef=700
Intersection-merged index R@100 = 0.9921

[search time: 26.731 s, pure query time: 26.686 s] ef=700
Intersection-merged index R@100 = 0.9921

[search time: 37.074 s, pure query time: 37.032 s] ef=700
Intersection-merged index R@100 = 0.9921

[search time: 28.961 s, pure query time: 28.916 s] ef=700
Intersection-merged index R@100 = 0.9921

[search time: 26.750 s, pure query time: 26.705 s] ef=700
Intersection-merged index R@100 = 0.9921

set ef = 800
[search time: 30.070 s, pure query time: 30.025 s] ef=800
Intersection-merged index R@100 = 0.9938

[search time: 30.068 s, pure query time: 30.023 s] ef=800
Intersection-merged index R@100 = 0.9938

[search time: 41.593 s, pure query time: 41.551 s] ef=800
Intersection-merged index R@100 = 0.9938

[search time: 31.158 s, pure query time: 31.112 s] ef=800
Intersection-merged index R@100 = 0.9938

[search time: 30.093 s, pure query time: 30.046 s] ef=800
Intersection-merged index R@100 = 0.9938

Configuration:
  Workload Type: SIFT10M
  Merge Method: ABLATION_C
  Dimension: 128
  Max Elements: 10000000
  Base Vectors: 10000000
  M: 32
  ef_construction: 64
  k: 100
  Query Vectors: 10000
  Iterations: 1
  Rerun: true
  Thread Count: 1
  cnt: 7
  Alpha: 1.05
  Save Index: true
loaded query vectors: 10000 vectors of dimension 128
fvecs_read: /ssd_root/dataset/ann_sift1b/gnd/idx_10M.ivecs
loaded ground-truth for 10000 queries, top 100
Merge method: ABLATION_C
Iteration 1/1
time for new layer: 5.946751
mergeIndex1BasedOnIndex2Connection sum0: 353.920848
mergeIndex1BasedOnIndex2Connection sum1: 20.235255
mergeIndex1BasedOnIndex2Connection sum2: 374.156112
Total time for insertion: 383.222 s
Saved merged index to: /ssd_root/jin467/merger/indexes/ablation_c_7_SIFT10M.hnsw
Start searching
set ef = 100
[search time: 5.036 s, pure query time: 5.010 s] ef=100
Intersection-merged index R@100 = 0.8847

[search time: 4.972 s, pure query time: 4.946 s] ef=100
Intersection-merged index R@100 = 0.8847

[search time: 5.091 s, pure query time: 5.066 s] ef=100
Intersection-merged index R@100 = 0.8847

[search time: 4.988 s, pure query time: 4.963 s] ef=100
Intersection-merged index R@100 = 0.8847

[search time: 4.939 s, pure query time: 4.914 s] ef=100
Intersection-merged index R@100 = 0.8847

set ef = 120
[search time: 5.793 s, pure query time: 5.767 s] ef=120
Intersection-merged index R@100 = 0.9061

[search time: 5.801 s, pure query time: 5.775 s] ef=120
Intersection-merged index R@100 = 0.9061

[search time: 5.872 s, pure query time: 5.845 s] ef=120
Intersection-merged index R@100 = 0.9061

[search time: 5.833 s, pure query time: 5.807 s] ef=120
Intersection-merged index R@100 = 0.9061

[search time: 5.775 s, pure query time: 5.748 s] ef=120
Intersection-merged index R@100 = 0.9061

set ef = 140
[search time: 6.602 s, pure query time: 6.574 s] ef=140
Intersection-merged index R@100 = 0.9218

[search time: 6.609 s, pure query time: 6.581 s] ef=140
Intersection-merged index R@100 = 0.9218

[search time: 6.713 s, pure query time: 6.684 s] ef=140
Intersection-merged index R@100 = 0.9218

[search time: 6.620 s, pure query time: 6.592 s] ef=140
Intersection-merged index R@100 = 0.9218

[search time: 6.570 s, pure query time: 6.543 s] ef=140
Intersection-merged index R@100 = 0.9218

set ef = 160
[search time: 7.433 s, pure query time: 7.404 s] ef=160
Intersection-merged index R@100 = 0.9335

[search time: 9.089 s, pure query time: 9.058 s] ef=160
Intersection-merged index R@100 = 0.9335

[search time: 11.001 s, pure query time: 10.973 s] ef=160
Intersection-merged index R@100 = 0.9335

[search time: 11.356 s, pure query time: 11.329 s] ef=160
Intersection-merged index R@100 = 0.9335

[search time: 10.457 s, pure query time: 10.429 s] ef=160
Intersection-merged index R@100 = 0.9335

set ef = 180
[search time: 11.582 s, pure query time: 11.553 s] ef=180
Intersection-merged index R@100 = 0.9428

[search time: 11.602 s, pure query time: 11.574 s] ef=180
Intersection-merged index R@100 = 0.9428

[search time: 10.310 s, pure query time: 10.279 s] ef=180
Intersection-merged index R@100 = 0.9428

[search time: 8.293 s, pure query time: 8.262 s] ef=180
Intersection-merged index R@100 = 0.9428

[search time: 8.142 s, pure query time: 8.111 s] ef=180
Intersection-merged index R@100 = 0.9428

set ef = 200
[search time: 9.009 s, pure query time: 8.975 s] ef=200
Intersection-merged index R@100 = 0.9501

[search time: 8.876 s, pure query time: 8.844 s] ef=200
Intersection-merged index R@100 = 0.9501

[search time: 8.950 s, pure query time: 8.917 s] ef=200
Intersection-merged index R@100 = 0.9501

[search time: 8.953 s, pure query time: 8.920 s] ef=200
Intersection-merged index R@100 = 0.9501

[search time: 8.872 s, pure query time: 8.839 s] ef=200
Intersection-merged index R@100 = 0.9501

set ef = 250
[search time: 10.767 s, pure query time: 10.731 s] ef=250
Intersection-merged index R@100 = 0.9633

[search time: 10.832 s, pure query time: 10.795 s] ef=250
Intersection-merged index R@100 = 0.9633

[search time: 10.899 s, pure query time: 10.862 s] ef=250
Intersection-merged index R@100 = 0.9633

[search time: 10.765 s, pure query time: 10.729 s] ef=250
Intersection-merged index R@100 = 0.9633

[search time: 10.767 s, pure query time: 10.731 s] ef=250
Intersection-merged index R@100 = 0.9633

set ef = 300
[search time: 17.265 s, pure query time: 17.227 s] ef=300
Intersection-merged index R@100 = 0.9717

[search time: 18.965 s, pure query time: 18.929 s] ef=300
Intersection-merged index R@100 = 0.9717

[search time: 16.031 s, pure query time: 15.993 s] ef=300
Intersection-merged index R@100 = 0.9717

[search time: 12.940 s, pure query time: 12.902 s] ef=300
Intersection-merged index R@100 = 0.9717

[search time: 12.753 s, pure query time: 12.715 s] ef=300
Intersection-merged index R@100 = 0.9717

set ef = 400
[search time: 16.416 s, pure query time: 16.375 s] ef=400
Intersection-merged index R@100 = 0.9816

[search time: 16.585 s, pure query time: 16.543 s] ef=400
Intersection-merged index R@100 = 0.9816

[search time: 16.421 s, pure query time: 16.380 s] ef=400
Intersection-merged index R@100 = 0.9816

[search time: 16.582 s, pure query time: 16.541 s] ef=400
Intersection-merged index R@100 = 0.9816

[search time: 16.430 s, pure query time: 16.389 s] ef=400
Intersection-merged index R@100 = 0.9816

set ef = 500
[search time: 22.652 s, pure query time: 22.610 s] ef=500
Intersection-merged index R@100 = 0.9870

[search time: 29.420 s, pure query time: 29.380 s] ef=500
Intersection-merged index R@100 = 0.9870

[search time: 21.860 s, pure query time: 21.818 s] ef=500
Intersection-merged index R@100 = 0.9870

[search time: 20.023 s, pure query time: 19.980 s] ef=500
Intersection-merged index R@100 = 0.9870

[search time: 20.195 s, pure query time: 20.152 s] ef=500
Intersection-merged index R@100 = 0.9870

set ef = 600
[search time: 23.502 s, pure query time: 23.460 s] ef=600
Intersection-merged index R@100 = 0.9903

[search time: 23.672 s, pure query time: 23.629 s] ef=600
Intersection-merged index R@100 = 0.9903

[search time: 23.765 s, pure query time: 23.722 s] ef=600
Intersection-merged index R@100 = 0.9903

[search time: 34.122 s, pure query time: 34.081 s] ef=600
Intersection-merged index R@100 = 0.9903

[search time: 26.405 s, pure query time: 26.362 s] ef=600
Intersection-merged index R@100 = 0.9903

set ef = 700
[search time: 26.937 s, pure query time: 26.894 s] ef=700
Intersection-merged index R@100 = 0.9925

[search time: 27.112 s, pure query time: 27.068 s] ef=700
Intersection-merged index R@100 = 0.9925

[search time: 27.107 s, pure query time: 27.064 s] ef=700
Intersection-merged index R@100 = 0.9925

[search time: 26.954 s, pure query time: 26.911 s] ef=700
Intersection-merged index R@100 = 0.9925

[search time: 38.578 s, pure query time: 38.536 s] ef=700
Intersection-merged index R@100 = 0.9925

set ef = 800
[search time: 32.453 s, pure query time: 32.409 s] ef=800
Intersection-merged index R@100 = 0.9940

[search time: 30.464 s, pure query time: 30.421 s] ef=800
Intersection-merged index R@100 = 0.9940

[search time: 30.312 s, pure query time: 30.269 s] ef=800
Intersection-merged index R@100 = 0.9940

[search time: 30.479 s, pure query time: 30.435 s] ef=800
Intersection-merged index R@100 = 0.9940

[search time: 39.902 s, pure query time: 39.859 s] ef=800
Intersection-merged index R@100 = 0.9940

Configuration:
  Workload Type: SIFT10M
  Merge Method: ABLATION_C
  Dimension: 128
  Max Elements: 10000000
  Base Vectors: 10000000
  M: 32
  ef_construction: 64
  k: 100
  Query Vectors: 10000
  Iterations: 1
  Rerun: true
  Thread Count: 1
  cnt: 8
  Alpha: 1.05
  Save Index: true
loaded query vectors: 10000 vectors of dimension 128
fvecs_read: /ssd_root/dataset/ann_sift1b/gnd/idx_10M.ivecs
loaded ground-truth for 10000 queries, top 100
Merge method: ABLATION_C
Iteration 1/1
time for new layer: 6.035621
mergeIndex1BasedOnIndex2Connection sum0: 382.736977
mergeIndex1BasedOnIndex2Connection sum1: 23.295020
mergeIndex1BasedOnIndex2Connection sum2: 406.032000
Total time for insertion: 415.353 s
Saved merged index to: /ssd_root/jin467/merger/indexes/ablation_c_8_SIFT10M.hnsw
Start searching
set ef = 100
[search time: 5.087 s, pure query time: 5.061 s] ef=100
Intersection-merged index R@100 = 0.8881

[search time: 5.054 s, pure query time: 5.027 s] ef=100
Intersection-merged index R@100 = 0.8881

[search time: 5.044 s, pure query time: 5.017 s] ef=100
Intersection-merged index R@100 = 0.8881

[search time: 5.150 s, pure query time: 5.124 s] ef=100
Intersection-merged index R@100 = 0.8881

[search time: 5.039 s, pure query time: 5.013 s] ef=100
Intersection-merged index R@100 = 0.8881

set ef = 120
[search time: 5.828 s, pure query time: 5.800 s] ef=120
Intersection-merged index R@100 = 0.9090

[search time: 5.869 s, pure query time: 5.841 s] ef=120
Intersection-merged index R@100 = 0.9090

[search time: 5.862 s, pure query time: 5.834 s] ef=120
Intersection-merged index R@100 = 0.9090

[search time: 5.938 s, pure query time: 5.909 s] ef=120
Intersection-merged index R@100 = 0.9090

[search time: 5.904 s, pure query time: 5.876 s] ef=120
Intersection-merged index R@100 = 0.9090

set ef = 140
[search time: 6.649 s, pure query time: 6.620 s] ef=140
Intersection-merged index R@100 = 0.9244

[search time: 6.686 s, pure query time: 6.657 s] ef=140
Intersection-merged index R@100 = 0.9244

[search time: 7.380 s, pure query time: 7.352 s] ef=140
Intersection-merged index R@100 = 0.9244

[search time: 9.405 s, pure query time: 9.381 s] ef=140
Intersection-merged index R@100 = 0.9244

[search time: 10.283 s, pure query time: 10.258 s] ef=140
Intersection-merged index R@100 = 0.9244

set ef = 160
[search time: 11.087 s, pure query time: 11.061 s] ef=160
Intersection-merged index R@100 = 0.9358

[search time: 10.575 s, pure query time: 10.549 s] ef=160
Intersection-merged index R@100 = 0.9358

[search time: 10.593 s, pure query time: 10.567 s] ef=160
Intersection-merged index R@100 = 0.9358

[search time: 10.618 s, pure query time: 10.592 s] ef=160
Intersection-merged index R@100 = 0.9358

[search time: 8.749 s, pure query time: 8.718 s] ef=160
Intersection-merged index R@100 = 0.9358

set ef = 180
[search time: 8.356 s, pure query time: 8.323 s] ef=180
Intersection-merged index R@100 = 0.9449

[search time: 8.225 s, pure query time: 8.192 s] ef=180
Intersection-merged index R@100 = 0.9449

[search time: 8.242 s, pure query time: 8.210 s] ef=180
Intersection-merged index R@100 = 0.9449

[search time: 8.380 s, pure query time: 8.346 s] ef=180
Intersection-merged index R@100 = 0.9449

[search time: 8.244 s, pure query time: 8.211 s] ef=180
Intersection-merged index R@100 = 0.9449

set ef = 200
[search time: 9.025 s, pure query time: 8.990 s] ef=200
Intersection-merged index R@100 = 0.9518

[search time: 9.144 s, pure query time: 9.109 s] ef=200
Intersection-merged index R@100 = 0.9518

[search time: 9.069 s, pure query time: 9.035 s] ef=200
Intersection-merged index R@100 = 0.9518

[search time: 9.015 s, pure query time: 8.981 s] ef=200
Intersection-merged index R@100 = 0.9518

[search time: 11.170 s, pure query time: 11.134 s] ef=200
Intersection-merged index R@100 = 0.9518

set ef = 250
[search time: 16.763 s, pure query time: 16.729 s] ef=250
Intersection-merged index R@100 = 0.9646

[search time: 15.511 s, pure query time: 15.478 s] ef=250
Intersection-merged index R@100 = 0.9646

[search time: 11.487 s, pure query time: 11.447 s] ef=250
Intersection-merged index R@100 = 0.9646

[search time: 10.973 s, pure query time: 10.935 s] ef=250
Intersection-merged index R@100 = 0.9646

[search time: 10.990 s, pure query time: 10.952 s] ef=250
Intersection-merged index R@100 = 0.9646

set ef = 300
[search time: 13.037 s, pure query time: 12.997 s] ef=300
Intersection-merged index R@100 = 0.9728

[search time: 12.884 s, pure query time: 12.844 s] ef=300
Intersection-merged index R@100 = 0.9728

[search time: 13.049 s, pure query time: 13.008 s] ef=300
Intersection-merged index R@100 = 0.9728

[search time: 12.898 s, pure query time: 12.858 s] ef=300
Intersection-merged index R@100 = 0.9728

[search time: 17.998 s, pure query time: 17.960 s] ef=300
Intersection-merged index R@100 = 0.9728

set ef = 400
[search time: 23.887 s, pure query time: 23.849 s] ef=400
Intersection-merged index R@100 = 0.9824

[search time: 17.046 s, pure query time: 17.002 s] ef=400
Intersection-merged index R@100 = 0.9824

[search time: 16.619 s, pure query time: 16.576 s] ef=400
Intersection-merged index R@100 = 0.9824

[search time: 16.771 s, pure query time: 16.729 s] ef=400
Intersection-merged index R@100 = 0.9824

[search time: 16.764 s, pure query time: 16.722 s] ef=400
Intersection-merged index R@100 = 0.9824

set ef = 500
[search time: 20.243 s, pure query time: 20.200 s] ef=500
Intersection-merged index R@100 = 0.9875

[search time: 29.546 s, pure query time: 29.505 s] ef=500
Intersection-merged index R@100 = 0.9875

[search time: 23.697 s, pure query time: 23.654 s] ef=500
Intersection-merged index R@100 = 0.9875

[search time: 20.241 s, pure query time: 20.198 s] ef=500
Intersection-merged index R@100 = 0.9875

[search time: 20.394 s, pure query time: 20.350 s] ef=500
Intersection-merged index R@100 = 0.9875

set ef = 600
[search time: 23.917 s, pure query time: 23.872 s] ef=600
Intersection-merged index R@100 = 0.9907

[search time: 29.957 s, pure query time: 29.912 s] ef=600
Intersection-merged index R@100 = 0.9907

[search time: 30.202 s, pure query time: 30.159 s] ef=600
Intersection-merged index R@100 = 0.9907

[search time: 23.788 s, pure query time: 23.744 s] ef=600
Intersection-merged index R@100 = 0.9907

[search time: 23.935 s, pure query time: 23.891 s] ef=600
Intersection-merged index R@100 = 0.9907

set ef = 700
[search time: 27.381 s, pure query time: 27.334 s] ef=700
Intersection-merged index R@100 = 0.9928

[search time: 38.105 s, pure query time: 38.063 s] ef=700
Intersection-merged index R@100 = 0.9928

[search time: 29.019 s, pure query time: 28.973 s] ef=700
Intersection-merged index R@100 = 0.9928

[search time: 27.412 s, pure query time: 27.366 s] ef=700
Intersection-merged index R@100 = 0.9928

[search time: 27.391 s, pure query time: 27.345 s] ef=700
Intersection-merged index R@100 = 0.9928

set ef = 800
[search time: 40.465 s, pure query time: 40.423 s] ef=800
Intersection-merged index R@100 = 0.9943

[search time: 33.380 s, pure query time: 33.335 s] ef=800
Intersection-merged index R@100 = 0.9943

[search time: 30.810 s, pure query time: 30.764 s] ef=800
Intersection-merged index R@100 = 0.9943

[search time: 30.812 s, pure query time: 30.765 s] ef=800
Intersection-merged index R@100 = 0.9943

[search time: 43.127 s, pure query time: 43.085 s] ef=800
Intersection-merged index R@100 = 0.9943


Configuration:
  Workload Type: SIFT10M
  Merge Method: ABLATION_C
  Dimension: 128
  Max Elements: 10000000
  Base Vectors: 10000000
  M: 32
  ef_construction: 64
  k: 100
  Query Vectors: 10000
  Iterations: 1
  Rerun: true
  Thread Count: 1
  cnt: 9
  Alpha: 1.05
  Save Index: true
loaded query vectors: 10000 vectors of dimension 128
fvecs_read: /ssd_root/dataset/ann_sift1b/gnd/idx_10M.ivecs
loaded ground-truth for 10000 queries, top 100
Merge method: ABLATION_C
Iteration 1/1
time for new layer: 5.926172
mergeIndex1BasedOnIndex2Connection sum0: 406.639891
mergeIndex1BasedOnIndex2Connection sum1: 26.314290
mergeIndex1BasedOnIndex2Connection sum2: 432.954189
Total time for insertion: 442.271 s
Saved merged index to: /ssd_root/jin467/merger/indexes/ablation_c_9_SIFT10M.hnsw
Start searching
set ef = 100
[search time: 5.061 s, pure query time: 5.035 s] ef=100
Intersection-merged index R@100 = 0.8910

[search time: 4.960 s, pure query time: 4.934 s] ef=100
Intersection-merged index R@100 = 0.8910

[search time: 4.994 s, pure query time: 4.967 s] ef=100
Intersection-merged index R@100 = 0.8910

[search time: 4.998 s, pure query time: 4.972 s] ef=100
Intersection-merged index R@100 = 0.8910

[search time: 4.955 s, pure query time: 4.929 s] ef=100
Intersection-merged index R@100 = 0.8910

set ef = 120
[search time: 5.861 s, pure query time: 5.832 s] ef=120
Intersection-merged index R@100 = 0.9117

[search time: 5.823 s, pure query time: 5.795 s] ef=120
Intersection-merged index R@100 = 0.9117

[search time: 5.762 s, pure query time: 5.735 s] ef=120
Intersection-merged index R@100 = 0.9117

[search time: 5.794 s, pure query time: 5.766 s] ef=120
Intersection-merged index R@100 = 0.9117

[search time: 5.791 s, pure query time: 5.764 s] ef=120
Intersection-merged index R@100 = 0.9117

set ef = 140
[search time: 6.656 s, pure query time: 6.626 s] ef=140
Intersection-merged index R@100 = 0.9267

[search time: 6.640 s, pure query time: 6.611 s] ef=140
Intersection-merged index R@100 = 0.9267

[search time: 6.581 s, pure query time: 6.551 s] ef=140
Intersection-merged index R@100 = 0.9267

[search time: 6.615 s, pure query time: 6.586 s] ef=140
Intersection-merged index R@100 = 0.9267

[search time: 7.144 s, pure query time: 7.114 s] ef=140
Intersection-merged index R@100 = 0.9267

set ef = 160
[search time: 10.877 s, pure query time: 10.851 s] ef=160
Intersection-merged index R@100 = 0.9378

[search time: 11.782 s, pure query time: 11.756 s] ef=160
Intersection-merged index R@100 = 0.9378

[search time: 11.044 s, pure query time: 11.018 s] ef=160
Intersection-merged index R@100 = 0.9378

[search time: 10.771 s, pure query time: 10.744 s] ef=160
Intersection-merged index R@100 = 0.9378

[search time: 10.787 s, pure query time: 10.761 s] ef=160
Intersection-merged index R@100 = 0.9378

set ef = 180
[search time: 11.923 s, pure query time: 11.895 s] ef=180
Intersection-merged index R@100 = 0.9466

[search time: 8.699 s, pure query time: 8.667 s] ef=180
Intersection-merged index R@100 = 0.9466

[search time: 8.127 s, pure query time: 8.096 s] ef=180
Intersection-merged index R@100 = 0.9466

[search time: 8.103 s, pure query time: 8.072 s] ef=180
Intersection-merged index R@100 = 0.9466

[search time: 8.106 s, pure query time: 8.075 s] ef=180
Intersection-merged index R@100 = 0.9466

set ef = 200
[search time: 8.921 s, pure query time: 8.887 s] ef=200
Intersection-merged index R@100 = 0.9534

[search time: 8.989 s, pure query time: 8.954 s] ef=200
Intersection-merged index R@100 = 0.9534

[search time: 8.895 s, pure query time: 8.862 s] ef=200
Intersection-merged index R@100 = 0.9534

[search time: 8.882 s, pure query time: 8.850 s] ef=200
Intersection-merged index R@100 = 0.9534

[search time: 8.935 s, pure query time: 8.902 s] ef=200
Intersection-merged index R@100 = 0.9534

set ef = 250
[search time: 10.879 s, pure query time: 10.843 s] ef=250
Intersection-merged index R@100 = 0.9658

[search time: 10.787 s, pure query time: 10.750 s] ef=250
Intersection-merged index R@100 = 0.9658

[search time: 10.799 s, pure query time: 10.763 s] ef=250
Intersection-merged index R@100 = 0.9658

[search time: 10.922 s, pure query time: 10.884 s] ef=250
Intersection-merged index R@100 = 0.9658

[search time: 10.781 s, pure query time: 10.744 s] ef=250
Intersection-merged index R@100 = 0.9658

set ef = 300
[search time: 12.647 s, pure query time: 12.608 s] ef=300
Intersection-merged index R@100 = 0.9737

[search time: 19.798 s, pure query time: 19.760 s] ef=300
Intersection-merged index R@100 = 0.9737

[search time: 18.645 s, pure query time: 18.608 s] ef=300
Intersection-merged index R@100 = 0.9737

[search time: 13.551 s, pure query time: 13.511 s] ef=300
Intersection-merged index R@100 = 0.9737

[search time: 12.705 s, pure query time: 12.667 s] ef=300
Intersection-merged index R@100 = 0.9737

set ef = 400
[search time: 16.386 s, pure query time: 16.345 s] ef=400
Intersection-merged index R@100 = 0.9830

[search time: 16.416 s, pure query time: 16.375 s] ef=400
Intersection-merged index R@100 = 0.9830

[search time: 16.330 s, pure query time: 16.289 s] ef=400
Intersection-merged index R@100 = 0.9830

[search time: 16.459 s, pure query time: 16.418 s] ef=400
Intersection-merged index R@100 = 0.9830

[search time: 16.320 s, pure query time: 16.280 s] ef=400
Intersection-merged index R@100 = 0.9830

set ef = 500
[search time: 20.017 s, pure query time: 19.974 s] ef=500
Intersection-merged index R@100 = 0.9880

[search time: 20.704 s, pure query time: 20.662 s] ef=500
Intersection-merged index R@100 = 0.9880

[search time: 30.163 s, pure query time: 30.121 s] ef=500
Intersection-merged index R@100 = 0.9880

[search time: 22.139 s, pure query time: 22.097 s] ef=500
Intersection-merged index R@100 = 0.9880

[search time: 19.772 s, pure query time: 19.730 s] ef=500
Intersection-merged index R@100 = 0.9880

set ef = 600
[search time: 23.317 s, pure query time: 23.274 s] ef=600
Intersection-merged index R@100 = 0.9911

[search time: 23.220 s, pure query time: 23.177 s] ef=600
Intersection-merged index R@100 = 0.9911

[search time: 23.305 s, pure query time: 23.262 s] ef=600
Intersection-merged index R@100 = 0.9911

[search time: 23.327 s, pure query time: 23.285 s] ef=600
Intersection-merged index R@100 = 0.9911

[search time: 23.209 s, pure query time: 23.167 s] ef=600
Intersection-merged index R@100 = 0.9911

set ef = 700
[search time: 38.683 s, pure query time: 38.639 s] ef=700
Intersection-merged index R@100 = 0.9931

[search time: 29.890 s, pure query time: 29.846 s] ef=700
Intersection-merged index R@100 = 0.9931

[search time: 26.801 s, pure query time: 26.758 s] ef=700
Intersection-merged index R@100 = 0.9931

[search time: 26.913 s, pure query time: 26.871 s] ef=700
Intersection-merged index R@100 = 0.9931

[search time: 26.927 s, pure query time: 26.884 s] ef=700
Intersection-merged index R@100 = 0.9931

set ef = 800
[search time: 30.221 s, pure query time: 30.178 s] ef=800
Intersection-merged index R@100 = 0.9945

[search time: 30.159 s, pure query time: 30.116 s] ef=800
Intersection-merged index R@100 = 0.9945

[search time: 44.356 s, pure query time: 44.313 s] ef=800
Intersection-merged index R@100 = 0.9945

[search time: 30.837 s, pure query time: 30.791 s] ef=800
Intersection-merged index R@100 = 0.9945

[search time: 30.303 s, pure query time: 30.260 s] ef=800
Intersection-merged index R@100 = 0.9945

Configuration:
  Workload Type: SIFT10M
  Merge Method: ABLATION_C
  Dimension: 128
  Max Elements: 10000000
  Base Vectors: 10000000
  M: 32
  ef_construction: 64
  k: 100
  Query Vectors: 10000
  Iterations: 1
  Rerun: true
  Thread Count: 1
  cnt: 10
  Alpha: 1.05
  Save Index: true
loaded query vectors: 10000 vectors of dimension 128
fvecs_read: /ssd_root/dataset/ann_sift1b/gnd/idx_10M.ivecs
loaded ground-truth for 10000 queries, top 100
Merge method: ABLATION_C
Iteration 1/1
time for new layer: 5.853572
mergeIndex1BasedOnIndex2Connection sum0: 428.846425
mergeIndex1BasedOnIndex2Connection sum1: 29.840373
mergeIndex1BasedOnIndex2Connection sum2: 458.686796
Total time for insertion: 467.969 s
Saved merged index to: /ssd_root/jin467/merger/indexes/ablation_c_10_SIFT10M.hnsw
Start searching
set ef = 100
[search time: 5.169 s, pure query time: 5.143 s] ef=100
Intersection-merged index R@100 = 0.8936

[search time: 5.177 s, pure query time: 5.151 s] ef=100
Intersection-merged index R@100 = 0.8936

[search time: 5.153 s, pure query time: 5.127 s] ef=100
Intersection-merged index R@100 = 0.8936

[search time: 5.137 s, pure query time: 5.110 s] ef=100
Intersection-merged index R@100 = 0.8936

[search time: 5.229 s, pure query time: 5.203 s] ef=100
Intersection-merged index R@100 = 0.8936

set ef = 120
[search time: 5.989 s, pure query time: 5.962 s] ef=120
Intersection-merged index R@100 = 0.9140

[search time: 5.945 s, pure query time: 5.918 s] ef=120
Intersection-merged index R@100 = 0.9140

[search time: 5.971 s, pure query time: 5.943 s] ef=120
Intersection-merged index R@100 = 0.9140

[search time: 5.965 s, pure query time: 5.937 s] ef=120
Intersection-merged index R@100 = 0.9140

[search time: 7.464 s, pure query time: 7.436 s] ef=120
Intersection-merged index R@100 = 0.9140

set ef = 140
[search time: 9.959 s, pure query time: 9.934 s] ef=140
Intersection-merged index R@100 = 0.9288

[search time: 10.602 s, pure query time: 10.577 s] ef=140
Intersection-merged index R@100 = 0.9288

[search time: 9.858 s, pure query time: 9.833 s] ef=140
Intersection-merged index R@100 = 0.9288

[search time: 9.696 s, pure query time: 9.671 s] ef=140
Intersection-merged index R@100 = 0.9288

[search time: 9.690 s, pure query time: 9.665 s] ef=140
Intersection-merged index R@100 = 0.9288

set ef = 160
[search time: 10.881 s, pure query time: 10.854 s] ef=160
Intersection-merged index R@100 = 0.9397

[search time: 8.924 s, pure query time: 8.893 s] ef=160
Intersection-merged index R@100 = 0.9397

[search time: 7.730 s, pure query time: 7.700 s] ef=160
Intersection-merged index R@100 = 0.9397

[search time: 7.596 s, pure query time: 7.566 s] ef=160
Intersection-merged index R@100 = 0.9397

[search time: 7.595 s, pure query time: 7.565 s] ef=160
Intersection-merged index R@100 = 0.9397

set ef = 180
[search time: 8.396 s, pure query time: 8.364 s] ef=180
Intersection-merged index R@100 = 0.9481

[search time: 8.404 s, pure query time: 8.372 s] ef=180
Intersection-merged index R@100 = 0.9481

[search time: 8.545 s, pure query time: 8.513 s] ef=180
Intersection-merged index R@100 = 0.9481

[search time: 8.420 s, pure query time: 8.388 s] ef=180
Intersection-merged index R@100 = 0.9481

[search time: 8.394 s, pure query time: 8.362 s] ef=180
Intersection-merged index R@100 = 0.9481

set ef = 200
[search time: 9.212 s, pure query time: 9.178 s] ef=200
Intersection-merged index R@100 = 0.9549

[search time: 9.249 s, pure query time: 9.215 s] ef=200
Intersection-merged index R@100 = 0.9549

[search time: 9.338 s, pure query time: 9.304 s] ef=200
Intersection-merged index R@100 = 0.9549

[search time: 9.206 s, pure query time: 9.172 s] ef=200
Intersection-merged index R@100 = 0.9549

[search time: 9.196 s, pure query time: 9.162 s] ef=200
Intersection-merged index R@100 = 0.9549

set ef = 250
[search time: 12.771 s, pure query time: 12.735 s] ef=250
Intersection-merged index R@100 = 0.9669

[search time: 16.806 s, pure query time: 16.772 s] ef=250
Intersection-merged index R@100 = 0.9669

[search time: 16.348 s, pure query time: 16.314 s] ef=250
Intersection-merged index R@100 = 0.9669

[search time: 13.347 s, pure query time: 13.310 s] ef=250
Intersection-merged index R@100 = 0.9669

[search time: 11.375 s, pure query time: 11.338 s] ef=250
Intersection-merged index R@100 = 0.9669

set ef = 300
[search time: 13.141 s, pure query time: 13.102 s] ef=300
Intersection-merged index R@100 = 0.9746

[search time: 13.143 s, pure query time: 13.104 s] ef=300
Intersection-merged index R@100 = 0.9746

[search time: 13.305 s, pure query time: 13.265 s] ef=300
Intersection-merged index R@100 = 0.9746

[search time: 13.160 s, pure query time: 13.120 s] ef=300
Intersection-merged index R@100 = 0.9746

[search time: 13.151 s, pure query time: 13.112 s] ef=300
Intersection-merged index R@100 = 0.9746

set ef = 400
[search time: 17.070 s, pure query time: 17.028 s] ef=400
Intersection-merged index R@100 = 0.9836

[search time: 16.920 s, pure query time: 16.878 s] ef=400
Intersection-merged index R@100 = 0.9836

[search time: 18.845 s, pure query time: 18.804 s] ef=400
Intersection-merged index R@100 = 0.9836

[search time: 25.310 s, pure query time: 25.270 s] ef=400
Intersection-merged index R@100 = 0.9836

[search time: 20.759 s, pure query time: 20.718 s] ef=400
Intersection-merged index R@100 = 0.9836

set ef = 500
[search time: 20.788 s, pure query time: 20.745 s] ef=500
Intersection-merged index R@100 = 0.9884

[search time: 20.609 s, pure query time: 20.566 s] ef=500
Intersection-merged index R@100 = 0.9884

[search time: 20.785 s, pure query time: 20.742 s] ef=500
Intersection-merged index R@100 = 0.9884

[search time: 20.614 s, pure query time: 20.571 s] ef=500
Intersection-merged index R@100 = 0.9884

[search time: 20.791 s, pure query time: 20.747 s] ef=500
Intersection-merged index R@100 = 0.9884

set ef = 600
[search time: 25.902 s, pure query time: 25.858 s] ef=600
Intersection-merged index R@100 = 0.9914

[search time: 35.417 s, pure query time: 35.376 s] ef=600
Intersection-merged index R@100 = 0.9914

[search time: 25.293 s, pure query time: 25.249 s] ef=600
Intersection-merged index R@100 = 0.9914

[search time: 24.210 s, pure query time: 24.166 s] ef=600
Intersection-merged index R@100 = 0.9914

[search time: 24.401 s, pure query time: 24.356 s] ef=600
Intersection-merged index R@100 = 0.9914

set ef = 700
[search time: 27.838 s, pure query time: 27.794 s] ef=700
Intersection-merged index R@100 = 0.9933

[search time: 27.775 s, pure query time: 27.731 s] ef=700
Intersection-merged index R@100 = 0.9933

[search time: 38.590 s, pure query time: 38.547 s] ef=700
Intersection-merged index R@100 = 0.9933

[search time: 30.617 s, pure query time: 30.573 s] ef=700
Intersection-merged index R@100 = 0.9933

[search time: 27.758 s, pure query time: 27.714 s] ef=700
Intersection-merged index R@100 = 0.9933

set ef = 800
[search time: 31.347 s, pure query time: 31.303 s] ef=800
Intersection-merged index R@100 = 0.9947

[search time: 31.357 s, pure query time: 31.312 s] ef=800
Intersection-merged index R@100 = 0.9947

[search time: 36.073 s, pure query time: 36.029 s] ef=800
Intersection-merged index R@100 = 0.9947

[search time: 40.073 s, pure query time: 40.030 s] ef=800
Intersection-merged index R@100 = 0.9947

[search time: 31.237 s, pure query time: 31.193 s] ef=800
Intersection-merged index R@100 = 0.9947