[K[01;32mjin467@db4[00m:[01;34m~/github_download/hnswlib/hnswlib[00m$ ./bash
[?2004l
g++ -Wno-write-strings -Wno-unused-result -Wno-format  -O3 experiment.cpp -o exps -I/usr/local/include -L/usr/local/lib -fopenmp -lopenblas -llapack -ltbb
Configuration:
  Workload Type: SIFT10M
  Merge Method: ABLATION_C
  Dimension: 128
  Max Elements: 10000000
  Base Vectors: 10000000
  M: 32
  ef_construction: 64
  k: 100
  Query Vectors: 10000
  Iterations: 2
  Rerun: true
  Thread Count: 1
  cnt: 1
  Alpha: 1.05
  Save Index: true
loaded query vectors: 10000 vectors of dimension 128
fvecs_read: /ssd_root/dataset/ann_sift1b/gnd/idx_10M.ivecs
loaded ground-truth for 10000 queries, top 100
Merge method: ABLATION_C
Iteration 1/2
time for new layer: 5.988643
mergeIndex1BasedOnIndex2Connection sum0: 128.640190
mergeIndex1BasedOnIndex2Connection sum1: 3.414043
mergeIndex1BasedOnIndex2Connection sum2: 132.054237
Total time for insertion: 138.969 s
Saved merged index to: /ssd_root/jin467/merger/indexes/ablation_c_SIFT10M.hnsw
Iteration 2/2
time for new layer: 8.618247
mergeIndex1BasedOnIndex2Connection sum0: 154.702872
mergeIndex1BasedOnIndex2Connection sum1: 5.787847
mergeIndex1BasedOnIndex2Connection sum2: 160.490722
Total time for insertion: 170.316 s
Saved merged index to: /ssd_root/jin467/merger/indexes/ablation_c_SIFT10M.hnsw
Start searching
set ef = 100
[search time: 5.645 s, pure query time: 5.619 s] ef=100
Intersection-merged index R@100 = 0.8494

[search time: 4.318 s, pure query time: 4.299 s] ef=100
Intersection-merged index R@100 = 0.8494

[search time: 4.312 s, pure query time: 4.293 s] ef=100
Intersection-merged index R@100 = 0.8494

[search time: 4.325 s, pure query time: 4.307 s] ef=100
Intersection-merged index R@100 = 0.8494

[search time: 4.341 s, pure query time: 4.323 s] ef=100
Intersection-merged index R@100 = 0.8494

set ef = 120
[search time: 5.066 s, pure query time: 5.047 s] ef=120
Intersection-merged index R@100 = 0.8755

[search time: 5.063 s, pure query time: 5.043 s] ef=120
Intersection-merged index R@100 = 0.8755

[search time: 5.050 s, pure query time: 5.030 s] ef=120
Intersection-merged index R@100 = 0.8755

[search time: 5.067 s, pure query time: 5.047 s] ef=120
Intersection-merged index R@100 = 0.8755

[search time: 5.034 s, pure query time: 5.015 s] ef=120
Intersection-merged index R@100 = 0.8755

set ef = 140
[search time: 5.741 s, pure query time: 5.721 s] ef=140
Intersection-merged index R@100 = 0.8955

[search time: 5.747 s, pure query time: 5.727 s] ef=140
Intersection-merged index R@100 = 0.8955

[search time: 5.765 s, pure query time: 5.744 s] ef=140
Intersection-merged index R@100 = 0.8955

[search time: 5.774 s, pure query time: 5.754 s] ef=140
Intersection-merged index R@100 = 0.8955

[search time: 5.750 s, pure query time: 5.730 s] ef=140
Intersection-merged index R@100 = 0.8955

set ef = 160
[search time: 6.447 s, pure query time: 6.426 s] ef=160
Intersection-merged index R@100 = 0.9106

[search time: 6.459 s, pure query time: 6.438 s] ef=160
Intersection-merged index R@100 = 0.9106

[search time: 6.492 s, pure query time: 6.470 s] ef=160
Intersection-merged index R@100 = 0.9106

[search time: 6.455 s, pure query time: 6.433 s] ef=160
Intersection-merged index R@100 = 0.9106

[search time: 6.455 s, pure query time: 6.433 s] ef=160
Intersection-merged index R@100 = 0.9106

set ef = 180
[search time: 7.161 s, pure query time: 7.138 s] ef=180
Intersection-merged index R@100 = 0.9226

[search time: 7.185 s, pure query time: 7.162 s] ef=180
Intersection-merged index R@100 = 0.9226

[search time: 7.150 s, pure query time: 7.127 s] ef=180
Intersection-merged index R@100 = 0.9226

[search time: 7.145 s, pure query time: 7.123 s] ef=180
Intersection-merged index R@100 = 0.9226

[search time: 7.186 s, pure query time: 7.163 s] ef=180
Intersection-merged index R@100 = 0.9226

set ef = 200
[search time: 7.855 s, pure query time: 7.831 s] ef=200
Intersection-merged index R@100 = 0.9322

[search time: 7.850 s, pure query time: 7.827 s] ef=200
Intersection-merged index R@100 = 0.9322

[search time: 7.849 s, pure query time: 7.825 s] ef=200
Intersection-merged index R@100 = 0.9322

[search time: 7.893 s, pure query time: 7.869 s] ef=200
Intersection-merged index R@100 = 0.9322

[search time: 7.847 s, pure query time: 7.823 s] ef=200
Intersection-merged index R@100 = 0.9322

set ef = 250
[search time: 9.885 s, pure query time: 9.856 s] ef=250
Intersection-merged index R@100 = 0.9494

[search time: 15.166 s, pure query time: 15.133 s] ef=250
Intersection-merged index R@100 = 0.9494

[search time: 15.005 s, pure query time: 14.974 s] ef=250
Intersection-merged index R@100 = 0.9494

[search time: 14.112 s, pure query time: 14.081 s] ef=250
Intersection-merged index R@100 = 0.9494

[search time: 10.052 s, pure query time: 10.022 s] ef=250
Intersection-merged index R@100 = 0.9494

set ef = 300
[search time: 11.179 s, pure query time: 11.146 s] ef=300
Intersection-merged index R@100 = 0.9607

[search time: 11.259 s, pure query time: 11.227 s] ef=300
Intersection-merged index R@100 = 0.9607

[search time: 11.110 s, pure query time: 11.078 s] ef=300
Intersection-merged index R@100 = 0.9607

[search time: 11.117 s, pure query time: 11.085 s] ef=300
Intersection-merged index R@100 = 0.9607

[search time: 11.194 s, pure query time: 11.161 s] ef=300
Intersection-merged index R@100 = 0.9607

set ef = 400
[search time: 14.327 s, pure query time: 14.291 s] ef=400
Intersection-merged index R@100 = 0.9743

[search time: 14.411 s, pure query time: 14.375 s] ef=400
Intersection-merged index R@100 = 0.9743

[search time: 14.337 s, pure query time: 14.302 s] ef=400
Intersection-merged index R@100 = 0.9743

[search time: 14.392 s, pure query time: 14.356 s] ef=400
Intersection-merged index R@100 = 0.9743

[search time: 17.220 s, pure query time: 17.182 s] ef=400
Intersection-merged index R@100 = 0.9743

set ef = 500
[search time: 27.379 s, pure query time: 27.340 s] ef=500
Intersection-merged index R@100 = 0.9817

[search time: 18.813 s, pure query time: 18.773 s] ef=500
Intersection-merged index R@100 = 0.9817

[search time: 17.575 s, pure query time: 17.537 s] ef=500
Intersection-merged index R@100 = 0.9817

[search time: 17.552 s, pure query time: 17.514 s] ef=500
Intersection-merged index R@100 = 0.9817

[search time: 17.595 s, pure query time: 17.557 s] ef=500
Intersection-merged index R@100 = 0.9817

set ef = 600
[search time: 20.605 s, pure query time: 20.566 s] ef=600
Intersection-merged index R@100 = 0.9862

[search time: 20.684 s, pure query time: 20.645 s] ef=600
Intersection-merged index R@100 = 0.9862

[search time: 20.688 s, pure query time: 20.648 s] ef=600
Intersection-merged index R@100 = 0.9862

[search time: 24.947 s, pure query time: 24.906 s] ef=600
Intersection-merged index R@100 = 0.9862

[search time: 30.165 s, pure query time: 30.124 s] ef=600
Intersection-merged index R@100 = 0.9862

set ef = 700
[search time: 23.841 s, pure query time: 23.802 s] ef=700
Intersection-merged index R@100 = 0.9892

[search time: 23.771 s, pure query time: 23.732 s] ef=700
Intersection-merged index R@100 = 0.9892

[search time: 23.769 s, pure query time: 23.730 s] ef=700
Intersection-merged index R@100 = 0.9892

[search time: 23.773 s, pure query time: 23.735 s] ef=700
Intersection-merged index R@100 = 0.9892

[search time: 23.782 s, pure query time: 23.743 s] ef=700
Intersection-merged index R@100 = 0.9892

set ef = 800
[search time: 30.492 s, pure query time: 30.451 s] ef=800
Intersection-merged index R@100 = 0.9913

[search time: 36.784 s, pure query time: 36.742 s] ef=800
Intersection-merged index R@100 = 0.9913

[search time: 26.796 s, pure query time: 26.758 s] ef=800
Intersection-merged index R@100 = 0.9913

[search time: 26.776 s, pure query time: 26.738 s] ef=800
Intersection-merged index R@100 = 0.9913

[search time: 26.742 s, pure query time: 26.704 s] ef=800
Intersection-merged index R@100 = 0.9913

Configuration:
  Workload Type: SIFT10M
  Merge Method: ABLATION_C
  Dimension: 128
  Max Elements: 10000000
  Base Vectors: 10000000
  M: 32
  ef_construction: 64
  k: 100
  Query Vectors: 10000
  Iterations: 2
  Rerun: true
  Thread Count: 1
  cnt: 2
  Alpha: 1.05
  Save Index: true
loaded query vectors: 10000 vectors of dimension 128
fvecs_read: /ssd_root/dataset/ann_sift1b/gnd/idx_10M.ivecs
loaded ground-truth for 10000 queries, top 100
Merge method: ABLATION_C
Iteration 1/2
time for new layer: 5.833744
mergeIndex1BasedOnIndex2Connection sum0: 176.596289
mergeIndex1BasedOnIndex2Connection sum1: 5.870228
mergeIndex1BasedOnIndex2Connection sum2: 182.466535
Total time for insertion: 190.080 s
Saved merged index to: /ssd_root/jin467/merger/indexes/ablation_c_SIFT10M.hnsw
Iteration 2/2
time for new layer: 10.675508
mergeIndex1BasedOnIndex2Connection sum0: 203.766792
mergeIndex1BasedOnIndex2Connection sum1: 8.658635
mergeIndex1BasedOnIndex2Connection sum2: 212.425427
Total time for insertion: 225.309 s
Saved merged index to: /ssd_root/jin467/merger/indexes/ablation_c_SIFT10M.hnsw
Start searching
set ef = 100
[search time: 5.383 s, pure query time: 5.358 s] ef=100
Intersection-merged index R@100 = 0.8588

[search time: 5.150 s, pure query time: 5.129 s] ef=100
Intersection-merged index R@100 = 0.8588

[search time: 4.869 s, pure query time: 4.849 s] ef=100
Intersection-merged index R@100 = 0.8588

[search time: 4.766 s, pure query time: 4.746 s] ef=100
Intersection-merged index R@100 = 0.8588

[search time: 4.759 s, pure query time: 4.739 s] ef=100
Intersection-merged index R@100 = 0.8588

set ef = 120
[search time: 5.561 s, pure query time: 5.540 s] ef=120
Intersection-merged index R@100 = 0.8837

[search time: 5.583 s, pure query time: 5.562 s] ef=120
Intersection-merged index R@100 = 0.8837

[search time: 5.588 s, pure query time: 5.563 s] ef=120
Intersection-merged index R@100 = 0.8837

[search time: 5.578 s, pure query time: 5.558 s] ef=120
Intersection-merged index R@100 = 0.8837

[search time: 5.588 s, pure query time: 5.568 s] ef=120
Intersection-merged index R@100 = 0.8837

set ef = 140
[search time: 6.450 s, pure query time: 6.428 s] ef=140
Intersection-merged index R@100 = 0.9025

[search time: 6.647 s, pure query time: 6.626 s] ef=140
Intersection-merged index R@100 = 0.9025

[search time: 6.342 s, pure query time: 6.321 s] ef=140
Intersection-merged index R@100 = 0.9025

[search time: 6.341 s, pure query time: 6.320 s] ef=140
Intersection-merged index R@100 = 0.9025

[search time: 6.328 s, pure query time: 6.307 s] ef=140
Intersection-merged index R@100 = 0.9025

set ef = 160
[search time: 7.266 s, pure query time: 7.243 s] ef=160
Intersection-merged index R@100 = 0.9166

[search time: 9.446 s, pure query time: 9.417 s] ef=160
Intersection-merged index R@100 = 0.9166

[search time: 10.612 s, pure query time: 10.583 s] ef=160
Intersection-merged index R@100 = 0.9166

[search time: 9.522 s, pure query time: 9.494 s] ef=160
Intersection-merged index R@100 = 0.9166

[search time: 9.490 s, pure query time: 9.463 s] ef=160
Intersection-merged index R@100 = 0.9166

set ef = 180
[search time: 8.927 s, pure query time: 8.900 s] ef=180
Intersection-merged index R@100 = 0.9279

[search time: 8.075 s, pure query time: 8.050 s] ef=180
Intersection-merged index R@100 = 0.9279

[search time: 7.882 s, pure query time: 7.858 s] ef=180
Intersection-merged index R@100 = 0.9279

[search time: 7.879 s, pure query time: 7.855 s] ef=180
Intersection-merged index R@100 = 0.9279

[search time: 7.900 s, pure query time: 7.876 s] ef=180
Intersection-merged index R@100 = 0.9279

set ef = 200
[search time: 9.057 s, pure query time: 9.031 s] ef=200
Intersection-merged index R@100 = 0.9368

[search time: 8.652 s, pure query time: 8.628 s] ef=200
Intersection-merged index R@100 = 0.9368

[search time: 8.638 s, pure query time: 8.613 s] ef=200
Intersection-merged index R@100 = 0.9368

[search time: 8.821 s, pure query time: 8.795 s] ef=200
Intersection-merged index R@100 = 0.9368

[search time: 12.379 s, pure query time: 12.347 s] ef=200
Intersection-merged index R@100 = 0.9368

set ef = 250
[search time: 14.300 s, pure query time: 14.267 s] ef=250
Intersection-merged index R@100 = 0.9531

[search time: 12.974 s, pure query time: 12.942 s] ef=250
Intersection-merged index R@100 = 0.9531

[search time: 10.854 s, pure query time: 10.824 s] ef=250
Intersection-merged index R@100 = 0.9531

[search time: 10.514 s, pure query time: 10.485 s] ef=250
Intersection-merged index R@100 = 0.9531

[search time: 10.515 s, pure query time: 10.487 s] ef=250
Intersection-merged index R@100 = 0.9531

set ef = 300
[search time: 12.767 s, pure query time: 12.735 s] ef=300
Intersection-merged index R@100 = 0.9636

[search time: 12.332 s, pure query time: 12.300 s] ef=300
Intersection-merged index R@100 = 0.9636

[search time: 13.613 s, pure query time: 13.580 s] ef=300
Intersection-merged index R@100 = 0.9636

[search time: 17.610 s, pure query time: 17.574 s] ef=300
Intersection-merged index R@100 = 0.9636

[search time: 16.353 s, pure query time: 16.317 s] ef=300
Intersection-merged index R@100 = 0.9636

set ef = 400
[search time: 16.451 s, pure query time: 16.415 s] ef=400
Intersection-merged index R@100 = 0.9762

[search time: 15.910 s, pure query time: 15.874 s] ef=400
Intersection-merged index R@100 = 0.9762

[search time: 16.345 s, pure query time: 16.309 s] ef=400
Intersection-merged index R@100 = 0.9762

[search time: 15.921 s, pure query time: 15.885 s] ef=400
Intersection-merged index R@100 = 0.9762

[search time: 19.482 s, pure query time: 19.443 s] ef=400
Intersection-merged index R@100 = 0.9762

set ef = 500
[search time: 26.201 s, pure query time: 26.160 s] ef=500
Intersection-merged index R@100 = 0.9831

[search time: 19.890 s, pure query time: 19.852 s] ef=500
Intersection-merged index R@100 = 0.9831

[search time: 19.489 s, pure query time: 19.451 s] ef=500
Intersection-merged index R@100 = 0.9831

[search time: 19.751 s, pure query time: 19.713 s] ef=500
Intersection-merged index R@100 = 0.9831

[search time: 22.805 s, pure query time: 22.765 s] ef=500
Intersection-merged index R@100 = 0.9831

set ef = 600
[search time: 29.793 s, pure query time: 29.752 s] ef=600
Intersection-merged index R@100 = 0.9872

[search time: 23.203 s, pure query time: 23.165 s] ef=600
Intersection-merged index R@100 = 0.9872

[search time: 23.275 s, pure query time: 23.237 s] ef=600
Intersection-merged index R@100 = 0.9872

[search time: 24.192 s, pure query time: 24.153 s] ef=600
Intersection-merged index R@100 = 0.9872

[search time: 31.284 s, pure query time: 31.243 s] ef=600
Intersection-merged index R@100 = 0.9872

set ef = 700
[search time: 26.807 s, pure query time: 26.767 s] ef=700
Intersection-merged index R@100 = 0.9901

[search time: 26.539 s, pure query time: 26.500 s] ef=700
Intersection-merged index R@100 = 0.9901

[search time: 29.571 s, pure query time: 29.530 s] ef=700
Intersection-merged index R@100 = 0.9901

[search time: 33.284 s, pure query time: 33.242 s] ef=700
Intersection-merged index R@100 = 0.9901

[search time: 26.235 s, pure query time: 26.196 s] ef=700
Intersection-merged index R@100 = 0.9901

set ef = 800
[search time: 29.802 s, pure query time: 29.763 s] ef=800
Intersection-merged index R@100 = 0.9920

[search time: 38.139 s, pure query time: 38.095 s] ef=800
Intersection-merged index R@100 = 0.9920

[search time: 31.088 s, pure query time: 31.048 s] ef=800
Intersection-merged index R@100 = 0.9920

[search time: 29.805 s, pure query time: 29.766 s] ef=800
Intersection-merged index R@100 = 0.9920

[search time: 35.700 s, pure query time: 35.658 s] ef=800
Intersection-merged index R@100 = 0.9920

Configuration:
  Workload Type: SIFT10M
  Merge Method: ABLATION_C
  Dimension: 128
  Max Elements: 10000000
  Base Vectors: 10000000
  M: 32
  ef_construction: 64
  k: 100
  Query Vectors: 10000
  Iterations: 2
  Rerun: true
  Thread Count: 1
  cnt: 3
  Alpha: 1.05
  Save Index: true
loaded query vectors: 10000 vectors of dimension 128
fvecs_read: /ssd_root/dataset/ann_sift1b/gnd/idx_10M.ivecs
loaded ground-truth for 10000 queries, top 100
Merge method: ABLATION_C
Iteration 1/2
time for new layer: 5.812570
mergeIndex1BasedOnIndex2Connection sum0: 206.630191
mergeIndex1BasedOnIndex2Connection sum1: 7.634207
mergeIndex1BasedOnIndex2Connection sum2: 214.264402
Total time for insertion: 222.097 s
Saved merged index to: /ssd_root/jin467/merger/indexes/ablation_c_SIFT10M.hnsw
Iteration 2/2
time for new layer: 10.952853
mergeIndex1BasedOnIndex2Connection sum0: 257.090227
mergeIndex1BasedOnIndex2Connection sum1: 11.870960
mergeIndex1BasedOnIndex2Connection sum2: 268.961183
Total time for insertion: 282.695 s
Saved merged index to: /ssd_root/jin467/merger/indexes/ablation_c_SIFT10M.hnsw
Start searching
set ef = 100
[search time: 6.943 s, pure query time: 6.920 s] ef=100
Intersection-merged index R@100 = 0.8659

[search time: 6.523 s, pure query time: 6.503 s] ef=100
Intersection-merged index R@100 = 0.8659

[search time: 5.060 s, pure query time: 5.036 s] ef=100
Intersection-merged index R@100 = 0.8659

[search time: 4.936 s, pure query time: 4.916 s] ef=100
Intersection-merged index R@100 = 0.8659

[search time: 4.871 s, pure query time: 4.852 s] ef=100
Intersection-merged index R@100 = 0.8659

set ef = 120
[search time: 5.540 s, pure query time: 5.520 s] ef=120
Intersection-merged index R@100 = 0.8897

[search time: 5.534 s, pure query time: 5.514 s] ef=120
Intersection-merged index R@100 = 0.8897

[search time: 5.517 s, pure query time: 5.497 s] ef=120
Intersection-merged index R@100 = 0.8897

[search time: 5.537 s, pure query time: 5.517 s] ef=120
Intersection-merged index R@100 = 0.8897

[search time: 5.560 s, pure query time: 5.540 s] ef=120
Intersection-merged index R@100 = 0.8897

set ef = 140
[search time: 6.313 s, pure query time: 6.293 s] ef=140
Intersection-merged index R@100 = 0.9078

[search time: 6.602 s, pure query time: 6.580 s] ef=140
Intersection-merged index R@100 = 0.9078

[search time: 6.379 s, pure query time: 6.358 s] ef=140
Intersection-merged index R@100 = 0.9078

[search time: 6.174 s, pure query time: 6.153 s] ef=140
Intersection-merged index R@100 = 0.9078

[search time: 6.154 s, pure query time: 6.134 s] ef=140
Intersection-merged index R@100 = 0.9078

set ef = 160
[search time: 6.906 s, pure query time: 6.884 s] ef=160
Intersection-merged index R@100 = 0.9213

[search time: 6.914 s, pure query time: 6.892 s] ef=160
Intersection-merged index R@100 = 0.9213

[search time: 7.135 s, pure query time: 7.112 s] ef=160
Intersection-merged index R@100 = 0.9213

[search time: 6.959 s, pure query time: 6.937 s] ef=160
Intersection-merged index R@100 = 0.9213

[search time: 6.915 s, pure query time: 6.893 s] ef=160
Intersection-merged index R@100 = 0.9213

set ef = 180
[search time: 7.643 s, pure query time: 7.620 s] ef=180
Intersection-merged index R@100 = 0.9319

[search time: 8.439 s, pure query time: 8.414 s] ef=180
Intersection-merged index R@100 = 0.9319

[search time: 11.330 s, pure query time: 11.300 s] ef=180
Intersection-merged index R@100 = 0.9319

[search time: 11.837 s, pure query time: 11.808 s] ef=180
Intersection-merged index R@100 = 0.9319

[search time: 10.801 s, pure query time: 10.772 s] ef=180
Intersection-merged index R@100 = 0.9319

set ef = 200
[search time: 10.489 s, pure query time: 10.460 s] ef=200
Intersection-merged index R@100 = 0.9404

[search time: 9.065 s, pure query time: 9.040 s] ef=200
Intersection-merged index R@100 = 0.9404

[search time: 8.484 s, pure query time: 8.459 s] ef=200
Intersection-merged index R@100 = 0.9404

[search time: 8.472 s, pure query time: 8.447 s] ef=200
Intersection-merged index R@100 = 0.9404

[search time: 8.479 s, pure query time: 8.454 s] ef=200
Intersection-merged index R@100 = 0.9404

set ef = 250
[search time: 10.559 s, pure query time: 10.531 s] ef=250
Intersection-merged index R@100 = 0.9559

[search time: 10.304 s, pure query time: 10.276 s] ef=250
Intersection-merged index R@100 = 0.9559

[search time: 10.303 s, pure query time: 10.274 s] ef=250
Intersection-merged index R@100 = 0.9559

[search time: 10.388 s, pure query time: 10.360 s] ef=250
Intersection-merged index R@100 = 0.9559

[search time: 10.483 s, pure query time: 10.454 s] ef=250
Intersection-merged index R@100 = 0.9559

set ef = 300
[search time: 12.081 s, pure query time: 12.050 s] ef=300
Intersection-merged index R@100 = 0.9659

[search time: 13.789 s, pure query time: 13.757 s] ef=300
Intersection-merged index R@100 = 0.9659

[search time: 17.944 s, pure query time: 17.909 s] ef=300
Intersection-merged index R@100 = 0.9659

[search time: 16.362 s, pure query time: 16.326 s] ef=300
Intersection-merged index R@100 = 0.9659

[search time: 12.963 s, pure query time: 12.931 s] ef=300
Intersection-merged index R@100 = 0.9659

set ef = 400
[search time: 15.905 s, pure query time: 15.870 s] ef=400
Intersection-merged index R@100 = 0.9777

[search time: 16.155 s, pure query time: 16.120 s] ef=400
Intersection-merged index R@100 = 0.9777

[search time: 15.939 s, pure query time: 15.904 s] ef=400
Intersection-merged index R@100 = 0.9777

[search time: 15.968 s, pure query time: 15.932 s] ef=400
Intersection-merged index R@100 = 0.9777

[search time: 16.100 s, pure query time: 16.064 s] ef=400
Intersection-merged index R@100 = 0.9777

set ef = 500
[search time: 20.420 s, pure query time: 20.383 s] ef=500
Intersection-merged index R@100 = 0.9842

[search time: 27.705 s, pure query time: 27.668 s] ef=500
Intersection-merged index R@100 = 0.9842

[search time: 21.352 s, pure query time: 21.311 s] ef=500
Intersection-merged index R@100 = 0.9842

[search time: 18.928 s, pure query time: 18.887 s] ef=500
Intersection-merged index R@100 = 0.9842

[search time: 19.211 s, pure query time: 19.170 s] ef=500
Intersection-merged index R@100 = 0.9842

set ef = 600
[search time: 22.208 s, pure query time: 22.167 s] ef=600
Intersection-merged index R@100 = 0.9880

[search time: 22.500 s, pure query time: 22.459 s] ef=600
Intersection-merged index R@100 = 0.9880

[search time: 27.339 s, pure query time: 27.299 s] ef=600
Intersection-merged index R@100 = 0.9880

[search time: 29.386 s, pure query time: 29.347 s] ef=600
Intersection-merged index R@100 = 0.9880

[search time: 22.478 s, pure query time: 22.437 s] ef=600
Intersection-merged index R@100 = 0.9880

set ef = 700
[search time: 25.871 s, pure query time: 25.829 s] ef=700
Intersection-merged index R@100 = 0.9907

[search time: 25.767 s, pure query time: 25.726 s] ef=700
Intersection-merged index R@100 = 0.9907

[search time: 25.696 s, pure query time: 25.655 s] ef=700
Intersection-merged index R@100 = 0.9907

[search time: 35.451 s, pure query time: 35.411 s] ef=700
Intersection-merged index R@100 = 0.9907

[search time: 28.052 s, pure query time: 28.010 s] ef=700
Intersection-merged index R@100 = 0.9907

set ef = 800
[search time: 29.043 s, pure query time: 29.001 s] ef=800
Intersection-merged index R@100 = 0.9926

[search time: 28.872 s, pure query time: 28.831 s] ef=800
Intersection-merged index R@100 = 0.9926

[search time: 28.929 s, pure query time: 28.888 s] ef=800
Intersection-merged index R@100 = 0.9926

[search time: 40.529 s, pure query time: 40.487 s] ef=800
Intersection-merged index R@100 = 0.9926

[search time: 29.451 s, pure query time: 29.408 s] ef=800
Intersection-merged index R@100 = 0.9926

Configuration:
  Workload Type: SIFT10M
  Merge Method: ABLATION_C
  Dimension: 128
  Max Elements: 10000000
  Base Vectors: 10000000
  M: 32
  ef_construction: 64
  k: 100
  Query Vectors: 10000
  Iterations: 2
  Rerun: true
  Thread Count: 1
  cnt: 4
  Alpha: 1.05
  Save Index: true
loaded query vectors: 10000 vectors of dimension 128
fvecs_read: /ssd_root/dataset/ann_sift1b/gnd/idx_10M.ivecs
loaded ground-truth for 10000 queries, top 100
Merge method: ABLATION_C
Iteration 1/2
time for new layer: 5.840741
mergeIndex1BasedOnIndex2Connection sum0: 237.115896
mergeIndex1BasedOnIndex2Connection sum1: 9.939822
mergeIndex1BasedOnIndex2Connection sum2: 247.055727
Total time for insertion: 255.083 s
Saved merged index to: /ssd_root/jin467/merger/indexes/ablation_c_SIFT10M.hnsw
Iteration 2/2
time for new layer: 10.638028
mergeIndex1BasedOnIndex2Connection sum0: 289.818100
mergeIndex1BasedOnIndex2Connection sum1: 13.280260
mergeIndex1BasedOnIndex2Connection sum2: 303.098378
Total time for insertion: 316.569 s
Saved merged index to: /ssd_root/jin467/merger/indexes/ablation_c_SIFT10M.hnsw
Start searching
set ef = 100
[search time: 5.700 s, pure query time: 5.676 s] ef=100
Intersection-merged index R@100 = 0.8718

[search time: 4.638 s, pure query time: 4.619 s] ef=100
Intersection-merged index R@100 = 0.8718

[search time: 4.642 s, pure query time: 4.623 s] ef=100
Intersection-merged index R@100 = 0.8718

[search time: 4.643 s, pure query time: 4.624 s] ef=100
Intersection-merged index R@100 = 0.8718

[search time: 4.667 s, pure query time: 4.648 s] ef=100
Intersection-merged index R@100 = 0.8718

set ef = 120
[search time: 5.452 s, pure query time: 5.432 s] ef=120
Intersection-merged index R@100 = 0.8949

[search time: 5.433 s, pure query time: 5.413 s] ef=120
Intersection-merged index R@100 = 0.8949

[search time: 5.449 s, pure query time: 5.429 s] ef=120
Intersection-merged index R@100 = 0.8949

[search time: 5.516 s, pure query time: 5.496 s] ef=120
Intersection-merged index R@100 = 0.8949

[search time: 5.463 s, pure query time: 5.444 s] ef=120
Intersection-merged index R@100 = 0.8949

set ef = 140
[search time: 6.188 s, pure query time: 6.168 s] ef=140
Intersection-merged index R@100 = 0.9122

[search time: 6.182 s, pure query time: 6.162 s] ef=140
Intersection-merged index R@100 = 0.9122

[search time: 6.182 s, pure query time: 6.161 s] ef=140
Intersection-merged index R@100 = 0.9122

[search time: 6.207 s, pure query time: 6.187 s] ef=140
Intersection-merged index R@100 = 0.9122

[search time: 6.290 s, pure query time: 6.269 s] ef=140
Intersection-merged index R@100 = 0.9122

set ef = 160
[search time: 6.991 s, pure query time: 6.969 s] ef=160
Intersection-merged index R@100 = 0.9252

[search time: 6.938 s, pure query time: 6.916 s] ef=160
Intersection-merged index R@100 = 0.9252

[search time: 6.937 s, pure query time: 6.916 s] ef=160
Intersection-merged index R@100 = 0.9252

[search time: 6.944 s, pure query time: 6.923 s] ef=160
Intersection-merged index R@100 = 0.9252

[search time: 7.043 s, pure query time: 7.022 s] ef=160
Intersection-merged index R@100 = 0.9252

set ef = 180
[search time: 7.768 s, pure query time: 7.745 s] ef=180
Intersection-merged index R@100 = 0.9353

[search time: 7.691 s, pure query time: 7.668 s] ef=180
Intersection-merged index R@100 = 0.9353

[search time: 7.683 s, pure query time: 7.660 s] ef=180
Intersection-merged index R@100 = 0.9353

[search time: 8.427 s, pure query time: 8.402 s] ef=180
Intersection-merged index R@100 = 0.9353

[search time: 11.613 s, pure query time: 11.585 s] ef=180
Intersection-merged index R@100 = 0.9353

set ef = 200
[search time: 13.241 s, pure query time: 13.212 s] ef=200
Intersection-merged index R@100 = 0.9435

[search time: 12.128 s, pure query time: 12.101 s] ef=200
Intersection-merged index R@100 = 0.9435

[search time: 10.737 s, pure query time: 10.710 s] ef=200
Intersection-merged index R@100 = 0.9435

[search time: 8.648 s, pure query time: 8.620 s] ef=200
Intersection-merged index R@100 = 0.9435

[search time: 8.428 s, pure query time: 8.400 s] ef=200
Intersection-merged index R@100 = 0.9435

set ef = 250
[search time: 10.224 s, pure query time: 10.193 s] ef=250
Intersection-merged index R@100 = 0.9582

[search time: 10.294 s, pure query time: 10.263 s] ef=250
Intersection-merged index R@100 = 0.9582

[search time: 10.366 s, pure query time: 10.335 s] ef=250
Intersection-merged index R@100 = 0.9582

[search time: 10.226 s, pure query time: 10.195 s] ef=250
Intersection-merged index R@100 = 0.9582

[search time: 10.232 s, pure query time: 10.201 s] ef=250
Intersection-merged index R@100 = 0.9582

set ef = 300
[search time: 12.171 s, pure query time: 12.136 s] ef=300
Intersection-merged index R@100 = 0.9678

[search time: 12.018 s, pure query time: 11.985 s] ef=300
Intersection-merged index R@100 = 0.9678

[search time: 12.021 s, pure query time: 11.987 s] ef=300
Intersection-merged index R@100 = 0.9678

[search time: 18.683 s, pure query time: 18.649 s] ef=300
Intersection-merged index R@100 = 0.9678

[search time: 17.428 s, pure query time: 17.395 s] ef=300
Intersection-merged index R@100 = 0.9678

set ef = 400
[search time: 16.617 s, pure query time: 16.578 s] ef=400
Intersection-merged index R@100 = 0.9790

[search time: 15.512 s, pure query time: 15.475 s] ef=400
Intersection-merged index R@100 = 0.9790

[search time: 15.665 s, pure query time: 15.628 s] ef=400
Intersection-merged index R@100 = 0.9790

[search time: 15.557 s, pure query time: 15.520 s] ef=400
Intersection-merged index R@100 = 0.9790

[search time: 15.546 s, pure query time: 15.509 s] ef=400
Intersection-merged index R@100 = 0.9790

set ef = 500
[search time: 19.030 s, pure query time: 18.991 s] ef=500
Intersection-merged index R@100 = 0.9851

[search time: 21.805 s, pure query time: 21.765 s] ef=500
Intersection-merged index R@100 = 0.9851

[search time: 28.060 s, pure query time: 28.020 s] ef=500
Intersection-merged index R@100 = 0.9851

[search time: 20.205 s, pure query time: 20.164 s] ef=500
Intersection-merged index R@100 = 0.9851

[search time: 19.354 s, pure query time: 19.315 s] ef=500
Intersection-merged index R@100 = 0.9851

set ef = 600
[search time: 22.933 s, pure query time: 22.892 s] ef=600
Intersection-merged index R@100 = 0.9887

[search time: 22.900 s, pure query time: 22.860 s] ef=600
Intersection-merged index R@100 = 0.9887

[search time: 22.781 s, pure query time: 22.742 s] ef=600
Intersection-merged index R@100 = 0.9887

[search time: 31.655 s, pure query time: 31.615 s] ef=600
Intersection-merged index R@100 = 0.9887

[search time: 25.967 s, pure query time: 25.926 s] ef=600
Intersection-merged index R@100 = 0.9887

set ef = 700
[search time: 25.430 s, pure query time: 25.390 s] ef=700
Intersection-merged index R@100 = 0.9913

[search time: 25.628 s, pure query time: 25.588 s] ef=700
Intersection-merged index R@100 = 0.9913

[search time: 25.624 s, pure query time: 25.583 s] ef=700
Intersection-merged index R@100 = 0.9913

[search time: 29.396 s, pure query time: 29.355 s] ef=700
Intersection-merged index R@100 = 0.9913

[search time: 34.559 s, pure query time: 34.518 s] ef=700
Intersection-merged index R@100 = 0.9913

set ef = 800
[search time: 28.732 s, pure query time: 28.691 s] ef=800
Intersection-merged index R@100 = 0.9930

[search time: 28.882 s, pure query time: 28.841 s] ef=800
Intersection-merged index R@100 = 0.9930

[search time: 28.863 s, pure query time: 28.822 s] ef=800
Intersection-merged index R@100 = 0.9930

[search time: 35.676 s, pure query time: 35.634 s] ef=800
Intersection-merged index R@100 = 0.9930

[search time: 35.050 s, pure query time: 35.009 s] ef=800
Intersection-merged index R@100 = 0.9930

Configuration:
  Workload Type: SIFT10M
  Merge Method: ABLATION_C
  Dimension: 128
  Max Elements: 10000000
  Base Vectors: 10000000
  M: 32
  ef_construction: 64
  k: 100
  Query Vectors: 10000
  Iterations: 2
  Rerun: true
  Thread Count: 1
  cnt: 5
  Alpha: 1.05
  Save Index: true
loaded query vectors: 10000 vectors of dimension 128
fvecs_read: /ssd_root/dataset/ann_sift1b/gnd/idx_10M.ivecs
loaded ground-truth for 10000 queries, top 100
Merge method: ABLATION_C
Iteration 1/2
time for new layer: 5.839720
mergeIndex1BasedOnIndex2Connection sum0: 265.211630
mergeIndex1BasedOnIndex2Connection sum1: 12.828734
mergeIndex1BasedOnIndex2Connection sum2: 278.040368
Total time for insertion: 286.398 s
Saved merged index to: /ssd_root/jin467/merger/indexes/ablation_c_SIFT10M.hnsw
Iteration 2/2
time for new layer: 10.890805
mergeIndex1BasedOnIndex2Connection sum0: 340.830353
mergeIndex1BasedOnIndex2Connection sum1: 17.221364
mergeIndex1BasedOnIndex2Connection sum2: 358.051720
Total time for insertion: 372.034 s
Saved merged index to: /ssd_root/jin467/merger/indexes/ablation_c_SIFT10M.hnsw
Start searching
set ef = 100
[search time: 5.925 s, pure query time: 5.893 s] ef=100
Intersection-merged index R@100 = 0.8768

[search time: 5.091 s, pure query time: 5.066 s] ef=100
Intersection-merged index R@100 = 0.8768

[search time: 4.957 s, pure query time: 4.932 s] ef=100
Intersection-merged index R@100 = 0.8768

[search time: 4.931 s, pure query time: 4.906 s] ef=100
Intersection-merged index R@100 = 0.8768

[search time: 4.931 s, pure query time: 4.907 s] ef=100
Intersection-merged index R@100 = 0.8768

set ef = 120
[search time: 5.754 s, pure query time: 5.729 s] ef=120
Intersection-merged index R@100 = 0.8992

[search time: 5.762 s, pure query time: 5.737 s] ef=120
Intersection-merged index R@100 = 0.8992

[search time: 5.784 s, pure query time: 5.759 s] ef=120
Intersection-merged index R@100 = 0.8992

[search time: 5.787 s, pure query time: 5.762 s] ef=120
Intersection-merged index R@100 = 0.8992

[search time: 5.766 s, pure query time: 5.741 s] ef=120
Intersection-merged index R@100 = 0.8992

set ef = 140
[search time: 6.712 s, pure query time: 6.684 s] ef=140
Intersection-merged index R@100 = 0.9161

[search time: 6.733 s, pure query time: 6.707 s] ef=140
Intersection-merged index R@100 = 0.9161

[search time: 6.584 s, pure query time: 6.558 s] ef=140
Intersection-merged index R@100 = 0.9161

[search time: 6.578 s, pure query time: 6.552 s] ef=140
Intersection-merged index R@100 = 0.9161

[search time: 6.564 s, pure query time: 6.538 s] ef=140
Intersection-merged index R@100 = 0.9161

set ef = 160
[search time: 7.381 s, pure query time: 7.354 s] ef=160
Intersection-merged index R@100 = 0.9284

[search time: 7.652 s, pure query time: 7.624 s] ef=160
Intersection-merged index R@100 = 0.9284

[search time: 7.401 s, pure query time: 7.374 s] ef=160
Intersection-merged index R@100 = 0.9284

[search time: 7.367 s, pure query time: 7.340 s] ef=160
Intersection-merged index R@100 = 0.9284

[search time: 7.373 s, pure query time: 7.346 s] ef=160
Intersection-merged index R@100 = 0.9284

set ef = 180
[search time: 9.539 s, pure query time: 9.511 s] ef=180
Intersection-merged index R@100 = 0.9382

[search time: 11.696 s, pure query time: 11.671 s] ef=180
Intersection-merged index R@100 = 0.9382

[search time: 11.846 s, pure query time: 11.821 s] ef=180
Intersection-merged index R@100 = 0.9382

[search time: 11.042 s, pure query time: 11.018 s] ef=180
Intersection-merged index R@100 = 0.9382

[search time: 10.219 s, pure query time: 10.193 s] ef=180
Intersection-merged index R@100 = 0.9382

set ef = 200
[search time: 9.308 s, pure query time: 9.277 s] ef=200
Intersection-merged index R@100 = 0.9460

[search time: 9.083 s, pure query time: 9.053 s] ef=200
Intersection-merged index R@100 = 0.9460

[search time: 9.066 s, pure query time: 9.035 s] ef=200
Intersection-merged index R@100 = 0.9460

[search time: 9.127 s, pure query time: 9.096 s] ef=200
Intersection-merged index R@100 = 0.9460

[search time: 9.337 s, pure query time: 9.306 s] ef=200
Intersection-merged index R@100 = 0.9460

set ef = 250
[search time: 11.017 s, pure query time: 10.983 s] ef=250
Intersection-merged index R@100 = 0.9601

[search time: 11.009 s, pure query time: 10.975 s] ef=250
Intersection-merged index R@100 = 0.9601

[search time: 15.568 s, pure query time: 15.536 s] ef=250
Intersection-merged index R@100 = 0.9601

[search time: 14.871 s, pure query time: 14.842 s] ef=250
Intersection-merged index R@100 = 0.9601

[search time: 13.129 s, pure query time: 13.097 s] ef=250
Intersection-merged index R@100 = 0.9601

set ef = 300
[search time: 13.025 s, pure query time: 12.989 s] ef=300
Intersection-merged index R@100 = 0.9692

[search time: 12.937 s, pure query time: 12.901 s] ef=300
Intersection-merged index R@100 = 0.9692

[search time: 13.246 s, pure query time: 13.209 s] ef=300
Intersection-merged index R@100 = 0.9692

[search time: 12.986 s, pure query time: 12.949 s] ef=300
Intersection-merged index R@100 = 0.9692

[search time: 12.957 s, pure query time: 12.921 s] ef=300
Intersection-merged index R@100 = 0.9692

set ef = 400
[search time: 23.120 s, pure query time: 23.083 s] ef=400
Intersection-merged index R@100 = 0.9800

[search time: 20.476 s, pure query time: 20.438 s] ef=400
Intersection-merged index R@100 = 0.9800

[search time: 16.907 s, pure query time: 16.867 s] ef=400
Intersection-merged index R@100 = 0.9800

[search time: 16.707 s, pure query time: 16.668 s] ef=400
Intersection-merged index R@100 = 0.9800

[search time: 17.060 s, pure query time: 17.020 s] ef=400
Intersection-merged index R@100 = 0.9800

set ef = 500
[search time: 21.081 s, pure query time: 21.039 s] ef=500
Intersection-merged index R@100 = 0.9859

[search time: 28.344 s, pure query time: 28.306 s] ef=500
Intersection-merged index R@100 = 0.9859

[search time: 22.012 s, pure query time: 21.970 s] ef=500
Intersection-merged index R@100 = 0.9859

[search time: 20.355 s, pure query time: 20.313 s] ef=500
Intersection-merged index R@100 = 0.9859

[search time: 20.700 s, pure query time: 20.656 s] ef=500
Intersection-merged index R@100 = 0.9859

set ef = 600
[search time: 26.468 s, pure query time: 26.426 s] ef=600
Intersection-merged index R@100 = 0.9893

[search time: 31.411 s, pure query time: 31.371 s] ef=600
Intersection-merged index R@100 = 0.9893

[search time: 24.243 s, pure query time: 24.200 s] ef=600
Intersection-merged index R@100 = 0.9893

[search time: 24.225 s, pure query time: 24.182 s] ef=600
Intersection-merged index R@100 = 0.9893

[search time: 24.316 s, pure query time: 24.274 s] ef=600
Intersection-merged index R@100 = 0.9893

set ef = 700
[search time: 36.972 s, pure query time: 36.932 s] ef=700
Intersection-merged index R@100 = 0.9917

[search time: 27.709 s, pure query time: 27.666 s] ef=700
Intersection-merged index R@100 = 0.9917

[search time: 27.714 s, pure query time: 27.670 s] ef=700
Intersection-merged index R@100 = 0.9917

[search time: 31.288 s, pure query time: 31.246 s] ef=700
Intersection-merged index R@100 = 0.9917

[search time: 33.732 s, pure query time: 33.691 s] ef=700
Intersection-merged index R@100 = 0.9917

set ef = 800
[search time: 30.851 s, pure query time: 30.807 s] ef=800
Intersection-merged index R@100 = 0.9934

[search time: 31.152 s, pure query time: 31.109 s] ef=800
Intersection-merged index R@100 = 0.9934

[search time: 40.786 s, pure query time: 40.745 s] ef=800
Intersection-merged index R@100 = 0.9934

[search time: 31.165 s, pure query time: 31.122 s] ef=800
Intersection-merged index R@100 = 0.9934

[search time: 31.183 s, pure query time: 31.138 s] ef=800
Intersection-merged index R@100 = 0.9934

Configuration:
  Workload Type: SIFT10M
  Merge Method: ABLATION_C
  Dimension: 128
  Max Elements: 10000000
  Base Vectors: 10000000
  M: 32
  ef_construction: 64
  k: 100
  Query Vectors: 10000
  Iterations: 2
  Rerun: true
  Thread Count: 1
  cnt: 6
  Alpha: 1.05
  Save Index: true
loaded query vectors: 10000 vectors of dimension 128
fvecs_read: /ssd_root/dataset/ann_sift1b/gnd/idx_10M.ivecs
loaded ground-truth for 10000 queries, top 100
Merge method: ABLATION_C
Iteration 1/2
time for new layer: 5.848112
mergeIndex1BasedOnIndex2Connection sum0: 291.498439
mergeIndex1BasedOnIndex2Connection sum1: 15.469875
mergeIndex1BasedOnIndex2Connection sum2: 306.968327
Total time for insertion: 315.451 s
Saved merged index to: /ssd_root/jin467/merger/indexes/ablation_c_SIFT10M.hnsw
Iteration 2/2
time for new layer: 9.349326
mergeIndex1BasedOnIndex2Connection sum0: 374.001856
mergeIndex1BasedOnIndex2Connection sum1: 18.097805
mergeIndex1BasedOnIndex2Connection sum2: 392.099649
Total time for insertion: 404.403 s
Saved merged index to: /ssd_root/jin467/merger/indexes/ablation_c_SIFT10M.hnsw
Start searching
set ef = 100
[search time: 5.751 s, pure query time: 5.724 s] ef=100
Intersection-merged index R@100 = 0.8809

[search time: 4.921 s, pure query time: 4.899 s] ef=100
Intersection-merged index R@100 = 0.8809

[search time: 4.957 s, pure query time: 4.935 s] ef=100
Intersection-merged index R@100 = 0.8809

[search time: 4.962 s, pure query time: 4.940 s] ef=100
Intersection-merged index R@100 = 0.8809

[search time: 4.949 s, pure query time: 4.927 s] ef=100
Intersection-merged index R@100 = 0.8809

set ef = 120
[search time: 5.768 s, pure query time: 5.745 s] ef=120
Intersection-merged index R@100 = 0.9029

[search time: 5.913 s, pure query time: 5.890 s] ef=120
Intersection-merged index R@100 = 0.9029

[search time: 5.827 s, pure query time: 5.804 s] ef=120
Intersection-merged index R@100 = 0.9029

[search time: 5.767 s, pure query time: 5.745 s] ef=120
Intersection-merged index R@100 = 0.9029

[search time: 5.752 s, pure query time: 5.729 s] ef=120
Intersection-merged index R@100 = 0.9029

set ef = 140
[search time: 6.555 s, pure query time: 6.532 s] ef=140
Intersection-merged index R@100 = 0.9191

[search time: 6.563 s, pure query time: 6.540 s] ef=140
Intersection-merged index R@100 = 0.9191

[search time: 6.718 s, pure query time: 6.694 s] ef=140
Intersection-merged index R@100 = 0.9191

[search time: 6.648 s, pure query time: 6.624 s] ef=140
Intersection-merged index R@100 = 0.9191

[search time: 6.569 s, pure query time: 6.546 s] ef=140
Intersection-merged index R@100 = 0.9191

set ef = 160
[search time: 7.359 s, pure query time: 7.335 s] ef=160
Intersection-merged index R@100 = 0.9312

[search time: 7.364 s, pure query time: 7.340 s] ef=160
Intersection-merged index R@100 = 0.9312

[search time: 7.453 s, pure query time: 7.428 s] ef=160
Intersection-merged index R@100 = 0.9312

[search time: 7.500 s, pure query time: 7.475 s] ef=160
Intersection-merged index R@100 = 0.9312

[search time: 7.385 s, pure query time: 7.360 s] ef=160
Intersection-merged index R@100 = 0.9312

set ef = 180
[search time: 8.150 s, pure query time: 8.124 s] ef=180
Intersection-merged index R@100 = 0.9407

[search time: 8.153 s, pure query time: 8.128 s] ef=180
Intersection-merged index R@100 = 0.9407

[search time: 11.151 s, pure query time: 11.124 s] ef=180
Intersection-merged index R@100 = 0.9407

[search time: 12.735 s, pure query time: 12.709 s] ef=180
Intersection-merged index R@100 = 0.9407

[search time: 11.318 s, pure query time: 11.293 s] ef=180
Intersection-merged index R@100 = 0.9407

set ef = 200
[search time: 12.316 s, pure query time: 12.290 s] ef=200
Intersection-merged index R@100 = 0.9481

[search time: 10.213 s, pure query time: 10.182 s] ef=200
Intersection-merged index R@100 = 0.9481

[search time: 9.084 s, pure query time: 9.053 s] ef=200
Intersection-merged index R@100 = 0.9481

[search time: 9.008 s, pure query time: 8.978 s] ef=200
Intersection-merged index R@100 = 0.9481

[search time: 9.008 s, pure query time: 8.978 s] ef=200
Intersection-merged index R@100 = 0.9481

set ef = 250
[search time: 11.197 s, pure query time: 11.161 s] ef=250
Intersection-merged index R@100 = 0.9618

[search time: 10.993 s, pure query time: 10.959 s] ef=250
Intersection-merged index R@100 = 0.9618

[search time: 10.960 s, pure query time: 10.925 s] ef=250
Intersection-merged index R@100 = 0.9618

[search time: 11.059 s, pure query time: 11.024 s] ef=250
Intersection-merged index R@100 = 0.9618

[search time: 11.107 s, pure query time: 11.072 s] ef=250
Intersection-merged index R@100 = 0.9618

set ef = 300
[search time: 12.840 s, pure query time: 12.803 s] ef=300
Intersection-merged index R@100 = 0.9706

[search time: 15.181 s, pure query time: 15.146 s] ef=300
Intersection-merged index R@100 = 0.9706

[search time: 18.808 s, pure query time: 18.776 s] ef=300
Intersection-merged index R@100 = 0.9706

[search time: 16.341 s, pure query time: 16.308 s] ef=300
Intersection-merged index R@100 = 0.9706

[search time: 12.874 s, pure query time: 12.836 s] ef=300
Intersection-merged index R@100 = 0.9706

set ef = 400
[search time: 16.211 s, pure query time: 16.173 s] ef=400
Intersection-merged index R@100 = 0.9809

[search time: 16.455 s, pure query time: 16.416 s] ef=400
Intersection-merged index R@100 = 0.9809

[search time: 16.234 s, pure query time: 16.196 s] ef=400
Intersection-merged index R@100 = 0.9809

[search time: 16.361 s, pure query time: 16.322 s] ef=400
Intersection-merged index R@100 = 0.9809

[search time: 16.348 s, pure query time: 16.310 s] ef=400
Intersection-merged index R@100 = 0.9809

set ef = 500
[search time: 22.011 s, pure query time: 21.970 s] ef=500
Intersection-merged index R@100 = 0.9865

[search time: 28.772 s, pure query time: 28.734 s] ef=500
Intersection-merged index R@100 = 0.9865

[search time: 21.125 s, pure query time: 21.084 s] ef=500
Intersection-merged index R@100 = 0.9865

[search time: 19.817 s, pure query time: 19.777 s] ef=500
Intersection-merged index R@100 = 0.9865

[search time: 20.089 s, pure query time: 20.050 s] ef=500
Intersection-merged index R@100 = 0.9865

set ef = 600
[search time: 23.325 s, pure query time: 23.285 s] ef=600
Intersection-merged index R@100 = 0.9899

[search time: 23.461 s, pure query time: 23.420 s] ef=600
Intersection-merged index R@100 = 0.9899

[search time: 30.082 s, pure query time: 30.038 s] ef=600
Intersection-merged index R@100 = 0.9899

[search time: 28.729 s, pure query time: 28.688 s] ef=600
Intersection-merged index R@100 = 0.9899

[search time: 23.832 s, pure query time: 23.792 s] ef=600
Intersection-merged index R@100 = 0.9899

set ef = 700
[search time: 27.520 s, pure query time: 27.480 s] ef=700
Intersection-merged index R@100 = 0.9921

[search time: 27.496 s, pure query time: 27.456 s] ef=700
Intersection-merged index R@100 = 0.9921

[search time: 28.631 s, pure query time: 28.590 s] ef=700
Intersection-merged index R@100 = 0.9921

[search time: 37.039 s, pure query time: 36.999 s] ef=700
Intersection-merged index R@100 = 0.9921

[search time: 27.015 s, pure query time: 26.974 s] ef=700
Intersection-merged index R@100 = 0.9921

set ef = 800
[search time: 30.288 s, pure query time: 30.247 s] ef=800
Intersection-merged index R@100 = 0.9938

[search time: 29.920 s, pure query time: 29.880 s] ef=800
Intersection-merged index R@100 = 0.9938

[search time: 32.673 s, pure query time: 32.633 s] ef=800
Intersection-merged index R@100 = 0.9938

[search time: 39.500 s, pure query time: 39.457 s] ef=800
Intersection-merged index R@100 = 0.9938

[search time: 30.102 s, pure query time: 30.062 s] ef=800
Intersection-merged index R@100 = 0.9938

Configuration:
  Workload Type: SIFT10M
  Merge Method: ABLATION_C
  Dimension: 128
  Max Elements: 10000000
  Base Vectors: 10000000
  M: 32
  ef_construction: 64
  k: 100
  Query Vectors: 10000
  Iterations: 2
  Rerun: true
  Thread Count: 1
  cnt: 7
  Alpha: 1.05
  Save Index: true
loaded query vectors: 10000 vectors of dimension 128
fvecs_read: /ssd_root/dataset/ann_sift1b/gnd/idx_10M.ivecs
loaded ground-truth for 10000 queries, top 100
Merge method: ABLATION_C
Iteration 1/2
time for new layer: 5.820695
mergeIndex1BasedOnIndex2Connection sum0: 316.731266
mergeIndex1BasedOnIndex2Connection sum1: 17.897188
mergeIndex1BasedOnIndex2Connection sum2: 334.628460
Total time for insertion: 342.906 s
Saved merged index to: /ssd_root/jin467/merger/indexes/ablation_c_SIFT10M.hnsw
Iteration 2/2
time for new layer: 10.998336
mergeIndex1BasedOnIndex2Connection sum0: 411.411002
mergeIndex1BasedOnIndex2Connection sum1: 24.103402
mergeIndex1BasedOnIndex2Connection sum2: 435.514432
Total time for insertion: 449.994 s
Saved merged index to: /ssd_root/jin467/merger/indexes/ablation_c_SIFT10M.hnsw
Start searching
set ef = 100
[search time: 5.990 s, pure query time: 5.967 s] ef=100
Intersection-merged index R@100 = 0.8847

[search time: 5.125 s, pure query time: 5.106 s] ef=100
Intersection-merged index R@100 = 0.8847

[search time: 5.123 s, pure query time: 5.104 s] ef=100
Intersection-merged index R@100 = 0.8847

[search time: 5.121 s, pure query time: 5.102 s] ef=100
Intersection-merged index R@100 = 0.8847

[search time: 5.121 s, pure query time: 5.101 s] ef=100
Intersection-merged index R@100 = 0.8847

set ef = 120
[search time: 5.988 s, pure query time: 5.967 s] ef=120
Intersection-merged index R@100 = 0.9061

[search time: 6.015 s, pure query time: 5.995 s] ef=120
Intersection-merged index R@100 = 0.9061

[search time: 5.990 s, pure query time: 5.970 s] ef=120
Intersection-merged index R@100 = 0.9061

[search time: 5.996 s, pure query time: 5.976 s] ef=120
Intersection-merged index R@100 = 0.9061

[search time: 6.171 s, pure query time: 6.151 s] ef=120
Intersection-merged index R@100 = 0.9061

set ef = 140
[search time: 7.035 s, pure query time: 7.013 s] ef=140
Intersection-merged index R@100 = 0.9218

[search time: 6.836 s, pure query time: 6.815 s] ef=140
Intersection-merged index R@100 = 0.9218

[search time: 6.816 s, pure query time: 6.794 s] ef=140
Intersection-merged index R@100 = 0.9218

[search time: 6.836 s, pure query time: 6.815 s] ef=140
Intersection-merged index R@100 = 0.9218

[search time: 8.270 s, pure query time: 8.244 s] ef=140
Intersection-merged index R@100 = 0.9218

set ef = 160
[search time: 10.978 s, pure query time: 10.950 s] ef=160
Intersection-merged index R@100 = 0.9335

[search time: 10.713 s, pure query time: 10.685 s] ef=160
Intersection-merged index R@100 = 0.9335

[search time: 9.916 s, pure query time: 9.889 s] ef=160
Intersection-merged index R@100 = 0.9335

[search time: 9.930 s, pure query time: 9.903 s] ef=160
Intersection-merged index R@100 = 0.9335

[search time: 9.139 s, pure query time: 9.112 s] ef=160
Intersection-merged index R@100 = 0.9335

set ef = 180
[search time: 9.092 s, pure query time: 9.066 s] ef=180
Intersection-merged index R@100 = 0.9428

[search time: 8.499 s, pure query time: 8.475 s] ef=180
Intersection-merged index R@100 = 0.9428

[search time: 8.487 s, pure query time: 8.463 s] ef=180
Intersection-merged index R@100 = 0.9428

[search time: 8.488 s, pure query time: 8.464 s] ef=180
Intersection-merged index R@100 = 0.9428

[search time: 8.886 s, pure query time: 8.861 s] ef=180
Intersection-merged index R@100 = 0.9428

set ef = 200
[search time: 9.355 s, pure query time: 9.330 s] ef=200
Intersection-merged index R@100 = 0.9501

[search time: 9.305 s, pure query time: 9.278 s] ef=200
Intersection-merged index R@100 = 0.9501

[search time: 10.167 s, pure query time: 10.140 s] ef=200
Intersection-merged index R@100 = 0.9501

[search time: 13.456 s, pure query time: 13.424 s] ef=200
Intersection-merged index R@100 = 0.9501

[search time: 12.334 s, pure query time: 12.308 s] ef=200
Intersection-merged index R@100 = 0.9501

set ef = 250
[search time: 14.060 s, pure query time: 14.028 s] ef=250
Intersection-merged index R@100 = 0.9633

[search time: 11.987 s, pure query time: 11.953 s] ef=250
Intersection-merged index R@100 = 0.9633

[search time: 11.253 s, pure query time: 11.219 s] ef=250
Intersection-merged index R@100 = 0.9633

[search time: 11.247 s, pure query time: 11.213 s] ef=250
Intersection-merged index R@100 = 0.9633

[search time: 11.643 s, pure query time: 11.609 s] ef=250
Intersection-merged index R@100 = 0.9633

set ef = 300
[search time: 13.205 s, pure query time: 13.169 s] ef=300
Intersection-merged index R@100 = 0.9717

[search time: 13.838 s, pure query time: 13.802 s] ef=300
Intersection-merged index R@100 = 0.9717

[search time: 18.664 s, pure query time: 18.632 s] ef=300
Intersection-merged index R@100 = 0.9717

[search time: 17.154 s, pure query time: 17.123 s] ef=300
Intersection-merged index R@100 = 0.9717

[search time: 14.958 s, pure query time: 14.920 s] ef=300
Intersection-merged index R@100 = 0.9717

set ef = 400
[search time: 17.391 s, pure query time: 17.352 s] ef=400
Intersection-merged index R@100 = 0.9816

[search time: 17.754 s, pure query time: 17.714 s] ef=400
Intersection-merged index R@100 = 0.9816

[search time: 17.434 s, pure query time: 17.394 s] ef=400
Intersection-merged index R@100 = 0.9816

[search time: 20.245 s, pure query time: 20.207 s] ef=400
Intersection-merged index R@100 = 0.9816

[search time: 22.840 s, pure query time: 22.805 s] ef=400
Intersection-merged index R@100 = 0.9816

set ef = 500
[search time: 23.180 s, pure query time: 23.139 s] ef=500
Intersection-merged index R@100 = 0.9870

[search time: 20.746 s, pure query time: 20.706 s] ef=500
Intersection-merged index R@100 = 0.9870

[search time: 21.209 s, pure query time: 21.164 s] ef=500
Intersection-merged index R@100 = 0.9870

[search time: 21.683 s, pure query time: 21.643 s] ef=500
Intersection-merged index R@100 = 0.9870

[search time: 28.598 s, pure query time: 28.559 s] ef=500
Intersection-merged index R@100 = 0.9870

set ef = 600
[search time: 27.212 s, pure query time: 27.171 s] ef=600
Intersection-merged index R@100 = 0.9903

[search time: 24.265 s, pure query time: 24.223 s] ef=600
Intersection-merged index R@100 = 0.9903

[search time: 24.705 s, pure query time: 24.664 s] ef=600
Intersection-merged index R@100 = 0.9903

[search time: 30.294 s, pure query time: 30.253 s] ef=600
Intersection-merged index R@100 = 0.9903

[search time: 29.939 s, pure query time: 29.898 s] ef=600
Intersection-merged index R@100 = 0.9903

set ef = 700
[search time: 28.689 s, pure query time: 28.647 s] ef=700
Intersection-merged index R@100 = 0.9925

[search time: 28.907 s, pure query time: 28.865 s] ef=700
Intersection-merged index R@100 = 0.9925

[search time: 35.534 s, pure query time: 35.491 s] ef=700
Intersection-merged index R@100 = 0.9925

[search time: 33.818 s, pure query time: 33.777 s] ef=700
Intersection-merged index R@100 = 0.9925

[search time: 32.106 s, pure query time: 32.065 s] ef=700
Intersection-merged index R@100 = 0.9925

set ef = 800
[search time: 41.188 s, pure query time: 41.146 s] ef=800
Intersection-merged index R@100 = 0.9940

[search time: 31.737 s, pure query time: 31.696 s] ef=800
Intersection-merged index R@100 = 0.9940

[search time: 32.775 s, pure query time: 32.734 s] ef=800
Intersection-merged index R@100 = 0.9940

[search time: 41.229 s, pure query time: 41.188 s] ef=800
Intersection-merged index R@100 = 0.9940

[search time: 36.068 s, pure query time: 36.026 s] ef=800
Intersection-merged index R@100 = 0.9940

Configuration:
  Workload Type: SIFT10M
  Merge Method: ABLATION_C
  Dimension: 128
  Max Elements: 10000000
  Base Vectors: 10000000
  M: 32
  ef_construction: 64
  k: 100
  Query Vectors: 10000
  Iterations: 2
  Rerun: true
  Thread Count: 1
  cnt: 8
  Alpha: 1.05
  Save Index: true
loaded query vectors: 10000 vectors of dimension 128
fvecs_read: /ssd_root/dataset/ann_sift1b/gnd/idx_10M.ivecs
loaded ground-truth for 10000 queries, top 100
Merge method: ABLATION_C
Iteration 1/2
time for new layer: 5.845409
mergeIndex1BasedOnIndex2Connection sum0: 341.232704
mergeIndex1BasedOnIndex2Connection sum1: 20.873267
mergeIndex1BasedOnIndex2Connection sum2: 362.105970
Total time for insertion: 370.467 s
Saved merged index to: /ssd_root/jin467/merger/indexes/ablation_c_SIFT10M.hnsw
Iteration 2/2
time for new layer: 10.888612
mergeIndex1BasedOnIndex2Connection sum0: 432.211568
mergeIndex1BasedOnIndex2Connection sum1: 25.174418
mergeIndex1BasedOnIndex2Connection sum2: 457.385972
Total time for insertion: 471.447 s
Saved merged index to: /ssd_root/jin467/merger/indexes/ablation_c_SIFT10M.hnsw
Start searching
set ef = 100
[search time: 5.378 s, pure query time: 5.357 s] ef=100
Intersection-merged index R@100 = 0.8881

[search time: 5.071 s, pure query time: 5.052 s] ef=100
Intersection-merged index R@100 = 0.8881

[search time: 5.075 s, pure query time: 5.056 s] ef=100
Intersection-merged index R@100 = 0.8881

[search time: 5.070 s, pure query time: 5.051 s] ef=100
Intersection-merged index R@100 = 0.8881

[search time: 5.153 s, pure query time: 5.131 s] ef=100
Intersection-merged index R@100 = 0.8881

set ef = 120
[search time: 6.032 s, pure query time: 6.012 s] ef=120
Intersection-merged index R@100 = 0.9090

[search time: 5.904 s, pure query time: 5.884 s] ef=120
Intersection-merged index R@100 = 0.9090

[search time: 5.891 s, pure query time: 5.870 s] ef=120
Intersection-merged index R@100 = 0.9090

[search time: 5.891 s, pure query time: 5.871 s] ef=120
Intersection-merged index R@100 = 0.9090

[search time: 5.899 s, pure query time: 5.879 s] ef=120
Intersection-merged index R@100 = 0.9090

set ef = 140
[search time: 6.727 s, pure query time: 6.706 s] ef=140
Intersection-merged index R@100 = 0.9244

[search time: 6.887 s, pure query time: 6.866 s] ef=140
Intersection-merged index R@100 = 0.9244

[search time: 6.793 s, pure query time: 6.772 s] ef=140
Intersection-merged index R@100 = 0.9244

[search time: 6.723 s, pure query time: 6.702 s] ef=140
Intersection-merged index R@100 = 0.9244

[search time: 6.714 s, pure query time: 6.693 s] ef=140
Intersection-merged index R@100 = 0.9244

set ef = 160
[search time: 7.550 s, pure query time: 7.527 s] ef=160
Intersection-merged index R@100 = 0.9358

[search time: 7.655 s, pure query time: 7.633 s] ef=160
Intersection-merged index R@100 = 0.9358

[search time: 7.676 s, pure query time: 7.654 s] ef=160
Intersection-merged index R@100 = 0.9358

[search time: 7.535 s, pure query time: 7.512 s] ef=160
Intersection-merged index R@100 = 0.9358

[search time: 7.545 s, pure query time: 7.523 s] ef=160
Intersection-merged index R@100 = 0.9358

set ef = 180
[search time: 8.983 s, pure query time: 8.957 s] ef=180
Intersection-merged index R@100 = 0.9449

[search time: 12.365 s, pure query time: 12.337 s] ef=180
Intersection-merged index R@100 = 0.9449

[search time: 12.995 s, pure query time: 12.968 s] ef=180
Intersection-merged index R@100 = 0.9449

[search time: 10.667 s, pure query time: 10.643 s] ef=180
Intersection-merged index R@100 = 0.9449

[search time: 10.676 s, pure query time: 10.652 s] ef=180
Intersection-merged index R@100 = 0.9449

set ef = 200
[search time: 11.219 s, pure query time: 11.190 s] ef=200
Intersection-merged index R@100 = 0.9518

[search time: 11.376 s, pure query time: 11.344 s] ef=200
Intersection-merged index R@100 = 0.9518

[search time: 9.897 s, pure query time: 9.866 s] ef=200
Intersection-merged index R@100 = 0.9518

[search time: 9.991 s, pure query time: 9.959 s] ef=200
Intersection-merged index R@100 = 0.9518

[search time: 11.281 s, pure query time: 11.252 s] ef=200
Intersection-merged index R@100 = 0.9518

set ef = 250
[search time: 15.766 s, pure query time: 15.736 s] ef=250
Intersection-merged index R@100 = 0.9646

[search time: 14.200 s, pure query time: 14.171 s] ef=250
Intersection-merged index R@100 = 0.9646

[search time: 15.212 s, pure query time: 15.178 s] ef=250
Intersection-merged index R@100 = 0.9646

[search time: 11.150 s, pure query time: 11.121 s] ef=250
Intersection-merged index R@100 = 0.9646

[search time: 11.012 s, pure query time: 10.984 s] ef=250
Intersection-merged index R@100 = 0.9646

set ef = 300
[search time: 13.180 s, pure query time: 13.149 s] ef=300
Intersection-merged index R@100 = 0.9728

[search time: 12.909 s, pure query time: 12.877 s] ef=300
Intersection-merged index R@100 = 0.9728

[search time: 12.924 s, pure query time: 12.893 s] ef=300
Intersection-merged index R@100 = 0.9728

[search time: 13.170 s, pure query time: 13.138 s] ef=300
Intersection-merged index R@100 = 0.9728

[search time: 12.919 s, pure query time: 12.888 s] ef=300
Intersection-merged index R@100 = 0.9728

set ef = 400
[search time: 25.449 s, pure query time: 25.408 s] ef=400
Intersection-merged index R@100 = 0.9824

[search time: 20.959 s, pure query time: 20.920 s] ef=400
Intersection-merged index R@100 = 0.9824

[search time: 20.101 s, pure query time: 20.066 s] ef=400
Intersection-merged index R@100 = 0.9824

[search time: 19.121 s, pure query time: 19.085 s] ef=400
Intersection-merged index R@100 = 0.9824

[search time: 22.868 s, pure query time: 22.830 s] ef=400
Intersection-merged index R@100 = 0.9824

set ef = 500
[search time: 25.633 s, pure query time: 25.593 s] ef=500
Intersection-merged index R@100 = 0.9875

[search time: 21.530 s, pure query time: 21.491 s] ef=500
Intersection-merged index R@100 = 0.9875

[search time: 20.521 s, pure query time: 20.482 s] ef=500
Intersection-merged index R@100 = 0.9875

[search time: 20.372 s, pure query time: 20.334 s] ef=500
Intersection-merged index R@100 = 0.9875

[search time: 20.419 s, pure query time: 20.381 s] ef=500
Intersection-merged index R@100 = 0.9875

set ef = 600
[search time: 32.397 s, pure query time: 32.356 s] ef=600
Intersection-merged index R@100 = 0.9907

[search time: 29.643 s, pure query time: 29.601 s] ef=600
Intersection-merged index R@100 = 0.9907

[search time: 27.111 s, pure query time: 27.072 s] ef=600
Intersection-merged index R@100 = 0.9907

[search time: 32.043 s, pure query time: 32.003 s] ef=600
Intersection-merged index R@100 = 0.9907

[search time: 27.735 s, pure query time: 27.692 s] ef=600
Intersection-merged index R@100 = 0.9907

set ef = 700
[search time: 27.306 s, pure query time: 27.265 s] ef=700
Intersection-merged index R@100 = 0.9928

[search time: 27.135 s, pure query time: 27.095 s] ef=700
Intersection-merged index R@100 = 0.9928

[search time: 27.365 s, pure query time: 27.324 s] ef=700
Intersection-merged index R@100 = 0.9928

[search time: 39.203 s, pure query time: 39.162 s] ef=700
Intersection-merged index R@100 = 0.9928

[search time: 32.162 s, pure query time: 32.119 s] ef=700
Intersection-merged index R@100 = 0.9928

set ef = 800
[search time: 39.969 s, pure query time: 39.926 s] ef=800
Intersection-merged index R@100 = 0.9943

[search time: 35.862 s, pure query time: 35.821 s] ef=800
Intersection-merged index R@100 = 0.9943

[search time: 30.834 s, pure query time: 30.796 s] ef=800
Intersection-merged index R@100 = 0.9943

[search time: 30.848 s, pure query time: 30.810 s] ef=800
Intersection-merged index R@100 = 0.9943

[search time: 40.208 s, pure query time: 40.166 s] ef=800
Intersection-merged index R@100 = 0.9943

Configuration:
  Workload Type: SIFT10M
  Merge Method: ABLATION_C
  Dimension: 128
  Max Elements: 10000000
  Base Vectors: 10000000
  M: 32
  ef_construction: 64
  k: 100
  Query Vectors: 10000
  Iterations: 2
  Rerun: true
  Thread Count: 1
  cnt: 9
  Alpha: 1.05
  Save Index: true
loaded query vectors: 10000 vectors of dimension 128
fvecs_read: /ssd_root/dataset/ann_sift1b/gnd/idx_10M.ivecs
loaded ground-truth for 10000 queries, top 100
Merge method: ABLATION_C
Iteration 1/2
time for new layer: 5.825376
mergeIndex1BasedOnIndex2Connection sum0: 364.952279
mergeIndex1BasedOnIndex2Connection sum1: 24.037880
mergeIndex1BasedOnIndex2Connection sum2: 388.990160
Total time for insertion: 397.381 s
Saved merged index to: /ssd_root/jin467/merger/indexes/ablation_c_SIFT10M.hnsw
Iteration 2/2
time for new layer: 10.936458
mergeIndex1BasedOnIndex2Connection sum0: 461.558763
mergeIndex1BasedOnIndex2Connection sum1: 28.541519
mergeIndex1BasedOnIndex2Connection sum2: 490.100268
Total time for insertion: 504.239 s
Saved merged index to: /ssd_root/jin467/merger/indexes/ablation_c_SIFT10M.hnsw
Start searching
set ef = 100
[search time: 6.221 s, pure query time: 6.197 s] ef=100
Intersection-merged index R@100 = 0.8910

[search time: 5.447 s, pure query time: 5.428 s] ef=100
Intersection-merged index R@100 = 0.8910

[search time: 5.275 s, pure query time: 5.256 s] ef=100
Intersection-merged index R@100 = 0.8910

[search time: 5.215 s, pure query time: 5.196 s] ef=100
Intersection-merged index R@100 = 0.8910

[search time: 5.217 s, pure query time: 5.198 s] ef=100
Intersection-merged index R@100 = 0.8910

set ef = 120
[search time: 6.082 s, pure query time: 6.062 s] ef=120
Intersection-merged index R@100 = 0.9117

[search time: 6.101 s, pure query time: 6.081 s] ef=120
Intersection-merged index R@100 = 0.9117

[search time: 6.069 s, pure query time: 6.049 s] ef=120
Intersection-merged index R@100 = 0.9117

[search time: 6.088 s, pure query time: 6.068 s] ef=120
Intersection-merged index R@100 = 0.9117

[search time: 6.091 s, pure query time: 6.071 s] ef=120
Intersection-merged index R@100 = 0.9117

set ef = 140
[search time: 6.927 s, pure query time: 6.906 s] ef=140
Intersection-merged index R@100 = 0.9267

[search time: 7.007 s, pure query time: 6.987 s] ef=140
Intersection-merged index R@100 = 0.9267

[search time: 7.186 s, pure query time: 7.165 s] ef=140
Intersection-merged index R@100 = 0.9267

[search time: 6.988 s, pure query time: 6.968 s] ef=140
Intersection-merged index R@100 = 0.9267

[search time: 6.929 s, pure query time: 6.908 s] ef=140
Intersection-merged index R@100 = 0.9267

set ef = 160
[search time: 7.785 s, pure query time: 7.763 s] ef=160
Intersection-merged index R@100 = 0.9378

[search time: 7.821 s, pure query time: 7.799 s] ef=160
Intersection-merged index R@100 = 0.9378

[search time: 8.063 s, pure query time: 8.041 s] ef=160
Intersection-merged index R@100 = 0.9378

[search time: 7.819 s, pure query time: 7.797 s] ef=160
Intersection-merged index R@100 = 0.9378

[search time: 7.781 s, pure query time: 7.759 s] ef=160
Intersection-merged index R@100 = 0.9378

set ef = 180
[search time: 8.702 s, pure query time: 8.678 s] ef=180
Intersection-merged index R@100 = 0.9466

[search time: 11.831 s, pure query time: 11.802 s] ef=180
Intersection-merged index R@100 = 0.9466

[search time: 13.583 s, pure query time: 13.557 s] ef=180
Intersection-merged index R@100 = 0.9466

[search time: 10.660 s, pure query time: 10.637 s] ef=180
Intersection-merged index R@100 = 0.9466

[search time: 10.657 s, pure query time: 10.633 s] ef=180
Intersection-merged index R@100 = 0.9466

set ef = 200
[search time: 11.478 s, pure query time: 11.450 s] ef=200
Intersection-merged index R@100 = 0.9534

[search time: 11.933 s, pure query time: 11.897 s] ef=200
Intersection-merged index R@100 = 0.9534

[search time: 10.078 s, pure query time: 10.048 s] ef=200
Intersection-merged index R@100 = 0.9534

[search time: 10.132 s, pure query time: 10.101 s] ef=200
Intersection-merged index R@100 = 0.9534

[search time: 11.508 s, pure query time: 11.479 s] ef=200
Intersection-merged index R@100 = 0.9534

set ef = 250
[search time: 16.105 s, pure query time: 16.075 s] ef=250
Intersection-merged index R@100 = 0.9658

[search time: 14.219 s, pure query time: 14.191 s] ef=250
Intersection-merged index R@100 = 0.9658

[search time: 15.417 s, pure query time: 15.383 s] ef=250
Intersection-merged index R@100 = 0.9658

[search time: 11.547 s, pure query time: 11.516 s] ef=250
Intersection-merged index R@100 = 0.9658

[search time: 11.437 s, pure query time: 11.406 s] ef=250
Intersection-merged index R@100 = 0.9658

set ef = 300
[search time: 13.794 s, pure query time: 13.760 s] ef=300
Intersection-merged index R@100 = 0.9737

[search time: 13.411 s, pure query time: 13.378 s] ef=300
Intersection-merged index R@100 = 0.9737

[search time: 16.005 s, pure query time: 15.969 s] ef=300
Intersection-merged index R@100 = 0.9737

[search time: 19.780 s, pure query time: 19.744 s] ef=300
Intersection-merged index R@100 = 0.9737

[search time: 16.275 s, pure query time: 16.241 s] ef=300
Intersection-merged index R@100 = 0.9737

set ef = 400
[search time: 20.792 s, pure query time: 20.756 s] ef=400
Intersection-merged index R@100 = 0.9830

[search time: 19.322 s, pure query time: 19.286 s] ef=400
Intersection-merged index R@100 = 0.9830

[search time: 23.357 s, pure query time: 23.315 s] ef=400
Intersection-merged index R@100 = 0.9830

[search time: 21.342 s, pure query time: 21.303 s] ef=400
Intersection-merged index R@100 = 0.9830

[search time: 19.070 s, pure query time: 19.032 s] ef=400
Intersection-merged index R@100 = 0.9830

set ef = 500
[search time: 21.661 s, pure query time: 21.621 s] ef=500
Intersection-merged index R@100 = 0.9880

[search time: 20.927 s, pure query time: 20.888 s] ef=500
Intersection-merged index R@100 = 0.9880

[search time: 29.553 s, pure query time: 29.512 s] ef=500
Intersection-merged index R@100 = 0.9880

[search time: 26.598 s, pure query time: 26.558 s] ef=500
Intersection-merged index R@100 = 0.9880

[search time: 22.195 s, pure query time: 22.158 s] ef=500
Intersection-merged index R@100 = 0.9880

set ef = 600
[search time: 32.248 s, pure query time: 32.206 s] ef=600
Intersection-merged index R@100 = 0.9911

[search time: 30.980 s, pure query time: 30.940 s] ef=600
Intersection-merged index R@100 = 0.9911

[search time: 25.181 s, pure query time: 25.144 s] ef=600
Intersection-merged index R@100 = 0.9911

[search time: 24.746 s, pure query time: 24.709 s] ef=600
Intersection-merged index R@100 = 0.9911

[search time: 34.341 s, pure query time: 34.294 s] ef=600
Intersection-merged index R@100 = 0.9911

set ef = 700
[search time: 33.495 s, pure query time: 33.454 s] ef=700
Intersection-merged index R@100 = 0.9931

[search time: 35.238 s, pure query time: 35.197 s] ef=700
Intersection-merged index R@100 = 0.9931

[search time: 35.483 s, pure query time: 35.442 s] ef=700
Intersection-merged index R@100 = 0.9931

[search time: 28.922 s, pure query time: 28.884 s] ef=700
Intersection-merged index R@100 = 0.9931

[search time: 30.467 s, pure query time: 30.427 s] ef=700
Intersection-merged index R@100 = 0.9931

set ef = 800
[search time: 42.287 s, pure query time: 42.246 s] ef=800
Intersection-merged index R@100 = 0.9945

[search time: 37.034 s, pure query time: 36.993 s] ef=800
Intersection-merged index R@100 = 0.9945

[search time: 40.003 s, pure query time: 39.963 s] ef=800
Intersection-merged index R@100 = 0.9945

[search time: 34.347 s, pure query time: 34.307 s] ef=800
Intersection-merged index R@100 = 0.9945

[search time: 32.728 s, pure query time: 32.688 s] ef=800
Intersection-merged index R@100 = 0.9945

Configuration:
  Workload Type: SIFT10M
  Merge Method: ABLATION_C
  Dimension: 128
  Max Elements: 10000000
  Base Vectors: 10000000
  M: 32
  ef_construction: 64
  k: 100
  Query Vectors: 10000
  Iterations: 2
  Rerun: true
  Thread Count: 1
  cnt: 10
  Alpha: 1.05
  Save Index: true
loaded query vectors: 10000 vectors of dimension 128
fvecs_read: /ssd_root/dataset/ann_sift1b/gnd/idx_10M.ivecs
loaded ground-truth for 10000 queries, top 100
Merge method: ABLATION_C
Iteration 1/2
time for new layer: 5.852907
mergeIndex1BasedOnIndex2Connection sum0: 387.599565
mergeIndex1BasedOnIndex2Connection sum1: 27.450538
mergeIndex1BasedOnIndex2Connection sum2: 415.050126
Total time for insertion: 424.166 s
Saved merged index to: /ssd_root/jin467/merger/indexes/ablation_c_SIFT10M.hnsw
Iteration 2/2
time for new layer: 9.577360
mergeIndex1BasedOnIndex2Connection sum0: 418.303438
mergeIndex1BasedOnIndex2Connection sum1: 35.372073
mergeIndex1BasedOnIndex2Connection sum2: 453.675521
Total time for insertion: 466.886 s
Saved merged index to: /ssd_root/jin467/merger/indexes/ablation_c_SIFT10M.hnsw
Start searching
set ef = 100
[search time: 7.013 s, pure query time: 6.990 s] ef=100
Intersection-merged index R@100 = 0.8936

[search time: 6.603 s, pure query time: 6.583 s] ef=100
Intersection-merged index R@100 = 0.8936

[search time: 6.594 s, pure query time: 6.574 s] ef=100
Intersection-merged index R@100 = 0.8936

[search time: 6.601 s, pure query time: 6.581 s] ef=100
Intersection-merged index R@100 = 0.8936

[search time: 6.349 s, pure query time: 6.325 s] ef=100
Intersection-merged index R@100 = 0.8936

set ef = 120
[search time: 7.184 s, pure query time: 7.156 s] ef=120
Intersection-merged index R@100 = 0.9140

[search time: 8.587 s, pure query time: 8.561 s] ef=120
Intersection-merged index R@100 = 0.9140

[search time: 6.697 s, pure query time: 6.671 s] ef=120
Intersection-merged index R@100 = 0.9140

[search time: 6.649 s, pure query time: 6.623 s] ef=120
Intersection-merged index R@100 = 0.9140

[search time: 6.624 s, pure query time: 6.598 s] ef=120
Intersection-merged index R@100 = 0.9140

set ef = 140
[search time: 7.556 s, pure query time: 7.529 s] ef=140
Intersection-merged index R@100 = 0.9288

[search time: 8.341 s, pure query time: 8.316 s] ef=140
Intersection-merged index R@100 = 0.9288

[search time: 7.517 s, pure query time: 7.495 s] ef=140
Intersection-merged index R@100 = 0.9288

[search time: 7.135 s, pure query time: 7.114 s] ef=140
Intersection-merged index R@100 = 0.9288

[search time: 7.133 s, pure query time: 7.112 s] ef=140
Intersection-merged index R@100 = 0.9288

set ef = 160
[search time: 8.040 s, pure query time: 8.017 s] ef=160
Intersection-merged index R@100 = 0.9397

[search time: 8.008 s, pure query time: 7.986 s] ef=160
Intersection-merged index R@100 = 0.9397

[search time: 7.993 s, pure query time: 7.971 s] ef=160
Intersection-merged index R@100 = 0.9397

[search time: 8.021 s, pure query time: 7.999 s] ef=160
Intersection-merged index R@100 = 0.9397

[search time: 8.013 s, pure query time: 7.991 s] ef=160
Intersection-merged index R@100 = 0.9397

set ef = 180
[search time: 8.843 s, pure query time: 8.819 s] ef=180
Intersection-merged index R@100 = 0.9481

[search time: 8.888 s, pure query time: 8.865 s] ef=180
Intersection-merged index R@100 = 0.9481

[search time: 8.867 s, pure query time: 8.844 s] ef=180
Intersection-merged index R@100 = 0.9481

[search time: 8.840 s, pure query time: 8.816 s] ef=180
Intersection-merged index R@100 = 0.9481

[search time: 8.900 s, pure query time: 8.876 s] ef=180
Intersection-merged index R@100 = 0.9481

set ef = 200
[search time: 9.684 s, pure query time: 9.659 s] ef=200
Intersection-merged index R@100 = 0.9549

[search time: 9.686 s, pure query time: 9.661 s] ef=200
Intersection-merged index R@100 = 0.9549

[search time: 9.736 s, pure query time: 9.711 s] ef=200
Intersection-merged index R@100 = 0.9549

[search time: 9.684 s, pure query time: 9.658 s] ef=200
Intersection-merged index R@100 = 0.9549

[search time: 9.745 s, pure query time: 9.720 s] ef=200
Intersection-merged index R@100 = 0.9549

set ef = 250
[search time: 11.750 s, pure query time: 11.721 s] ef=250
Intersection-merged index R@100 = 0.9669

[search time: 11.790 s, pure query time: 11.762 s] ef=250
Intersection-merged index R@100 = 0.9669

[search time: 11.778 s, pure query time: 11.749 s] ef=250
Intersection-merged index R@100 = 0.9669

[search time: 11.762 s, pure query time: 11.734 s] ef=250
Intersection-merged index R@100 = 0.9669

[search time: 11.803 s, pure query time: 11.774 s] ef=250
Intersection-merged index R@100 = 0.9669

set ef = 300
[search time: 13.787 s, pure query time: 13.755 s] ef=300
Intersection-merged index R@100 = 0.9746

[search time: 13.808 s, pure query time: 13.777 s] ef=300
Intersection-merged index R@100 = 0.9746

[search time: 13.836 s, pure query time: 13.805 s] ef=300
Intersection-merged index R@100 = 0.9746

[search time: 13.773 s, pure query time: 13.742 s] ef=300
Intersection-merged index R@100 = 0.9746

[search time: 13.839 s, pure query time: 13.808 s] ef=300
Intersection-merged index R@100 = 0.9746

set ef = 400
[search time: 17.731 s, pure query time: 17.696 s] ef=400
Intersection-merged index R@100 = 0.9836

[search time: 17.758 s, pure query time: 17.723 s] ef=400
Intersection-merged index R@100 = 0.9836

[search time: 17.778 s, pure query time: 17.743 s] ef=400
Intersection-merged index R@100 = 0.9836

[search time: 17.775 s, pure query time: 17.740 s] ef=400
Intersection-merged index R@100 = 0.9836

[search time: 17.716 s, pure query time: 17.681 s] ef=400
Intersection-merged index R@100 = 0.9836

set ef = 500
[search time: 21.611 s, pure query time: 21.573 s] ef=500
Intersection-merged index R@100 = 0.9884

[search time: 21.605 s, pure query time: 21.567 s] ef=500
Intersection-merged index R@100 = 0.9884

[search time: 21.612 s, pure query time: 21.575 s] ef=500
Intersection-merged index R@100 = 0.9884

[search time: 21.604 s, pure query time: 21.554 s] ef=500
Intersection-merged index R@100 = 0.9884

[search time: 21.607 s, pure query time: 21.570 s] ef=500
Intersection-merged index R@100 = 0.9884

set ef = 600
[search time: 25.345 s, pure query time: 25.306 s] ef=600
Intersection-merged index R@100 = 0.9914

[search time: 25.345 s, pure query time: 25.307 s] ef=600
Intersection-merged index R@100 = 0.9914

[search time: 25.348 s, pure query time: 25.310 s] ef=600
Intersection-merged index R@100 = 0.9914

[search time: 25.348 s, pure query time: 25.311 s] ef=600
Intersection-merged index R@100 = 0.9914

[search time: 25.344 s, pure query time: 25.307 s] ef=600
Intersection-merged index R@100 = 0.9914

set ef = 700
[search time: 29.008 s, pure query time: 28.969 s] ef=700
Intersection-merged index R@100 = 0.9933

[search time: 29.004 s, pure query time: 28.965 s] ef=700
Intersection-merged index R@100 = 0.9933

[search time: 29.005 s, pure query time: 28.967 s] ef=700
Intersection-merged index R@100 = 0.9933

[search time: 29.062 s, pure query time: 29.023 s] ef=700
Intersection-merged index R@100 = 0.9933

[search time: 29.005 s, pure query time: 28.966 s] ef=700
Intersection-merged index R@100 = 0.9933

set ef = 800
[search time: 32.609 s, pure query time: 32.570 s] ef=800
Intersection-merged index R@100 = 0.9947

[search time: 32.610 s, pure query time: 32.571 s] ef=800
Intersection-merged index R@100 = 0.9947

[search time: 32.662 s, pure query time: 32.623 s] ef=800
Intersection-merged index R@100 = 0.9947

[search time: 32.607 s, pure query time: 32.568 s] ef=800
Intersection-merged index R@100 = 0.9947

[search time: 32.607 s, pure query time: 32.568 s] ef=800
Intersection-merged index R@100 = 0.9947

[?2004h[01;32mjin467@db4[00m:[01;34m~/github_download/hnswlib/hnswlib[00m$ [K[01;32mjin467@db4[00m:[01;34m~/github_download/hnswlib/hnswlib[00m$ [?2004l
exit
