g++ -Wno-write-strings -Wno-unused-result -Wno-format  -O3 experiment.cpp -o exps -I/usr/local/include -L/usr/local/lib -fopenmp -lopenblas -llapack -ltbb
Configuration:
  Workload Type: SIFT10M
  Merge Method: MULTI_TWO_MERGE
  Dimension: 128
  Max Elements: 10000000
  Base Vectors: 10000000
  M: 32
  ef_construction: 64
  k: 100
  Query Vectors: 10000
  Iterations: 1
  Rerun: true
  Thread Count: 1
  cnt: 4
  Alpha: 1.05
  Save Index: true
loaded query vectors: 10000 vectors of dimension 128
fvecs_read: /ssd_root/dataset/ann_sift1b/gnd/idx_10M.ivecs
loaded ground-truth for 10000 queries, top 100
Merge method: MULTI_TWO_MERGE
multi_merge_method: LARGE_FIRST
Loaded index from: /ssd_root/jin467/merger/indexes/bigann-index_10-10M.hnsw
Loaded index from: /ssd_root/jin467/merger/indexes/bigann-index_9-10M.hnsw
Loaded index from: /ssd_root/jin467/merger/indexes/bigann-index_8-10M.hnsw
Loaded index from: /ssd_root/jin467/merger/indexes/bigann-index_7-10M.hnsw
Loaded index from: /ssd_root/jin467/merger/indexes/bigann-index_6-10M.hnsw
Loaded index from: /ssd_root/jin467/merger/indexes/bigann-index_5-10M.hnsw
Loaded index from: /ssd_root/jin467/merger/indexes/bigann-index_4-10M.hnsw
Loaded index from: /ssd_root/jin467/merger/indexes/bigann-index_3-10M.hnsw
Loaded index from: /ssd_root/jin467/merger/indexes/bigann-index_2-10M.hnsw
Loaded index from: /ssd_root/jin467/merger/indexes/bigann-index_1-10M.hnsw
Sorted indexes by count:
Iteration 1/1
Merging indexes with counts: 1000000 and 1000000
lambda: 4
time for new layer: 1.412461
mergeIndex1BasedOnIndex2Connection sum0: 35.360054
mergeIndex1BasedOnIndex2Connection sum1: 1.220073
mergeIndex1BasedOnIndex2Connection sum2: 36.580127
Merged index with counts: 2000000, time elapsed: 38.074125 s
Merging indexes with counts: 2000000 and 1000000
lambda: 8
Swap index with more current element count to index1.
time for new layer: 2.078254
mergeIndex1BasedOnIndex2Connection sum0: 62.241133
mergeIndex1BasedOnIndex2Connection sum1: 3.199772
mergeIndex1BasedOnIndex2Connection sum2: 65.440908
Merged index with counts: 3000000, time elapsed: 105.801984 s
Merging indexes with counts: 3000000 and 1000000
lambda: 12
Swap index with more current element count to index1.
time for new layer: 3.613820
mergeIndex1BasedOnIndex2Connection sum0: 89.965480
mergeIndex1BasedOnIndex2Connection sum1: 7.141855
mergeIndex1BasedOnIndex2Connection sum2: 97.107339
Merged index with counts: 4000000, time elapsed: 207.101338 s
Merging indexes with counts: 4000000 and 1000000
lambda: 16
Swap index with more current element count to index1.
time for new layer: 4.445929
mergeIndex1BasedOnIndex2Connection sum0: 130.183305
mergeIndex1BasedOnIndex2Connection sum1: 10.466363
mergeIndex1BasedOnIndex2Connection sum2: 140.649677
Merged index with counts: 5000000, time elapsed: 352.744072 s
Merging indexes with counts: 5000000 and 1000000
lambda: 20
Swap index with more current element count to index1.
time for new layer: 5.176941
mergeIndex1BasedOnIndex2Connection sum0: 147.969050
mergeIndex1BasedOnIndex2Connection sum1: 15.489571
mergeIndex1BasedOnIndex2Connection sum2: 163.458611
Merged index with counts: 6000000, time elapsed: 522.090663 s
Merging indexes with counts: 6000000 and 1000000
lambda: 24
Swap index with more current element count to index1.
time for new layer: 5.825194
mergeIndex1BasedOnIndex2Connection sum0: 177.853824
mergeIndex1BasedOnIndex2Connection sum1: 21.634759
mergeIndex1BasedOnIndex2Connection sum2: 199.488591
Merged index with counts: 7000000, time elapsed: 728.272739 s
Merging indexes with counts: 7000000 and 1000000
lambda: 28
Swap index with more current element count to index1.
time for new layer: 6.492437
mergeIndex1BasedOnIndex2Connection sum0: 206.685228
mergeIndex1BasedOnIndex2Connection sum1: 28.688982
mergeIndex1BasedOnIndex2Connection sum2: 235.374218
Merged index with counts: 8000000, time elapsed: 971.169549 s
Merging indexes with counts: 8000000 and 1000000
lambda: 32
Swap index with more current element count to index1.
time for new layer: 7.161446
mergeIndex1BasedOnIndex2Connection sum0: 235.771445
mergeIndex1BasedOnIndex2Connection sum1: 36.502393
mergeIndex1BasedOnIndex2Connection sum2: 272.273832
Merged index with counts: 9000000, time elapsed: 1251.800071 s
Merging indexes with counts: 9000000 and 1000000
lambda: 36
Swap index with more current element count to index1.
time for new layer: 8.276917
mergeIndex1BasedOnIndex2Connection sum0: 315.812213
mergeIndex1BasedOnIndex2Connection sum1: 52.242506
mergeIndex1BasedOnIndex2Connection sum2: 368.054724
Merged index with counts: 10000000, time elapsed: 1629.860111 s
Total time for insertion: 1629.860 s
Total global counter: 1578.428
Saved merged index to: /ssd_root/jin467/merger/indexes/multi_LARGE_FIRST_SIFT10M.hnsw


g++ -Wno-write-strings -Wno-unused-result -Wno-format  -O3 experiment.cpp -o exps -I/usr/local/include -L/usr/local/lib -fopenmp -lopenblas -llapack -ltbb
Configuration:
  Workload Type: SIFT10M
  Merge Method: MULTI_TWO_MERGE
  Dimension: 128
  Max Elements: 10000000
  Base Vectors: 10000000
  M: 32
  ef_construction: 64
  k: 100
  Query Vectors: 10000
  Iterations: 1
  Rerun: true
  Thread Count: 1
  cnt: 4
  Alpha: 1.05
  Save Index: true
loaded query vectors: 10000 vectors of dimension 128
fvecs_read: /ssd_root/dataset/ann_sift1b/gnd/idx_10M.ivecs
loaded ground-truth for 10000 queries, top 100
Merge method: MULTI_TWO_MERGE
multi_merge_method: LARGE_FIRST
Loaded index from: /ssd_root/jin467/merger/indexes/test/bigann-index_7500K-10M.hnsw
Loaded index from: /ssd_root/jin467/merger/indexes/test/bigann-index_5000K-7500K.hnsw
Loaded index from: /ssd_root/jin467/merger/indexes/test/bigann-index_2500K-5000K.hnsw
Loaded index from: /ssd_root/jin467/merger/indexes/test/bigann-index_2500K.hnsw
Sorted indexes by count:
Iteration 1/1
Merging indexes with counts: 4000000 and 3000000
lambda: 16
Swap index with more current element count to index1.
time for new layer: 4.513773
mergeIndex1BasedOnIndex2Connection sum0: 323.296533
mergeIndex1BasedOnIndex2Connection sum1: 25.983855
mergeIndex1BasedOnIndex2Connection sum2: 349.280390
Merged index with counts: 7000000, time elapsed: 354.460500 s
Merging indexes with counts: 7000000 and 2000000
lambda: 28
Swap index with more current element count to index1.
time for new layer: 5.323948
mergeIndex1BasedOnIndex2Connection sum0: 377.830319
mergeIndex1BasedOnIndex2Connection sum1: 46.358521
mergeIndex1BasedOnIndex2Connection sum2: 424.188835
Merged index with counts: 9000000, time elapsed: 785.147168 s
Merging indexes with counts: 9000000 and 1000000
lambda: 28
Swap index with more current element count to index1.
time for new layer: 5.971472
mergeIndex1BasedOnIndex2Connection sum0: 208.164183
mergeIndex1BasedOnIndex2Connection sum1: 31.317660
mergeIndex1BasedOnIndex2Connection sum2: 239.481846
Merged index with counts: 10000000, time elapsed: 1031.868086 s
Total time for insertion: 1031.868 s
Total global counter: 1012.951

Iteration 1/1
Merging indexes with counts: 4000000 and 3000000
lambda: 16
Swap index with more current element count to index1.
time for new layer: 4.172945
mergeIndex1BasedOnIndex2Connection sum0: 293.392265
mergeIndex1BasedOnIndex2Connection sum1: 25.056116
mergeIndex1BasedOnIndex2Connection sum2: 318.448411
Merged index with counts: 7000000, time elapsed: 323.279423 s
Merging indexes with counts: 7000000 and 2000000
lambda: 28
Swap index with more current element count to index1.
time for new layer: 5.307515
mergeIndex1BasedOnIndex2Connection sum0: 379.531262
mergeIndex1BasedOnIndex2Connection sum1: 46.462957
mergeIndex1BasedOnIndex2Connection sum2: 425.994204
Merged index with counts: 9000000, time elapsed: 755.766357 s
Merging indexes with counts: 9000000 and 1000000
lambda: 28
Swap index with more current element count to index1.
time for new layer: 6.169611
mergeIndex1BasedOnIndex2Connection sum0: 255.655501
mergeIndex1BasedOnIndex2Connection sum1: 41.788102
mergeIndex1BasedOnIndex2Connection sum2: 297.443602
Merged index with counts: 10000000, time elapsed: 1060.844668 s
Total time for insertion: 1060.845 s
Total global counter: 1041.886

Saved merged index to: /ssd_root/jin467/merger/indexes/multi_LARGE_FIRST_SIFT10M.hnsw
Start searching
set ef = 100
[search time: 5.341 s, pure query time: 5.319 s] ef=100
Intersection-merged index R@100 = 0.9119

[search time: 5.345 s, pure query time: 5.323 s] ef=100
Intersection-merged index R@100 = 0.9119

[search time: 5.321 s, pure query time: 5.299 s] ef=100
Intersection-merged index R@100 = 0.9119

set ef = 120
[search time: 6.228 s, pure query time: 6.203 s] ef=120
Intersection-merged index R@100 = 0.9297

[search time: 6.244 s, pure query time: 6.220 s] ef=120
Intersection-merged index R@100 = 0.9297

[search time: 6.225 s, pure query time: 6.201 s] ef=120
Intersection-merged index R@100 = 0.9297

set ef = 140
[search time: 7.128 s, pure query time: 7.102 s] ef=140
Intersection-merged index R@100 = 0.9424

[search time: 7.100 s, pure query time: 7.073 s] ef=140
Intersection-merged index R@100 = 0.9424

[search time: 7.119 s, pure query time: 7.092 s] ef=140
Intersection-merged index R@100 = 0.9424

set ef = 160
[search time: 7.996 s, pure query time: 7.967 s] ef=160
Intersection-merged index R@100 = 0.9516

[search time: 7.956 s, pure query time: 7.927 s] ef=160
Intersection-merged index R@100 = 0.9516

[search time: 8.011 s, pure query time: 7.982 s] ef=160
Intersection-merged index R@100 = 0.9516

set ef = 180
[search time: 8.813 s, pure query time: 8.782 s] ef=180
Intersection-merged index R@100 = 0.9588

[search time: 8.839 s, pure query time: 8.808 s] ef=180
Intersection-merged index R@100 = 0.9588

[search time: 8.858 s, pure query time: 8.829 s] ef=180
Intersection-merged index R@100 = 0.9588

set ef = 200
[search time: 9.674 s, pure query time: 9.643 s] ef=200
Intersection-merged index R@100 = 0.9646

[search time: 9.680 s, pure query time: 9.649 s] ef=200
Intersection-merged index R@100 = 0.9646

[search time: 9.690 s, pure query time: 9.659 s] ef=200
Intersection-merged index R@100 = 0.9646

set ef = 250
[search time: 11.880 s, pure query time: 11.846 s] ef=250
Intersection-merged index R@100 = 0.9745

[search time: 11.874 s, pure query time: 11.841 s] ef=250
Intersection-merged index R@100 = 0.9745

[search time: 11.853 s, pure query time: 11.820 s] ef=250
Intersection-merged index R@100 = 0.9745

set ef = 300
[search time: 13.931 s, pure query time: 13.896 s] ef=300
Intersection-merged index R@100 = 0.9808

[search time: 13.935 s, pure query time: 13.901 s] ef=300
Intersection-merged index R@100 = 0.9808

[search time: 13.923 s, pure query time: 13.889 s] ef=300
Intersection-merged index R@100 = 0.9808

set ef = 400
[search time: 17.894 s, pure query time: 17.857 s] ef=400
Intersection-merged index R@100 = 0.9879

[search time: 17.923 s, pure query time: 17.886 s] ef=400
Intersection-merged index R@100 = 0.9879

[search time: 17.941 s, pure query time: 17.904 s] ef=400
Intersection-merged index R@100 = 0.9879

set ef = 500
[search time: 21.775 s, pure query time: 21.738 s] ef=500
Intersection-merged index R@100 = 0.9916

[search time: 21.811 s, pure query time: 21.774 s] ef=500
Intersection-merged index R@100 = 0.9916

[search time: 21.808 s, pure query time: 21.770 s] ef=500
Intersection-merged index R@100 = 0.9916


Configuration:
  Workload Type: SIFT10M
  Merge Method: MULTI_TWO_MERGE
  Dimension: 128
  Max Elements: 10000000
  Base Vectors: 10000000
  M: 32
  ef_construction: 64
  k: 100
  Query Vectors: 10000
  Iterations: 1
  Rerun: true
  Thread Count: 1
  cnt: 4
  Alpha: 1.05
  Save Index: true
loaded query vectors: 10000 vectors of dimension 128
fvecs_read: /ssd_root/dataset/ann_sift1b/gnd/idx_10M.ivecs
loaded ground-truth for 10000 queries, top 100
Merge method: MULTI_TWO_MERGE
multi_merge_method: SMALL_FIRST
Loaded index from: /ssd_root/jin467/merger/indexes/test/bigann-index_7500K-10M.hnsw
Loaded index from: /ssd_root/jin467/merger/indexes/test/bigann-index_5000K-7500K.hnsw
Loaded index from: /ssd_root/jin467/merger/indexes/test/bigann-index_2500K-5000K.hnsw
Loaded index from: /ssd_root/jin467/merger/indexes/test/bigann-index_2500K.hnsw
Sorted indexes by count:
Iteration 1/1
Merging indexes with counts: 1000000 and 2000000
lambda: 8
time for new layer: 1.977011
mergeIndex1BasedOnIndex2Connection sum0: 62.281161
mergeIndex1BasedOnIndex2Connection sum1: 3.594231
mergeIndex1BasedOnIndex2Connection sum2: 65.875398
Merged index with counts: 3000000, time elapsed: 68.103403 s
Merging indexes with counts: 3000000 and 3000000
lambda: 12
time for new layer: 6.132113
mergeIndex1BasedOnIndex2Connection sum0: 246.694627
mergeIndex1BasedOnIndex2Connection sum1: 18.065120
mergeIndex1BasedOnIndex2Connection sum2: 264.759748
Merged index with counts: 6000000, time elapsed: 339.468334 s
Merging indexes with counts: 4000000 and 6000000
lambda: 24
time for new layer: 9.001942
mergeIndex1BasedOnIndex2Connection sum0: 665.037149
mergeIndex1BasedOnIndex2Connection sum1: 91.062226
mergeIndex1BasedOnIndex2Connection sum2: 756.099344
Merged index with counts: 10000000, time elapsed: 1105.604599 s
Total time for insertion: 1105.605 s
Total global counter: 1086.734

Iteration 1/1
Merging indexes with counts: 1000000 and 2000000
lambda: 8
time for new layer: 1.976871
mergeIndex1BasedOnIndex2Connection sum0: 57.713673
mergeIndex1BasedOnIndex2Connection sum1: 2.779873
mergeIndex1BasedOnIndex2Connection sum2: 60.493547
Merged index with counts: 3000000, time elapsed: 62.687540 s
Merging indexes with counts: 3000000 and 3000000
lambda: 12
time for new layer: 3.768639
mergeIndex1BasedOnIndex2Connection sum0: 274.510553
mergeIndex1BasedOnIndex2Connection sum1: 21.904494
mergeIndex1BasedOnIndex2Connection sum2: 296.415043
Merged index with counts: 6000000, time elapsed: 363.345899 s
Merging indexes with counts: 4000000 and 6000000
lambda: 24
time for new layer: 9.482867
mergeIndex1BasedOnIndex2Connection sum0: 751.123001
mergeIndex1BasedOnIndex2Connection sum1: 91.668638
mergeIndex1BasedOnIndex2Connection sum2: 842.791699
Merged index with counts: 10000000, time elapsed: 1216.686140 s
Total time for insertion: 1216.686 s
Total global counter: 1199.700

Saved merged index to: /ssd_root/jin467/merger/indexes/multi_SMALL_FIRST_SIFT10M.hnsw
Start searching
set ef = 100
[search time: 6.222 s, pure query time: 6.195 s] ef=100
Intersection-merged index R@100 = 0.9114

[search time: 5.227 s, pure query time: 5.205 s] ef=100
Intersection-merged index R@100 = 0.9114

[search time: 5.248 s, pure query time: 5.226 s] ef=100
Intersection-merged index R@100 = 0.9114

set ef = 120
[search time: 6.156 s, pure query time: 6.132 s] ef=120
Intersection-merged index R@100 = 0.9293

[search time: 6.146 s, pure query time: 6.122 s] ef=120
Intersection-merged index R@100 = 0.9293

[search time: 6.109 s, pure query time: 6.085 s] ef=120
Intersection-merged index R@100 = 0.9293

set ef = 140
[search time: 7.008 s, pure query time: 6.982 s] ef=140
Intersection-merged index R@100 = 0.9419

[search time: 6.978 s, pure query time: 6.952 s] ef=140
Intersection-merged index R@100 = 0.9419

[search time: 6.991 s, pure query time: 6.965 s] ef=140
Intersection-merged index R@100 = 0.9419

set ef = 160
[search time: 7.827 s, pure query time: 7.800 s] ef=160
Intersection-merged index R@100 = 0.9514

[search time: 7.877 s, pure query time: 7.849 s] ef=160
Intersection-merged index R@100 = 0.9514

[search time: 7.883 s, pure query time: 7.856 s] ef=160
Intersection-merged index R@100 = 0.9514

set ef = 180
[search time: 8.666 s, pure query time: 8.637 s] ef=180
Intersection-merged index R@100 = 0.9588

[search time: 8.718 s, pure query time: 8.688 s] ef=180
Intersection-merged index R@100 = 0.9588

[search time: 8.693 s, pure query time: 8.664 s] ef=180
Intersection-merged index R@100 = 0.9588

set ef = 200
[search time: 9.518 s, pure query time: 9.487 s] ef=200
Intersection-merged index R@100 = 0.9646

[search time: 9.567 s, pure query time: 9.536 s] ef=200
Intersection-merged index R@100 = 0.9646

[search time: 9.536 s, pure query time: 9.505 s] ef=200
Intersection-merged index R@100 = 0.9646

set ef = 250
[search time: 11.591 s, pure query time: 11.557 s] ef=250
Intersection-merged index R@100 = 0.9743

[search time: 11.578 s, pure query time: 11.545 s] ef=250
Intersection-merged index R@100 = 0.9743

[search time: 11.581 s, pure query time: 11.547 s] ef=250
Intersection-merged index R@100 = 0.9743

set ef = 300
[search time: 13.622 s, pure query time: 13.587 s] ef=300
Intersection-merged index R@100 = 0.9808

[search time: 13.589 s, pure query time: 13.554 s] ef=300
Intersection-merged index R@100 = 0.9808

[search time: 13.568 s, pure query time: 13.533 s] ef=300
Intersection-merged index R@100 = 0.9808

set ef = 400
[search time: 17.552 s, pure query time: 17.515 s] ef=400
Intersection-merged index R@100 = 0.9880

[search time: 17.508 s, pure query time: 17.471 s] ef=400
Intersection-merged index R@100 = 0.9880

[search time: 17.481 s, pure query time: 17.444 s] ef=400
Intersection-merged index R@100 = 0.9880

set ef = 500
[search time: 21.354 s, pure query time: 21.316 s] ef=500
Intersection-merged index R@100 = 0.9917

[search time: 21.286 s, pure query time: 21.248 s] ef=500
Intersection-merged index R@100 = 0.9917

[search time: 21.340 s, pure query time: 21.302 s] ef=500
Intersection-merged index R@100 = 0.9917

set ef = 600
[search time: 25.016 s, pure query time: 24.977 s] ef=600
Intersection-merged index R@100 = 0.9939

[search time: 25.020 s, pure query time: 24.981 s] ef=600
Intersection-merged index R@100 = 0.9939

[search time: 25.035 s, pure query time: 24.996 s] ef=600
Intersection-merged index R@100 = 0.9939

set ef = 700
[search time: 28.663 s, pure query time: 28.624 s] ef=700
Intersection-merged index R@100 = 0.9952

[search time: 28.632 s, pure query time: 28.593 s] ef=700
Intersection-merged index R@100 = 0.9952

[search time: 28.678 s, pure query time: 28.639 s] ef=700
Intersection-merged index R@100 = 0.9952

set ef = 800
[search time: 32.186 s, pure query time: 32.147 s] ef=800
Intersection-merged index R@100 = 0.9962

[search time: 32.275 s, pure query time: 32.236 s] ef=800
Intersection-merged index R@100 = 0.9962

[search time: 32.248 s, pure query time: 32.208 s] ef=800
Intersection-merged index R@100 = 0.9962

Configuration:
  Workload Type: SIFT10M
  Merge Method: MULTI_TWO_MERGE
  Dimension: 128
  Max Elements: 10000000
  Base Vectors: 10000000
  M: 32
  ef_construction: 64
  k: 100
  Query Vectors: 10000
  Iterations: 1
  Rerun: true
  Thread Count: 1
  cnt: 4
  Alpha: 1.05
  Save Index: false
loaded query vectors: 10000 vectors of dimension 128
fvecs_read: /ssd_root/dataset/ann_sift1b/gnd/idx_10M.ivecs
loaded ground-truth for 10000 queries, top 100
Merge method: MULTI_TWO_MERGE
multi_merge_method: RANDOM
Loaded index from: /ssd_root/jin467/merger/indexes/test/bigann-index_7500K-10M.hnsw
Loaded index from: /ssd_root/jin467/merger/indexes/test/bigann-index_5000K-7500K.hnsw
Loaded index from: /ssd_root/jin467/merger/indexes/test/bigann-index_2500K-5000K.hnsw
Loaded index from: /ssd_root/jin467/merger/indexes/test/bigann-index_2500K.hnsw
Sorted indexes by count:
Iteration 1/1
Merging indexes with counts: 1000000 and 3000000
lambda: 12
time for new layer: 2.537324
mergeIndex1BasedOnIndex2Connection sum0: 78.043945
mergeIndex1BasedOnIndex2Connection sum1: 4.509538
mergeIndex1BasedOnIndex2Connection sum2: 82.553492
Merged index with counts: 4000000, time elapsed: 85.451774 s
Merging indexes with counts: 4000000 and 4000000
lambda: 16
time for new layer: 5.508839
mergeIndex1BasedOnIndex2Connection sum0: 498.605274
mergeIndex1BasedOnIndex2Connection sum1: 50.560011
mergeIndex1BasedOnIndex2Connection sum2: 549.165324
Merged index with counts: 8000000, time elapsed: 640.873245 s
Merging indexes with counts: 8000000 and 2000000
lambda: 28
Swap index with more current element count to index1.
time for new layer: 7.663668
mergeIndex1BasedOnIndex2Connection sum0: 453.116784
mergeIndex1BasedOnIndex2Connection sum1: 48.943869
mergeIndex1BasedOnIndex2Connection sum2: 502.060643
Merged index with counts: 10000000, time elapsed: 1151.991478 s
Total time for insertion: 1151.991 s
Total global counter: 1133.779
Merged index not saved, rerun with save_index flag in config to save the index.
Start searching
set ef = 100
[search time: 5.470 s, pure query time: 5.448 s] ef=100
Intersection-merged index R@100 = 0.9118

[search time: 5.437 s, pure query time: 5.415 s] ef=100
Intersection-merged index R@100 = 0.9118

[search time: 5.488 s, pure query time: 5.466 s] ef=100
Intersection-merged index R@100 = 0.9118

set ef = 120
[search time: 6.357 s, pure query time: 6.333 s] ef=120
Intersection-merged index R@100 = 0.9292

[search time: 6.379 s, pure query time: 6.355 s] ef=120
Intersection-merged index R@100 = 0.9292

Configuration:
  Workload Type: SIFT10M
  Merge Method: MULTI_TWO_MERGE
  Dimension: 128
  Max Elements: 10000000
  Base Vectors: 10000000
  M: 32
  ef_construction: 64
  k: 100
  Query Vectors: 10000
  Iterations: 1
  Rerun: true
  Thread Count: 1
  cnt: 4
  Alpha: 1.05
  Save Index: true
loaded query vectors: 10000 vectors of dimension 128
fvecs_read: /ssd_root/dataset/ann_sift1b/gnd/idx_10M.ivecs
loaded ground-truth for 10000 queries, top 100
Merge method: MULTI_TWO_MERGE
multi_merge_method: RANDOM
Loaded index from: /ssd_root/jin467/merger/indexes/test/bigann-index_7500K-10M.hnsw
Loaded index from: /ssd_root/jin467/merger/indexes/test/bigann-index_5000K-7500K.hnsw
Loaded index from: /ssd_root/jin467/merger/indexes/test/bigann-index_2500K-5000K.hnsw
Loaded index from: /ssd_root/jin467/merger/indexes/test/bigann-index_2500K.hnsw
Sorted indexes by count:
Iteration 1/1
Merging indexes with counts: 1000000 and 4000000
lambda: 16
time for new layer: 3.149242
mergeIndex1BasedOnIndex2Connection sum0: 132.854897
mergeIndex1BasedOnIndex2Connection sum1: 9.504862
mergeIndex1BasedOnIndex2Connection sum2: 142.359764
Merged index with counts: 5000000, time elapsed: 146.032022 s
Merging indexes with counts: 3000000 and 5000000
lambda: 20
time for new layer: 7.067685
mergeIndex1BasedOnIndex2Connection sum0: 427.488928
mergeIndex1BasedOnIndex2Connection sum1: 42.160446
mergeIndex1BasedOnIndex2Connection sum2: 469.649397
Merged index with counts: 8000000, time elapsed: 623.585484 s
Merging indexes with counts: 8000000 and 2000000
lambda: 28
Swap index with more current element count to index1.
time for new layer: 7.332010
mergeIndex1BasedOnIndex2Connection sum0: 393.674106
mergeIndex1BasedOnIndex2Connection sum1: 51.547851
mergeIndex1BasedOnIndex2Connection sum2: 445.221976
Merged index with counts: 10000000, time elapsed: 1077.466966 s
Total time for insertion: 1077.467 s
Total global counter: 1057.231
Saved merged index to: /ssd_root/jin467/merger/indexes/multi_RANDOM_SIFT10M.hnsw
Start searching
set ef = 100
[search time: 5.365 s, pure query time: 5.342 s] ef=100
Intersection-merged index R@100 = 0.9117

[search time: 5.359 s, pure query time: 5.336 s] ef=100
Intersection-merged index R@100 = 0.9117

[search time: 5.331 s, pure query time: 5.308 s] ef=100
Intersection-merged index R@100 = 0.9117

set ef = 120
[search time: 6.290 s, pure query time: 6.265 s] ef=120
Intersection-merged index R@100 = 0.9296

[search time: 6.251 s, pure query time: 6.226 s] ef=120
Intersection-merged index R@100 = 0.9296

[search time: 6.204 s, pure query time: 6.179 s] ef=120
Intersection-merged index R@100 = 0.9296

set ef = 140
[search time: 7.113 s, pure query time: 7.087 s] ef=140
Intersection-merged index R@100 = 0.9423

[search time: 7.108 s, pure query time: 7.081 s] ef=140
Intersection-merged index R@100 = 0.9423

[search time: 7.120 s, pure query time: 7.093 s] ef=140
Intersection-merged index R@100 = 0.9423

set ef = 160
[search time: 7.962 s, pure query time: 7.934 s] ef=160
Intersection-merged index R@100 = 0.9517

[search time: 8.010 s, pure query time: 7.981 s] ef=160
Intersection-merged index R@100 = 0.9517

[search time: 7.973 s, pure query time: 7.944 s] ef=160
Intersection-merged index R@100 = 0.9517

set ef = 180
[search time: 8.819 s, pure query time: 8.789 s] ef=180
Intersection-merged index R@100 = 0.9588

[search time: 8.820 s, pure query time: 8.789 s] ef=180
Intersection-merged index R@100 = 0.9588

[search time: 8.835 s, pure query time: 8.805 s] ef=180
Intersection-merged index R@100 = 0.9588

set ef = 200
[search time: 9.704 s, pure query time: 9.672 s] ef=200
Intersection-merged index R@100 = 0.9647

[search time: 9.687 s, pure query time: 9.655 s] ef=200
Intersection-merged index R@100 = 0.9647

[search time: 9.664 s, pure query time: 9.632 s] ef=200
Intersection-merged index R@100 = 0.9647

set ef = 250
[search time: 11.753 s, pure query time: 11.718 s] ef=250
Intersection-merged index R@100 = 0.9745

[search time: 11.766 s, pure query time: 11.731 s] ef=250
Intersection-merged index R@100 = 0.9745

[search time: 11.791 s, pure query time: 11.756 s] ef=250
Intersection-merged index R@100 = 0.9745

set ef = 300
[search time: 13.787 s, pure query time: 13.751 s] ef=300
Intersection-merged index R@100 = 0.9807

[search time: 13.775 s, pure query time: 13.739 s] ef=300
Intersection-merged index R@100 = 0.9807

[search time: 13.815 s, pure query time: 13.779 s] ef=300
Intersection-merged index R@100 = 0.9807

set ef = 400
[search time: 17.749 s, pure query time: 17.711 s] ef=400
Intersection-merged index R@100 = 0.9877

[search time: 17.732 s, pure query time: 17.694 s] ef=400
Intersection-merged index R@100 = 0.9877

[search time: 17.796 s, pure query time: 17.757 s] ef=400
Intersection-merged index R@100 = 0.9877

set ef = 500
[search time: 21.561 s, pure query time: 21.522 s] ef=500
Intersection-merged index R@100 = 0.9915

[search time: 21.626 s, pure query time: 21.588 s] ef=500
Intersection-merged index R@100 = 0.9915

[search time: 21.563 s, pure query time: 21.524 s] ef=500
Intersection-merged index R@100 = 0.9915

set ef = 600
[search time: 25.357 s, pure query time: 25.318 s] ef=600
Intersection-merged index R@100 = 0.9938

[search time: 25.297 s, pure query time: 25.258 s] ef=600
Intersection-merged index R@100 = 0.9938

[search time: 25.375 s, pure query time: 25.335 s] ef=600
Intersection-merged index R@100 = 0.9938

set ef = 700
[search time: 28.966 s, pure query time: 28.926 s] ef=700
Intersection-merged index R@100 = 0.9952