g++ -Wno-write-strings -Wno-unused-result -Wno-format  -O3 experiment.cpp -o exps -I/usr/local/include -L/usr/local/lib -fopenmp -lopenblas -llapack -ltbb
Configuration:
  Workload Type: SIFT10M
  Merge Method: MULTI_TWO_MERGE
  Dimension: 128
  Max Elements: 10000000
  Base Vectors: 10000000
  M: 32
  ef_construction: 64
  k: 100
  Query Vectors: 10000
  Iterations: 1
  Rerun: true
  Thread Count: 1
  cnt: 4
  Alpha: 1.05
  Save Index: true
loaded query vectors: 10000 vectors of dimension 128
fvecs_read: /ssd_root/dataset/ann_sift1b/gnd/idx_10M.ivecs
loaded ground-truth for 10000 queries, top 100
Merge method: MULTI_TWO_MERGE
multi_merge_method: LARGE_FIRST
Loaded index from: /ssd_root/jin467/merger/indexes/test/bigann-index_7500K-10M.hnsw
Loaded index from: /ssd_root/jin467/merger/indexes/test/bigann-index_5000K-7500K.hnsw
Loaded index from: /ssd_root/jin467/merger/indexes/test/bigann-index_2500K-5000K.hnsw
Loaded index from: /ssd_root/jin467/merger/indexes/test/bigann-index_2500K.hnsw
Sorted indexes by count:
Iteration 1/1
Merging indexes with counts: 4000000 and 3000000
lambda: 16
Swap index with more current element count to index1.
time for new layer: 4.146191
mergeIndex1BasedOnIndex2Connection sum0: 289.151936
mergeIndex1BasedOnIndex2Connection sum1: 25.096197
mergeIndex1BasedOnIndex2Connection sum2: 314.248143
Merged index with counts: 7000000, time elapsed: 319.047554 s
Merging indexes with counts: 7000000 and 2000000
lambda: 16
Swap index with more current element count to index1.
time for new layer: 5.293756
mergeIndex1BasedOnIndex2Connection sum0: 252.253108
mergeIndex1BasedOnIndex2Connection sum1: 24.407567
mergeIndex1BasedOnIndex2Connection sum2: 276.660686
Merged index with counts: 9000000, time elapsed: 602.079842 s
Merging indexes with counts: 9000000 and 1000000
lambda: 16
Swap index with more current element count to index1.
time for new layer: 6.348692
mergeIndex1BasedOnIndex2Connection sum0: 173.019982
mergeIndex1BasedOnIndex2Connection sum1: 27.185768
mergeIndex1BasedOnIndex2Connection sum2: 200.205761
Merged index with counts: 10000000, time elapsed: 809.842315 s
Total time for insertion: 809.842 s
Total global counter: 791.115
Saved merged index to: /ssd_root/jin467/merger/indexes/multi_LARGE_FIRST_SIFT10M.hnsw
Start searching
set ef = 600
[search time: 30.440 s, pure query time: 30.394 s] ef=600
Intersection-merged index R@100 = 0.9927

[search time: 29.339 s, pure query time: 29.297 s] ef=600
Intersection-merged index R@100 = 0.9927

^Cjin467@db4:~/github_download/hnswlib/hnswlib$ ./bash_multi 
g++ -Wno-write-strings -Wno-unused-result -Wno-format  -O3 experiment.cpp -o exps -I/usr/local/include -L/usr/local/lib -fopenmp -lopenblas -llapack -ltbb
Configuration:
  Workload Type: SIFT10M
  Merge Method: MULTI_TWO_MERGE
  Dimension: 128
  Max Elements: 10000000
  Base Vectors: 10000000
  M: 32
  ef_construction: 64
  k: 100
  Query Vectors: 10000
  Iterations: 1
  Rerun: false
  Thread Count: 1
  cnt: 4
  Alpha: 1.05
  Save Index: true
loaded query vectors: 10000 vectors of dimension 128
fvecs_read: /ssd_root/dataset/ann_sift1b/gnd/idx_10M.ivecs
loaded ground-truth for 10000 queries, top 100
Merge method: MULTI_TWO_MERGE
multi_merge_method: LARGE_FIRST
Loaded merged index from: /ssd_root/jin467/merger/indexes/multi_LARGE_FIRST_SIFT10M.hnsw
Start searching
set ef = 100
[search time: 5.268 s, pure query time: 5.246 s] ef=100
Intersection-merged index R@100 = 0.9016

[search time: 5.275 s, pure query time: 5.253 s] ef=100
Intersection-merged index R@100 = 0.9016

[search time: 5.261 s, pure query time: 5.239 s] ef=100
Intersection-merged index R@100 = 0.9016

set ef = 120
[search time: 6.138 s, pure query time: 6.115 s] ef=120
Intersection-merged index R@100 = 0.9210

[search time: 6.153 s, pure query time: 6.129 s] ef=120
Intersection-merged index R@100 = 0.9210

[search time: 6.135 s, pure query time: 6.111 s] ef=120
Intersection-merged index R@100 = 0.9210

set ef = 140
[search time: 7.021 s, pure query time: 6.995 s] ef=140
Intersection-merged index R@100 = 0.9346

[search time: 6.998 s, pure query time: 6.972 s] ef=140
Intersection-merged index R@100 = 0.9346

[search time: 7.013 s, pure query time: 6.987 s] ef=140
Intersection-merged index R@100 = 0.9346

set ef = 160
[search time: 7.866 s, pure query time: 7.838 s] ef=160
Intersection-merged index R@100 = 0.9447

[search time: 7.856 s, pure query time: 7.829 s] ef=160
Intersection-merged index R@100 = 0.9447

[search time: 7.894 s, pure query time: 7.867 s] ef=160
Intersection-merged index R@100 = 0.9447

set ef = 180
[search time: 8.688 s, pure query time: 8.659 s] ef=180
Intersection-merged index R@100 = 0.9527

[search time: 8.713 s, pure query time: 8.684 s] ef=180
Intersection-merged index R@100 = 0.9527

^Cjin467@db4:~/github_download/hnswlib/hnswlib$ 


---------------------------------------------


Configuration:
  Workload Type: SIFT10M
  Merge Method: MULTI_TWO_MERGE
  Dimension: 128
  Max Elements: 10000000
  Base Vectors: 10000000
  M: 32
  ef_construction: 64
  k: 100
  Query Vectors: 10000
  Iterations: 1
  Rerun: true
  Thread Count: 1
  cnt: 4
  Alpha: 1.05
  Save Index: true
loaded query vectors: 10000 vectors of dimension 128
fvecs_read: /ssd_root/dataset/ann_sift1b/gnd/idx_10M.ivecs
loaded ground-truth for 10000 queries, top 100
Merge method: MULTI_TWO_MERGE
multi_merge_method: LARGE_FIRST
Loaded index from: /ssd_root/jin467/merger/indexes/test/bigann-index_7500K-10M.hnsw
Loaded index from: /ssd_root/jin467/merger/indexes/test/bigann-index_5000K-7500K.hnsw
Loaded index from: /ssd_root/jin467/merger/indexes/test/bigann-index_2500K-5000K.hnsw
Loaded index from: /ssd_root/jin467/merger/indexes/test/bigann-index_2500K.hnsw
Sorted indexes by count:
Iteration 1/1
Merging indexes with counts: 4000000 and 3000000
lambda: 16
Swap index with more current element count to index1.
time for new layer: 4.226719
mergeIndex1BasedOnIndex2Connection sum0: 295.852590
mergeIndex1BasedOnIndex2Connection sum1: 25.158595
mergeIndex1BasedOnIndex2Connection sum2: 321.011200
Merged index with counts: 7000000, time elapsed: 325.908850 s
Merging indexes with counts: 7000000 and 2000000
lambda: 21
Swap index with more current element count to index1.
time for new layer: 5.436773
mergeIndex1BasedOnIndex2Connection sum0: 307.562571
mergeIndex1BasedOnIndex2Connection sum1: 33.257353
mergeIndex1BasedOnIndex2Connection sum2: 340.819926
Merged index with counts: 9000000, time elapsed: 673.314802 s
Merging indexes with counts: 9000000 and 1000000
lambda: 24
Swap index with more current element count to index1.
time for new layer: 6.014948
mergeIndex1BasedOnIndex2Connection sum0: 229.008076
mergeIndex1BasedOnIndex2Connection sum1: 35.555627
mergeIndex1BasedOnIndex2Connection sum2: 264.563705
Merged index with counts: 10000000, time elapsed: 945.277469 s
Total time for insertion: 945.277 s
Total global counter: 926.395
Saved merged index to: /ssd_root/jin467/merger/indexes/multi_LARGE_FIRST_SIFT10M.hnsw
Start searching
set ef = 100
[search time: 7.039 s, pure query time: 7.011 s] ef=100
Intersection-merged index R@100 = 0.9083

[search time: 6.242 s, pure query time: 6.219 s] ef=100
Intersection-merged index R@100 = 0.9083

[search time: 6.244 s, pure query time: 6.221 s] ef=100
Intersection-merged index R@100 = 0.9083

set ef = 120
[search time: 7.287 s, pure query time: 7.263 s] ef=120
Intersection-merged index R@100 = 0.9267

[search time: 7.363 s, pure query time: 7.338 s] ef=120
Intersection-merged index R@100 = 0.9267

[search time: 7.278 s, pure query time: 7.254 s] ef=120
Intersection-merged index R@100 = 0.9267

set ef = 140
[search time: 8.383 s, pure query time: 8.358 s] ef=140
Intersection-merged index R@100 = 0.9396

[search time: 8.310 s, pure query time: 8.285 s] ef=140
Intersection-merged index R@100 = 0.9396

[search time: 8.309 s, pure query time: 8.284 s] ef=140
Intersection-merged index R@100 = 0.9396

set ef = 160
[search time: 9.379 s, pure query time: 9.353 s] ef=160
Intersection-merged index R@100 = 0.9491

[search time: 9.332 s, pure query time: 9.306 s] ef=160
Intersection-merged index R@100 = 0.9491

[search time: 9.379 s, pure query time: 9.354 s] ef=160
Intersection-merged index R@100 = 0.9491

Configuration:
  Workload Type: SIFT10M
  Merge Method: MULTI_TWO_MERGE
  Dimension: 128
  Max Elements: 10000000
  Base Vectors: 10000000
  M: 32
  ef_construction: 64
  k: 100
  Query Vectors: 10000
  Iterations: 1
  Rerun: true
  Thread Count: 1
  cnt: 4
  Alpha: 1.05
  Save Index: true
loaded query vectors: 10000 vectors of dimension 128
fvecs_read: /ssd_root/dataset/ann_sift1b/gnd/idx_10M.ivecs
loaded ground-truth for 10000 queries, top 100
Merge method: MULTI_TWO_MERGE
multi_merge_method: SMALL_FIRST
Loaded index from: /ssd_root/jin467/merger/indexes/test/bigann-index_7500K-10M.hnsw
Loaded index from: /ssd_root/jin467/merger/indexes/test/bigann-index_5000K-7500K.hnsw
Loaded index from: /ssd_root/jin467/merger/indexes/test/bigann-index_2500K-5000K.hnsw
Loaded index from: /ssd_root/jin467/merger/indexes/test/bigann-index_2500K.hnsw
Sorted indexes by count:
Iteration 1/1
Merging indexes with counts: 1000000 and 2000000
lambda: 10
time for new layer: 1.991608
mergeIndex1BasedOnIndex2Connection sum0: 65.003286
mergeIndex1BasedOnIndex2Connection sum1: 3.552932
mergeIndex1BasedOnIndex2Connection sum2: 68.556222
Merged index with counts: 3000000, time elapsed: 70.786090 s
Merging indexes with counts: 3000000 and 3000000
lambda: 14
time for new layer: 3.724834
mergeIndex1BasedOnIndex2Connection sum0: 257.338989
mergeIndex1BasedOnIndex2Connection sum1: 22.299698
mergeIndex1BasedOnIndex2Connection sum2: 279.638696
Merged index with counts: 6000000, time elapsed: 354.619610 s
Merging indexes with counts: 4000000 and 6000000
lambda: 20
time for new layer: 6.112141
mergeIndex1BasedOnIndex2Connection sum0: 592.281384
mergeIndex1BasedOnIndex2Connection sum1: 80.071699
mergeIndex1BasedOnIndex2Connection sum2: 672.353069
Merged index with counts: 10000000, time elapsed: 1034.112614 s
Total time for insertion: 1034.113 s
Total global counter: 1020.548
Saved merged index to: /ssd_root/jin467/merger/indexes/multi_SMALL_FIRST_SIFT10M.hnsw
Start searching
set ef = 100
[search time: 6.352 s, pure query time: 6.327 s] ef=100
Intersection-merged index R@100 = 0.9101

[search time: 5.278 s, pure query time: 5.258 s] ef=100
Intersection-merged index R@100 = 0.9101

[search time: 5.277 s, pure query time: 5.257 s] ef=100
Intersection-merged index R@100 = 0.9101

set ef = 120
[search time: 6.181 s, pure query time: 6.161 s] ef=120
Intersection-merged index R@100 = 0.9279

[search time: 6.182 s, pure query time: 6.152 s] ef=120
Intersection-merged index R@100 = 0.9279

[search time: 6.167 s, pure query time: 6.147 s] ef=120
Intersection-merged index R@100 = 0.9279

set ef = 140
[search time: 7.065 s, pure query time: 7.045 s] ef=140
Intersection-merged index R@100 = 0.9409

[search time: 7.048 s, pure query time: 7.027 s] ef=140
Intersection-merged index R@100 = 0.9409

[search time: 7.070 s, pure query time: 7.050 s] ef=140
Intersection-merged index R@100 = 0.9409

set ef = 160
[search time: 7.948 s, pure query time: 7.927 s] ef=160
Intersection-merged index R@100 = 0.9505

[search time: 7.931 s, pure query time: 7.909 s] ef=160
Intersection-merged index R@100 = 0.9505