jin467@db4:~/github_download/hnswlib/hnswlib$ ./bash_merge 
g++ -Wno-write-strings -Wno-unused-result -Wno-format  -O3 experiment.cpp -o exps -I/usr/local/include -L/usr/local/lib -fopenmp -lopenblas -llapack -ltbb
Configuration:
  Workload Type: TURING10M
  Merge Method: TWO_MERGE
  Dimension: 100
  Max Elements: 10000000
  Base Vectors: 10000000
  M: 32
  ef_construction: 64
  k: 100
  Query Vectors: 10000
  Iterations: 5
  Rerun: false
  Thread Count: 1
  cnt: 4
  Alpha: 1.05
  Save Index: true
fvecs_read: /ssd_root/dataset/turing10m/msturing-query.fvecs
loaded query vectors: 10000 vectors of dimension 100
fvecs_read: /ssd_root/dataset/turing10m/msturing10M_gt100.ivecs
loaded ground-truth for 10000 queries, top 100
Merge method: TWO_MERGE
Loaded merged index from: /ssd_root/jin467/merger/indexes/merged-index_TURING10M.hnsw
Start searching
set ef = 300
[search time: 11.274 s, pure query time: 11.241 s] ef=300
Intersection-merged index R@100 = 0.8017

[search time: 11.240 s, pure query time: 11.209 s] ef=300
Intersection-merged index R@100 = 0.8017

[search time: 11.264 s, pure query time: 11.233 s] ef=300
Intersection-merged index R@100 = 0.8017

set ef = 350
^Cjin467@db4:~/github_download/hnswlib/hnswlib$ ./bash_ngm 
g++ -Wno-write-strings -Wno-unused-result -Wno-format  -O3 experiment.cpp -o exps -I/usr/local/include -L/usr/local/lib -fopenmp -lopenblas -llapack -ltbb
Configuration:
  Workload Type: TURING10M
  Merge Method: NGM
  Dimension: 100
  Max Elements: 10000000
  Base Vectors: 10000000
  M: 32
  ef_construction: 64
  k: 100
  Query Vectors: 10000
  Iterations: 3
  Rerun: false
  Thread Count: 1
  cnt: 4
  Alpha: 1.05
  Save Index: true
fvecs_read: /ssd_root/dataset/turing10m/msturing-query.fvecs
loaded query vectors: 10000 vectors of dimension 100
fvecs_read: /ssd_root/dataset/turing10m/msturing10M_gt100.ivecs
loaded ground-truth for 10000 queries, top 100
Merge method: NGM
Loaded merged index from: /ssd_root/jin467/merger/indexes/ngm_TURING10M.hnsw
Start searching
set ef = 300
[search time: 8.819 s, pure query time: 8.788 s] ef=300
Intersection-merged index R@100 = 0.7860

[search time: 8.793 s, pure query time: 8.764 s] ef=300
Intersection-merged index R@100 = 0.7860

[search time: 8.800 s, pure query time: 8.771 s] ef=300
Intersection-merged index R@100 = 0.7860

set ef = 350
[search time: 10.118 s, pure query time: 10.086 s] ef=350
Intersection-merged index R@100 = 0.8007

[search time: 10.152 s, pure query time: 10.120 s] ef=350
Intersection-merged index R@100 = 0.8007

[search time: 10.125 s, pure query time: 10.094 s] ef=350
Intersection-merged index R@100 = 0.8007

set ef = 400
[search time: 11.472 s, pure query time: 11.439 s] ef=400
Intersection-merged index R@100 = 0.8118

[search time: 11.451 s, pure query time: 11.418 s] ef=400
Intersection-merged index R@100 = 0.8118

[search time: 11.468 s, pure query time: 11.434 s] ef=400
Intersection-merged index R@100 = 0.8118

set ef = 450
[search time: 12.802 s, pure query time: 12.767 s] ef=450
Intersection-merged index R@100 = 0.8217

[search time: 12.785 s, pure query time: 12.750 s] ef=450
Intersection-merged index R@100 = 0.8217

[search time: 12.794 s, pure query time: 12.759 s] ef=450
Intersection-merged index R@100 = 0.8217

set ef = 500
[search time: 14.118 s, pure query time: 14.082 s] ef=500
Intersection-merged index R@100 = 0.8301

[search time: 14.121 s, pure query time: 14.085 s] ef=500
Intersection-merged index R@100 = 0.8301

[search time: 14.118 s, pure query time: 14.082 s] ef=500
Intersection-merged index R@100 = 0.8301

set ef = 600
[search time: 16.792 s, pure query time: 16.755 s] ef=600
Intersection-merged index R@100 = 0.8441

[search time: 16.764 s, pure query time: 16.727 s] ef=600
Intersection-merged index R@100 = 0.8441

[search time: 16.791 s, pure query time: 16.754 s] ef=600
Intersection-merged index R@100 = 0.8441

set ef = 700
[search time: 19.385 s, pure query time: 19.346 s] ef=700
Intersection-merged index R@100 = 0.8548

[search time: 19.378 s, pure query time: 19.339 s] ef=700
Intersection-merged index R@100 = 0.8548

[search time: 19.367 s, pure query time: 19.329 s] ef=700
Intersection-merged index R@100 = 0.8548

set ef = 800
[search time: 22.028 s, pure query time: 21.989 s] ef=800
Intersection-merged index R@100 = 0.8637

[search time: 22.040 s, pure query time: 22.001 s] ef=800
Intersection-merged index R@100 = 0.8637

[search time: 22.000 s, pure query time: 21.961 s] ef=800
Intersection-merged index R@100 = 0.8637

set ef = 900
[search time: 24.676 s, pure query time: 24.636 s] ef=900
Intersection-merged index R@100 = 0.8713

[search time: 24.668 s, pure query time: 24.628 s] ef=900
Intersection-merged index R@100 = 0.8713

[search time: 24.671 s, pure query time: 24.631 s] ef=900
Intersection-merged index R@100 = 0.8713

set ef = 1000
[search time: 27.303 s, pure query time: 27.262 s] ef=1000
Intersection-merged index R@100 = 0.8774

[search time: 27.315 s, pure query time: 27.274 s] ef=1000
Intersection-merged index R@100 = 0.8774

[search time: 27.312 s, pure query time: 27.271 s] ef=1000
Intersection-merged index R@100 = 0.8774

jin467@db4:~/github_download/hnswlib/hnswlib$ ./bash_merge 
g++ -Wno-write-strings -Wno-unused-result -Wno-format  -O3 experiment.cpp -o exps -I/usr/local/include -L/usr/local/lib -fopenmp -lopenblas -llapack -ltbb
Configuration:
  Workload Type: TURING10M
  Merge Method: TWO_MERGE
  Dimension: 100
  Max Elements: 10000000
  Base Vectors: 10000000
  M: 32
  ef_construction: 64
  k: 100
  Query Vectors: 10000
  Iterations: 5
  Rerun: false
  Thread Count: 1
  cnt: 4
  Alpha: 1.05
  Save Index: true
fvecs_read: /ssd_root/dataset/turing10m/msturing-query.fvecs
loaded query vectors: 10000 vectors of dimension 100
fvecs_read: /ssd_root/dataset/turing10m/msturing10M_gt100.ivecs
loaded ground-truth for 10000 queries, top 100
Merge method: TWO_MERGE
Loaded merged index from: /ssd_root/jin467/merger/indexes/merged-index_TURING10M.hnsw
Start searching
set ef = 300
[search time: 11.269 s, pure query time: 11.236 s] ef=300
Intersection-merged index R@100 = 0.8017

[search time: 11.259 s, pure query time: 11.228 s] ef=300
Intersection-merged index R@100 = 0.8017

[search time: 11.242 s, pure query time: 11.211 s] ef=300
Intersection-merged index R@100 = 0.8017

set ef = 350
[search time: 12.963 s, pure query time: 12.930 s] ef=350
Intersection-merged index R@100 = 0.8146

[search time: 12.970 s, pure query time: 12.937 s] ef=350
Intersection-merged index R@100 = 0.8146

[search time: 12.963 s, pure query time: 12.929 s] ef=350
Intersection-merged index R@100 = 0.8146

set ef = 400
[search time: 14.679 s, pure query time: 14.644 s] ef=400
Intersection-merged index R@100 = 0.8256

[search time: 14.666 s, pure query time: 14.631 s] ef=400
Intersection-merged index R@100 = 0.8256

[search time: 14.667 s, pure query time: 14.632 s] ef=400
Intersection-merged index R@100 = 0.8256

set ef = 450
[search time: 16.378 s, pure query time: 16.342 s] ef=450
Intersection-merged index R@100 = 0.8348

[search time: 16.382 s, pure query time: 16.346 s] ef=450
Intersection-merged index R@100 = 0.8348

[search time: 16.385 s, pure query time: 16.350 s] ef=450
Intersection-merged index R@100 = 0.8348

set ef = 500
[search time: 18.076 s, pure query time: 18.040 s] ef=500
Intersection-merged index R@100 = 0.8426

[search time: 18.109 s, pure query time: 18.072 s] ef=500
Intersection-merged index R@100 = 0.8426

[search time: 18.060 s, pure query time: 18.023 s] ef=500
Intersection-merged index R@100 = 0.8426

set ef = 600
[search time: 21.494 s, pure query time: 21.456 s] ef=600
Intersection-merged index R@100 = 0.8554

[search time: 21.491 s, pure query time: 21.453 s] ef=600
Intersection-merged index R@100 = 0.8554

[search time: 21.502 s, pure query time: 21.464 s] ef=600
Intersection-merged index R@100 = 0.8554

set ef = 700
[search time: 24.942 s, pure query time: 24.903 s] ef=700
Intersection-merged index R@100 = 0.8655

[search time: 24.919 s, pure query time: 24.880 s] ef=700
Intersection-merged index R@100 = 0.8655

[search time: 24.930 s, pure query time: 24.891 s] ef=700
Intersection-merged index R@100 = 0.8655

set ef = 800
[search time: 28.366 s, pure query time: 28.326 s] ef=800
Intersection-merged index R@100 = 0.8737

^Cjin467@db4:~/github_download/hnswlib/hnswlib$ ./bash_ngm 
g++ -Wno-write-strings -Wno-unused-result -Wno-format  -O3 experiment.cpp -o exps -I/usr/local/include -L/usr/local/lib -fopenmp -lopenblas -llapack -ltbb
Configuration:
  Workload Type: TURING10M
  Merge Method: NGM
  Dimension: 100
  Max Elements: 10000000
  Base Vectors: 10000000
  M: 32
  ef_construction: 64
  k: 100
  Query Vectors: 10000
  Iterations: 3
  Rerun: false
  Thread Count: 1
  cnt: 4
  Alpha: 1.05
  Save Index: true
fvecs_read: /ssd_root/dataset/turing10m/msturing-query.fvecs
loaded query vectors: 10000 vectors of dimension 100
fvecs_read: /ssd_root/dataset/turing10m/msturing10M_gt100.ivecs
loaded ground-truth for 10000 queries, top 100
Merge method: NGM
Loaded merged index from: /ssd_root/jin467/merger/indexes/ngm_TURING10M.hnsw
Start searching
set ef = 425
[search time: 12.136 s, pure query time: 12.101 s] ef=425
Intersection-merged index R@100 = 0.8173

[search time: 12.130 s, pure query time: 12.096 s] ef=425
Intersection-merged index R@100 = 0.8173

[search time: 12.132 s, pure query time: 12.097 s] ef=425
Intersection-merged index R@100 = 0.8173

set ef = 475
[search time: 13.435 s, pure query time: 13.400 s] ef=475
Intersection-merged index R@100 = 0.8260

[search time: 13.443 s, pure query time: 13.407 s] ef=475
Intersection-merged index R@100 = 0.8260

[search time: 13.438 s, pure query time: 13.402 s] ef=475
Intersection-merged index R@100 = 0.8260

set ef = 550
[search time: 15.445 s, pure query time: 15.408 s] ef=550
Intersection-merged index R@100 = 0.8376

[search time: 15.442 s, pure query time: 15.405 s] ef=550
Intersection-merged index R@100 = 0.8376

[search time: 15.446 s, pure query time: 15.409 s] ef=550
Intersection-merged index R@100 = 0.8376

g++ -Wno-write-strings -Wno-unused-result -Wno-format  -O3 experiment.cpp -o exps -I/usr/local/include -L/usr/local/lib -fopenmp -lopenblas -llapack -ltbb
Configuration:
  Workload Type: SIFT10M
  Merge Method: NGM
  Dimension: 128
  Max Elements: 10000000
  Base Vectors: 10000000
  M: 32
  ef_construction: 64
  k: 100
  Query Vectors: 10000
  Iterations: 3
  Rerun: false
  Thread Count: 1
  cnt: 4
  Alpha: 1.05
  Save Index: true
loaded query vectors: 10000 vectors of dimension 128
fvecs_read: /ssd_root/dataset/ann_sift1b/gnd/idx_10M.ivecs
loaded ground-truth for 10000 queries, top 100
Merge method: NGM
Loaded merged index from: /ssd_root/jin467/merger/indexes/ngm_SIFT10M.hnsw
Start searching
set ef = 160
[search time: 4.909 s, pure query time: 4.887 s] ef=160
Intersection-merged index R@100 = 0.9051

[search time: 4.902 s, pure query time: 4.880 s] ef=160
Intersection-merged index R@100 = 0.9051

[search time: 4.911 s, pure query time: 4.890 s] ef=160
Intersection-merged index R@100 = 0.9051

set ef = 180
[search time: 5.416 s, pure query time: 5.394 s] ef=180
Intersection-merged index R@100 = 0.9177

[search time: 5.429 s, pure query time: 5.406 s] ef=180
Intersection-merged index R@100 = 0.9177

[search time: 5.445 s, pure query time: 5.422 s] ef=180
Intersection-merged index R@100 = 0.9177

set ef = 200
[search time: 5.967 s, pure query time: 5.943 s] ef=200
Intersection-merged index R@100 = 0.9277

[search time: 5.955 s, pure query time: 5.931 s] ef=200
Intersection-merged index R@100 = 0.9277

[search time: 5.959 s, pure query time: 5.935 s] ef=200
Intersection-merged index R@100 = 0.9277

set ef = 250
[search time: 7.264 s, pure query time: 7.237 s] ef=250
Intersection-merged index R@100 = 0.9460

[search time: 7.277 s, pure query time: 7.250 s] ef=250
Intersection-merged index R@100 = 0.9460

[search time: 7.275 s, pure query time: 7.248 s] ef=250
Intersection-merged index R@100 = 0.9460

set ef = 300
[search time: 8.552 s, pure query time: 8.522 s] ef=300
Intersection-merged index R@100 = 0.9578

[search time: 8.570 s, pure query time: 8.540 s] ef=300
Intersection-merged index R@100 = 0.9578

[search time: 8.554 s, pure query time: 8.525 s] ef=300
Intersection-merged index R@100 = 0.9578

set ef = 400
[search time: 11.104 s, pure query time: 11.071 s] ef=400
Intersection-merged index R@100 = 0.9719

[search time: 11.082 s, pure query time: 11.048 s] ef=400
Intersection-merged index R@100 = 0.9719

[search time: 11.101 s, pure query time: 11.067 s] ef=400
Intersection-merged index R@100 = 0.9719

set ef = 500
[search time: 13.591 s, pure query time: 13.555 s] ef=500
Intersection-merged index R@100 = 0.9797

[search time: 13.599 s, pure query time: 13.563 s] ef=500
Intersection-merged index R@100 = 0.9797

[search time: 13.605 s, pure query time: 13.569 s] ef=500
Intersection-merged index R@100 = 0.9797

set ef = 600
[search time: 15.990 s, pure query time: 15.952 s] ef=600
Intersection-merged index R@100 = 0.9846

[search time: 15.990 s, pure query time: 15.953 s] ef=600
Intersection-merged index R@100 = 0.9846

[search time: 15.991 s, pure query time: 15.953 s] ef=600
Intersection-merged index R@100 = 0.9846

set ef = 700
[search time: 18.406 s, pure query time: 18.368 s] ef=700
Intersection-merged index R@100 = 0.9879

[search time: 18.370 s, pure query time: 18.332 s] ef=700
Intersection-merged index R@100 = 0.9879

[search time: 18.387 s, pure query time: 18.349 s] ef=700
Intersection-merged index R@100 = 0.9879

set ef = 800
[search time: 20.753 s, pure query time: 20.714 s] ef=800
Intersection-merged index R@100 = 0.9901

[search time: 20.767 s, pure query time: 20.728 s] ef=800
Intersection-merged index R@100 = 0.9901

[search time: 20.747 s, pure query time: 20.708 s] ef=800
Intersection-merged index R@100 = 0.9901

jin467@db4:~/github_download/hnswlib/hnswlib$ ./bash_merge 
g++ -Wno-write-strings -Wno-unused-result -Wno-format  -O3 experiment.cpp -o exps -I/usr/local/include -L/usr/local/lib -fopenmp -lopenblas -llapack -ltbb
Configuration:
  Workload Type: SIFT10M
  Merge Method: TWO_MERGE
  Dimension: 128
  Max Elements: 10000000
  Base Vectors: 10000000
  M: 32
  ef_construction: 64
  k: 100
  Query Vectors: 10000
  Iterations: 1
  Rerun: false
  Thread Count: 1
  cnt: 4
  Alpha: 1.05
  Save Index: false
loaded query vectors: 10000 vectors of dimension 128
fvecs_read: /ssd_root/dataset/ann_sift1b/gnd/idx_10M.ivecs
loaded ground-truth for 10000 queries, top 100
Merge method: TWO_MERGE
Loaded merged index from: /ssd_root/jin467/merger/indexes/merged-index_SIFT10M.hnsw
Start searching
set ef = 140
[search time: 5.995 s, pure query time: 5.972 s] ef=140
Intersection-merged index R@100 = 0.9122

[search time: 5.973 s, pure query time: 5.951 s] ef=140
Intersection-merged index R@100 = 0.9122

[search time: 5.982 s, pure query time: 5.960 s] ef=140
Intersection-merged index R@100 = 0.9122

set ef = 160
[search time: 6.715 s, pure query time: 6.692 s] ef=160
Intersection-merged index R@100 = 0.9252

[search time: 6.717 s, pure query time: 6.693 s] ef=160
Intersection-merged index R@100 = 0.9252

[search time: 6.715 s, pure query time: 6.691 s] ef=160
Intersection-merged index R@100 = 0.9252

set ef = 180
[search time: 7.431 s, pure query time: 7.406 s] ef=180
Intersection-merged index R@100 = 0.9353

[search time: 7.431 s, pure query time: 7.406 s] ef=180
Intersection-merged index R@100 = 0.9353

[search time: 7.424 s, pure query time: 7.399 s] ef=180
Intersection-merged index R@100 = 0.9353

set ef = 200
[search time: 8.142 s, pure query time: 8.115 s] ef=200
Intersection-merged index R@100 = 0.9435

[search time: 8.149 s, pure query time: 8.123 s] ef=200
Intersection-merged index R@100 = 0.9435

[search time: 8.141 s, pure query time: 8.115 s] ef=200
Intersection-merged index R@100 = 0.9435

set ef = 250
[search time: 9.890 s, pure query time: 9.860 s] ef=250
Intersection-merged index R@100 = 0.9582

[search time: 9.881 s, pure query time: 9.851 s] ef=250
Intersection-merged index R@100 = 0.9582

[search time: 9.862 s, pure query time: 9.832 s] ef=250
Intersection-merged index R@100 = 0.9582

set ef = 300
[search time: 11.591 s, pure query time: 11.559 s] ef=300
Intersection-merged index R@100 = 0.9678

[search time: 11.603 s, pure query time: 11.570 s] ef=300
Intersection-merged index R@100 = 0.9678

[search time: 11.601 s, pure query time: 11.569 s] ef=300
Intersection-merged index R@100 = 0.9678

set ef = 400
[search time: 14.941 s, pure query time: 14.905 s] ef=400
Intersection-merged index R@100 = 0.9790

[search time: 14.946 s, pure query time: 14.911 s] ef=400
Intersection-merged index R@100 = 0.9790

[search time: 14.941 s, pure query time: 14.905 s] ef=400
Intersection-merged index R@100 = 0.9790

set ef = 500
[search time: 18.188 s, pure query time: 18.151 s] ef=500
Intersection-merged index R@100 = 0.9851

[search time: 18.216 s, pure query time: 18.179 s] ef=500
Intersection-merged index R@100 = 0.9851

[search time: 18.213 s, pure query time: 18.171 s] ef=500
Intersection-merged index R@100 = 0.9851

set ef = 600
[search time: 21.375 s, pure query time: 21.337 s] ef=600
Intersection-merged index R@100 = 0.9887

[search time: 21.407 s, pure query time: 21.368 s] ef=600
Intersection-merged index R@100 = 0.9887

g++ -Wno-write-strings -Wno-unused-result -Wno-format  -O3 experiment.cpp -o exps -I/usr/local/include -L/usr/local/lib -fopenmp -lopenblas -llapack -ltbb
Configuration:
  Workload Type: SIFT10M
  Merge Method: NGM
  Dimension: 128
  Max Elements: 10000000
  Base Vectors: 10000000
  M: 32
  ef_construction: 64
  k: 100
  Query Vectors: 10000
  Iterations: 3
  Rerun: false
  Thread Count: 1
  cnt: 4
  Alpha: 1.05
  Save Index: true
loaded query vectors: 10000 vectors of dimension 128
fvecs_read: /ssd_root/dataset/ann_sift1b/gnd/idx_10M.ivecs
loaded ground-truth for 10000 queries, top 100
Merge method: NGM
Loaded merged index from: /ssd_root/jin467/merger/indexes/ngm_SIFT10M.hnsw
Start searching
set ef = 325
[search time: 9.223 s, pure query time: 9.191 s] ef=325
Intersection-merged index R@100 = 0.9623

[search time: 9.204 s, pure query time: 9.173 s] ef=325
Intersection-merged index R@100 = 0.9623

[search time: 9.215 s, pure query time: 9.184 s] ef=325
Intersection-merged index R@100 = 0.9623

set ef = 625
[search time: 16.615 s, pure query time: 16.577 s] ef=625
Intersection-merged index R@100 = 0.9855

[search time: 16.612 s, pure query time: 16.574 s] ef=625
Intersection-merged index R@100 = 0.9855

[search time: 16.607 s, pure query time: 16.569 s] ef=625
Intersection-merged index R@100 = 0.9855

set ef = 725
[search time: 18.988 s, pure query time: 18.950 s] ef=725
Intersection-merged index R@100 = 0.9885

[search time: 19.011 s, pure query time: 18.972 s] ef=725
Intersection-merged index R@100 = 0.9885

[search time: 18.975 s, pure query time: 18.936 s] ef=725
Intersection-merged index R@100 = 0.9885

jin467@db4:~/github_download/hnswlib/hnswlib$ ./bash_ngm 
g++ -Wno-write-strings -Wno-unused-result -Wno-format  -O3 experiment.cpp -o exps -I/usr/local/include -L/usr/local/lib -fopenmp -lopenblas -llapack -ltbb
Configuration:
  Workload Type: TURING10M
  Merge Method: NGM
  Dimension: 100
  Max Elements: 10000000
  Base Vectors: 10000000
  M: 32
  ef_construction: 64
  k: 100
  Query Vectors: 10000
  Iterations: 3
  Rerun: false
  Thread Count: 1
  cnt: 4
  Alpha: 1.05
  Save Index: true
fvecs_read: /ssd_root/dataset/turing10m/msturing-query.fvecs
loaded query vectors: 10000 vectors of dimension 100
fvecs_read: /ssd_root/dataset/turing10m/msturing10M_gt100.ivecs
loaded ground-truth for 10000 queries, top 100
Merge method: NGM
Loaded merged index from: /ssd_root/jin467/merger/indexes/ngm_TURING10M.hnsw
Start searching
set ef = 725
[search time: 20.210 s, pure query time: 20.169 s] ef=725
Intersection-merged index R@100 = 0.8573

[search time: 20.193 s, pure query time: 20.154 s] ef=725
Intersection-merged index R@100 = 0.8573

[search time: 20.188 s, pure query time: 20.150 s] ef=725
Intersection-merged index R@100 = 0.8573

jin467@db4:~/github_download/hnswlib/hnswlib$ ./bash_ngm 
g++ -Wno-write-strings -Wno-unused-result -Wno-format  -O3 experiment.cpp -o exps -I/usr/local/include -L/usr/local/lib -fopenmp -lopenblas -llapack -ltbb
Configuration:
  Workload Type: TURING10M
  Merge Method: NGM
  Dimension: 100
  Max Elements: 10000000
  Base Vectors: 10000000
  M: 32
  ef_construction: 64
  k: 100
  Query Vectors: 10000
  Iterations: 3
  Rerun: false
  Thread Count: 1
  cnt: 4
  Alpha: 1.05
  Save Index: true
fvecs_read: /ssd_root/dataset/turing10m/msturing-query.fvecs
loaded query vectors: 10000 vectors of dimension 100
fvecs_read: /ssd_root/dataset/turing10m/msturing10M_gt100.ivecs
loaded ground-truth for 10000 queries, top 100
Merge method: NGM
Loaded merged index from: /ssd_root/jin467/merger/indexes/ngm_TURING10M.hnsw
Start searching
set ef = 710
[search time: 19.719 s, pure query time: 19.678 s] ef=710
Intersection-merged index R@100 = 0.8557

[search time: 19.690 s, pure query time: 19.651 s] ef=710
Intersection-merged index R@100 = 0.8557

[search time: 19.707 s, pure query time: 19.668 s] ef=710
Intersection-merged index R@100 = 0.8557