
[?2004h[01;32mjin467@db4[00m:[01;34m~/github_download/hnswlib[00m$ 
[?2004l[?2004h[01;32mjin467@db4[00m:[01;34m~/github_download/hnswlib[00m$ cd hnswlib
[?2004l[?2004h[01;32mjin467@db4[00m:[01;34m~/github_download/hnswlib/hnswlib[00m$ make exp 
[?2004lg++ -Wno-write-strings -Wno-unused-result -Wno-format  -O3 experiment.cpp -o exps -I/usr/local/include -L/usr/local/lib -fopenmp -lopenblas -llapack -ltbb
[?2004h[01;32mjin467@db4[00m:[01;34m~/github_download/hnswlib/hnswlib[00m$ ./bash1[K2
[?2004lg++ -Wno-write-strings -Wno-unused-result -Wno-format  -O3 experiment.cpp -o exps -I/usr/local/include -L/usr/local/lib -fopenmp -lopenblas -llapack -ltbb
Configuration:
  Workload Type: SIFT10M
  Merge Method: NGM
  Dimension: 128
  Max Elements: 10000000
  Base Vectors: 10000000
  M: 32
  ef_construction: 64
  k: 100
  Query Vectors: 10000
  Iterations: 1
  Rerun: true
loaded query vectors: 10000 vectors of dimension 128
fvecs_read: /ssd_root/dataset/ann_sift1b/gnd/idx_10M.ivecs
loaded ground-truth for 10000 queries, top 100
Merge method: NGM
Iteration 1/1
time for new layer: 8.088878
Total time for insertion: 3387.236 s
Start searchingset ef = 100
[search time: 8.501 s, pure query time: 8.451 s] ef=100
Intersection-merged index R@100 = 0.9166

set ef = 120
[search time: 9.038 s, pure query time: 9.013 s] ef=120
Intersection-merged index R@100 = 0.9346

set ef = 140
[search time: 9.693 s, pure query time: 9.668 s] ef=140
Intersection-merged index R@100 = 0.9474

set ef = 160
[search time: 10.760 s, pure query time: 10.734 s] ef=160
Intersection-merged index R@100 = 0.9567

set ef = 180
[search time: 11.921 s, pure query time: 11.894 s] ef=180
Intersection-merged index R@100 = 0.9638

set ef = 200
[search time: 12.963 s, pure query time: 12.936 s] ef=200
Intersection-merged index R@100 = 0.9691

set ef = 300
[search time: 14.076 s, pure query time: 14.047 s] ef=300
Intersection-merged index R@100 = 0.9839

Configuration:
  Workload Type: DEEP10M
  Merge Method: NGM
  Dimension: 96
  Max Elements: 10000000
  Base Vectors: 10000000
  M: 32
  ef_construction: 64
  k: 100
  Query Vectors: 10000
  Iterations: 1
  Rerun: false
fvecs_read: /ssd_root/dataset/deep10M/deep10M_query.fvecs
loaded query vectors: 10000 vectors of dimension 96
fvecs_read: /ssd_root/dataset/deep10M/deep10M_groundtruth.ivecs
loaded ground-truth for 10000 queries, top 100
Merge method: NGM
Loaded merged index from: /ssd_root/jin467/merger/indexes/ngm_DEEP10M.hnsw
Start searchingset ef = 100
[search time: 4.715 s, pure query time: 4.692 s] ef=100
Intersection-merged index R@100 = 0.9011

set ef = 120
[search time: 6.079 s, pure query time: 6.056 s] ef=120
Intersection-merged index R@100 = 0.9189

set ef = 140
[search time: 7.513 s, pure query time: 7.492 s] ef=140
Intersection-merged index R@100 = 0.9320

set ef = 160
[search time: 9.187 s, pure query time: 9.163 s] ef=160
Intersection-merged index R@100 = 0.9418

set ef = 180
[search time: 9.859 s, pure query time: 9.834 s] ef=180
Intersection-merged index R@100 = 0.9493

set ef = 200
[search time: 9.617 s, pure query time: 9.591 s] ef=200
Intersection-merged index R@100 = 0.9554

set ef = 300
[search time: 10.872 s, pure query time: 10.841 s] ef=300
Intersection-merged index R@100 = 0.9729

set ef = 400
[search time: 13.629 s, pure query time: 13.595 s] ef=400
Intersection-merged index R@100 = 0.9813

set ef = 500
[search time: 16.524 s, pure query time: 16.488 s] ef=500
Intersection-merged index R@100 = 0.9860

set ef = 600
[search time: 19.398 s, pure query time: 19.360 s] ef=600
Intersection-merged index R@100 = 0.9890

set ef = 700
[search time: 22.199 s, pure query time: 22.161 s] ef=700
Intersection-merged index R@100 = 0.9911

set ef = 800
[search time: 24.968 s, pure query time: 24.929 s] ef=800
Intersection-merged index R@100 = 0.9925

Configuration:
  Workload Type: SIFT10M
  Merge Method: IGTM
  Dimension: 128
  Max Elements: 10000000
  Base Vectors: 10000000
  M: 32
  ef_construction: 64
  k: 100
  Query Vectors: 10000
  Iterations: 1
  Rerun: true
loaded query vectors: 10000 vectors of dimension 128
fvecs_read: /ssd_root/dataset/ann_sift1b/gnd/idx_10M.ivecs
loaded ground-truth for 10000 queries, top 100
Merge method: IGTM
Iteration 1/1
time for new layer: 9.324675
[log] layer: 5
[log] layer: 4
[log] layer: 3
[log] layer: 2
[log] layer: 1
[log] layer: 0
[log] Index merge process 200000 / 5000000, time: 109.330050 
[log] Index merge process 400000 / 5000000, time: 154.444646 
[log] Index merge process 600000 / 5000000, time: 203.130428 
[log] Index merge process 800000 / 5000000, time: 251.507204 
[log] Index merge process 1000000 / 5000000, time: 299.996978 
[log] Index merge process 1200000 / 5000000, time: 351.848171 
[log] Index merge process 1400000 / 5000000, time: 400.273589 
[log] Index merge process 1600000 / 5000000, time: 452.484071 
[log] Index merge process 1800000 / 5000000, time: 504.518151 
[log] Index merge process 2000000 / 5000000, time: 555.182768 
[log] Index merge process 2200000 / 5000000, time: 610.151398 
[log] Index merge process 2400000 / 5000000, time: 666.778444 
[log] Index merge process 2600000 / 5000000, time: 723.922296 
[log] Index merge process 2800000 / 5000000, time: 785.233654 
[log] Index merge process 3000000 / 5000000, time: 843.422490 
[log] Index merge process 3200000 / 5000000, time: 906.800905 
[log] Index merge process 3400000 / 5000000, time: 968.669178 
[log] Index merge process 3600000 / 5000000, time: 1037.691011 
[log] Index merge process 3800000 / 5000000, time: 1105.964649 
[log] Index merge process 4000000 / 5000000, time: 1181.329920 
[log] Index merge process 4200000 / 5000000, time: 1256.790499 
[log] Index merge process 4400000 / 5000000, time: 1340.522520 
[log] Index merge process 4600000 / 5000000, time: 1430.207665 
[log] Index merge process 4800000 / 5000000, time: 1519.100104 
[log] Index merge process 5000000 / 5000000, time: 1617.994644 
[log] Index merge process 200000 / 5000000, time: 1663.209125 
[log] Index merge process 400000 / 5000000, time: 1709.115579 
[log] Index merge process 600000 / 5000000, time: 1754.104802 
[log] Index merge process 800000 / 5000000, time: 1801.262157 
[log] Index merge process 1000000 / 5000000, time: 1847.032556 
[log] Index merge process 1200000 / 5000000, time: 1897.491089 
[log] Index merge process 1400000 / 5000000, time: 1945.233313 
[log] Index merge process 1600000 / 5000000, time: 1992.855032 
[log] Index merge process 1800000 / 5000000, time: 2042.603904 
[log] Index merge process 2000000 / 5000000, time: 2092.626521 
[log] Index merge process 2200000 / 5000000, time: 2148.977726 
[log] Index merge process 2400000 / 5000000, time: 2204.409167 
[log] Index merge process 2600000 / 5000000, time: 2257.549982 
[log] Index merge process 2800000 / 5000000, time: 2313.605401 
[log] Index merge process 3000000 / 5000000, time: 2366.623726 
[log] Index merge process 3200000 / 5000000, time: 2419.346390 
[log] Index merge process 3400000 / 5000000, time: 2474.954504 
[log] Index merge process 3600000 / 5000000, time: 2532.290803 
[log] Index merge process 3800000 / 5000000, time: 2614.867015 
[log] Index merge process 4000000 / 5000000, time: 2687.920890 
[log] Index merge process 4200000 / 5000000, time: 2769.000721 
[log] Index merge process 4400000 / 5000000, time: 2855.806172 
[log] Index merge process 4600000 / 5000000, time: 2940.256457 
[log] Index merge process 4800000 / 5000000, time: 3019.334238 
[log] Index merge process 5000000 / 5000000, time: 3102.287183 
Total time for insertion: 3102.295 s
Start searchingset ef = 100
[search time: 5.440 s, pure query time: 5.417 s] ef=100
Intersection-merged index R@100 = 0.8837

set ef = 120
[search time: 6.228 s, pure query time: 6.207 s] ef=120
Intersection-merged index R@100 = 0.9072

set ef = 140
[search time: 7.027 s, pure query time: 7.005 s] ef=140
Intersection-merged index R@100 = 0.9242

set ef = 160
[search time: 7.898 s, pure query time: 7.874 s] ef=160
Intersection-merged index R@100 = 0.9372

set ef = 180
[search time: 8.777 s, pure query time: 8.752 s] ef=180
Intersection-merged index R@100 = 0.9470

set ef = 200
[search time: 9.635 s, pure query time: 9.609 s] ef=200
Intersection-merged index R@100 = 0.9545

set ef = 300
[search time: 13.763 s, pure query time: 13.730 s] ef=300
Intersection-merged index R@100 = 0.9760

set ef = 400
[search time: 17.791 s, pure query time: 17.756 s] ef=400
Intersection-merged index R@100 = 0.9850

set ef = 500
[search time: 21.678 s, pure query time: 21.641 s] ef=500
Intersection-merged index R@100 = 0.9897

set ef = 600
[search time: 25.452 s, pure query time: 25.414 s] ef=600
Intersection-merged index R@100 = 0.9925

set ef = 700
[search time: 29.201 s, pure query time: 29.163 s] ef=700
Intersection-merged index R@100 = 0.9943

set ef = 800
[search time: 34.182 s, pure query time: 34.143 s] ef=800
Intersection-merged index R@100 = 0.9955

Configuration:
  Workload Type: SIFT10M
  Merge Method: CGTM
  Dimension: 128
  Max Elements: 10000000
  Base Vectors: 10000000
  M: 32
  ef_construction: 64
  k: 100
  Query Vectors: 10000
  Iterations: 1
  Rerun: true
loaded query vectors: 10000 vectors of dimension 128
fvecs_read: /ssd_root/dataset/ann_sift1b/gnd/idx_10M.ivecs
loaded ground-truth for 10000 queries, top 100
Merge method: CGTM
Iteration 1/1
time for new layer: 8.930836
[log] layer: 5
[log] layer: 4
[log] layer: 3
[log] layer: 2
[log] layer: 1
[log] Index merge process 200000 / 313382, time 33.954424
[log] layer: 0
[log] Index merge process 200000 / 10000000, time 90.953502
[log] Index merge process 400000 / 10000000, time 110.869439
[log] Index merge process 600000 / 10000000, time 131.019632
[log] Index merge process 800000 / 10000000, time 152.899273
[log] Index merge process 1000000 / 10000000, time 175.844313
[log] Index merge process 1200000 / 10000000, time 200.234331
[log] Index merge process 1400000 / 10000000, time 225.516778
[log] Index merge process 1600000 / 10000000, time 253.531074
[log] Index merge process 1800000 / 10000000, time 291.736445
[log] Index merge process 2000000 / 10000000, time 322.688330
[log] Index merge process 2200000 / 10000000, time 356.893006
[log] Index merge process 2400000 / 10000000, time 395.149472
[log] Index merge process 2600000 / 10000000, time 433.331202
[log] Index merge process 2800000 / 10000000, time 469.460335
[log] Index merge process 3000000 / 10000000, time 502.509845
[log] Index merge process 3200000 / 10000000, time 536.415508
[log] Index merge process 3400000 / 10000000, time 570.936267
[log] Index merge process 3600000 / 10000000, time 606.869819
[log] Index merge process 3800000 / 10000000, time 643.256422
[log] Index merge process 4000000 / 10000000, time 691.078838
[log] Index merge process 4200000 / 10000000, time 740.306507
[log] Index merge process 4400000 / 10000000, time 782.128054
[log] Index merge process 4600000 / 10000000, time 823.611921
[log] Index merge process 4800000 / 10000000, time 865.800646
[log] Index merge process 5000000 / 10000000, time 909.367876
[log] Index merge process 5200000 / 10000000, time 954.973236
[log] Index merge process 5400000 / 10000000, time 1014.848553
[log] Index merge process 5600000 / 10000000, time 1072.257036
[log] Index merge process 5800000 / 10000000, time 1123.301669
[log] Index merge process 6000000 / 10000000, time 1175.289604
[log] Index merge process 6200000 / 10000000, time 1229.502103
[log] Index merge process 6400000 / 10000000, time 1285.648588
[log] Index merge process 6600000 / 10000000, time 1365.486435
[log] Index merge process 6800000 / 10000000, time 1443.122586
[log] Index merge process 7000000 / 10000000, time 1521.561773
[log] Index merge process 7200000 / 10000000, time 1602.718305
[log] Index merge process 7400000 / 10000000, time 1693.917892
[log] Index merge process 7600000 / 10000000, time 1772.216341
[log] Index merge process 7800000 / 10000000, time 1851.900438
[log] Index merge process 8000000 / 10000000, time 1936.491383
[log] Index merge process 8200000 / 10000000, time 2025.748517
[log] Index merge process 8400000 / 10000000, time 2141.771481
[log] Index merge process 8600000 / 10000000, time 2267.442996
[log] Index merge process 8800000 / 10000000, time 2399.404758
[log] Index merge process 9000000 / 10000000, time 2518.792574
[log] Index merge process 9200000 / 10000000, time 2647.428194
[log] Index merge process 9400000 / 10000000, time 2787.545432
[log] Index merge process 9600000 / 10000000, time 2963.868882
[log] Index merge process 9800000 / 10000000, time 3129.668757
[log] Index merge process 10000000 / 10000000, time 3309.729945
Total time for insertion: 3309.760 s
Start searchingset ef = 100
[search time: 4.836 s, pure query time: 4.813 s] ef=100
Intersection-merged index R@100 = 0.8825

set ef = 120
[search time: 5.065 s, pure query time: 5.045 s] ef=120
Intersection-merged index R@100 = 0.9061

set ef = 140
[search time: 5.813 s, pure query time: 5.791 s] ef=140
Intersection-merged index R@100 = 0.9234

set ef = 160
[search time: 6.538 s, pure query time: 6.516 s] ef=160
Intersection-merged index R@100 = 0.9364

set ef = 180
[search time: 7.223 s, pure query time: 7.200 s] ef=180
Intersection-merged index R@100 = 0.9462

set ef = 200
[search time: 7.967 s, pure query time: 7.941 s] ef=200
Intersection-merged index R@100 = 0.9539

set ef = 300
[search time: 11.380 s, pure query time: 11.346 s] ef=300
Intersection-merged index R@100 = 0.9756

set ef = 400
[search time: 14.632 s, pure query time: 14.596 s] ef=400
Intersection-merged index R@100 = 0.9849

set ef = 500
[search time: 17.941 s, pure query time: 17.904 s] ef=500
Intersection-merged index R@100 = 0.9897

set ef = 600
[search time: 21.074 s, pure query time: 21.036 s] ef=600
Intersection-merged index R@100 = 0.9926

set ef = 700
[search time: 24.164 s, pure query time: 24.126 s] ef=700
Intersection-merged index R@100 = 0.9944

set ef = 800
[search time: 27.197 s, pure query time: 27.159 s] ef=800
Intersection-merged index R@100 = 0.9957

[?2004h[01;32mjin467@db4[00m:[01;34m~/github_download/hnswlib/hnswlib[00m$ [K[01;32mjin467@db4[00m:[01;34m~/github_download/hnswlib/hnswlib[00m$ 